c[?7l[2J[0mSeaBIOS (version 1.13.0-1ubuntu1.1)


iPXE (http://ipxe.org) 00:03.0 CA00 PCI2.10 PnP PMM+7FF8C8A0+7FECC8A0 CA00
Press Ctrl-B to configure iPXE (PCI 00:03.0)...                                                                               


Booting from ROM...
c[?7l[2JWrong EFI loader signature.
early console in extract_kernel
input_data: 0x0000000002a4540d
input_len: 0x0000000000988caf
output: 0x0000000001000000
output_len: 0x00000000023898e4
kernel_total_size: 0x0000000002030000
needed_size: 0x0000000002400000
trampoline_32bit: 0x000000000009d000
Physical KASLR using RDTSC...
Virtual KASLR using RDTSC...

Decompressing Linux... Parsing ELF... Performing relocations... done.
Booting the kernel.
[    0.000000] Linux version 5.14.0-rc7-mm1+ (bilal@indy01.cs.purdue.edu) (gcc (Ubuntu 9.3.0-17ubuntu1~20.04) 9.3.0, GNU ld (GNU Binutils for Ubuntu) 2.34) #7 SMP Tue Sep 28 02:43:06 EDT 2021
[    0.000000] Command line: console=ttyS0 root=/dev/sda earlyprintk=serial net.ifnames=0 kernel-modules
[    0.000000] x86/fpu: x87 FPU will use FXSAVE
[    0.000000] signal: max sigframe size: 1440
[    0.000000] BIOS-provided physical RAM map:
[    0.000000] BIOS-e820: [mem 0x0000000000000000-0x000000000009fbff] usable
[    0.000000] BIOS-e820: [mem 0x000000000009fc00-0x000000000009ffff] reserved
[    0.000000] BIOS-e820: [mem 0x00000000000f0000-0x00000000000fffff] reserved
[    0.000000] BIOS-e820: [mem 0x0000000000100000-0x000000007ffdffff] usable
[    0.000000] BIOS-e820: [mem 0x000000007ffe0000-0x000000007fffffff] reserved
[    0.000000] BIOS-e820: [mem 0x00000000feffc000-0x00000000feffffff] reserved
[    0.000000] BIOS-e820: [mem 0x00000000fffc0000-0x00000000ffffffff] reserved
[    0.000000] printk: bootconsole [earlyser0] enabled
[    0.000000] NX (Execute Disable) protection: active
[    0.000000] SMBIOS 2.8 present.
[    0.000000] DMI: QEMU Standard PC (i440FX + PIIX, 1996), BIOS 1.13.0-1ubuntu1.1 04/01/2014
[    0.000000] Hypervisor detected: KVM
[    0.000000] kvm-clock: Using msrs 4b564d01 and 4b564d00
[    0.000000] kvm-clock: cpu 0, msr 59afc001, primary cpu clock
[    0.000001] kvm-clock: using sched offset of 248090775 cycles
[    0.000673] clocksource: kvm-clock: mask: 0xffffffffffffffff max_cycles: 0x1cd42e4dffb, max_idle_ns: 881590591483 ns
[    0.002584] tsc: Detected 2794.710 MHz processor
[    0.003747] last_pfn = 0x7ffe0 max_arch_pfn = 0x400000000
[    0.004429] x86/PAT: Configuration [0-7]: WB  WC  UC- UC  WB  WP  UC- WT  
Memory KASLR using RDTSC...
[    0.007575] found SMP MP-table at [mem 0x000f5c80-0x000f5c8f]
[    0.008337] ACPI: Early table checksum verification disabled
[    0.009016] ACPI: RSDP 0x00000000000F5A70 000014 (v00 BOCHS )
[    0.009716] ACPI: RSDT 0x000000007FFE15C9 000030 (v01 BOCHS  BXPCRSDT 00000001 BXPC 00000001)
[    0.010706] ACPI: FACP 0x000000007FFE149D 000074 (v01 BOCHS  BXPCFACP 00000001 BXPC 00000001)
[    0.011694] ACPI: DSDT 0x000000007FFE0040 00145D (v01 BOCHS  BXPCDSDT 00000001 BXPC 00000001)
[    0.012654] ACPI: FACS 0x000000007FFE0000 000040
[    0.013199] ACPI: APIC 0x000000007FFE1511 000080 (v01 BOCHS  BXPCAPIC 00000001 BXPC 00000001)
[    0.014188] ACPI: HPET 0x000000007FFE1591 000038 (v01 BOCHS  BXPCHPET 00000001 BXPC 00000001)
[    0.015171] ACPI: Reserving FACP table memory at [mem 0x7ffe149d-0x7ffe1510]
[    0.015963] ACPI: Reserving DSDT table memory at [mem 0x7ffe0040-0x7ffe149c]
[    0.016760] ACPI: Reserving FACS table memory at [mem 0x7ffe0000-0x7ffe003f]
[    0.017584] ACPI: Reserving APIC table memory at [mem 0x7ffe1511-0x7ffe1590]
[    0.018410] ACPI: Reserving HPET table memory at [mem 0x7ffe1591-0x7ffe15c8]
[    0.019533] No NUMA configuration found
[    0.019981] Faking a node at [mem 0x0000000000000000-0x000000007ffdffff]
[    0.020769] NODE_DATA(0) allocated [mem 0x7ffdc000-0x7ffdffff]
[    0.021460] Zone ranges:
[    0.021744]   DMA      [mem 0x0000000000001000-0x0000000000ffffff]
[    0.022465]   DMA32    [mem 0x0000000001000000-0x000000007ffdffff]
[    0.023212]   Normal   empty
[    0.023545] Movable zone start for each node
[    0.024047] Early memory node ranges
[    0.024467]   node   0: [mem 0x0000000000001000-0x000000000009efff]
[    0.025218]   node   0: [mem 0x0000000000100000-0x000000007ffdffff]
[    0.025937] Initmem setup node 0 [mem 0x0000000000001000-0x000000007ffdffff]
[    0.026997] On node 0, zone DMA: 1 pages in unavailable ranges
[    0.027016] On node 0, zone DMA: 97 pages in unavailable ranges
[    0.034048] On node 0, zone DMA32: 32 pages in unavailable ranges
[    0.035122] ACPI: PM-Timer IO Port: 0x608
[    0.036299] ACPI: LAPIC_NMI (acpi_id[0xff] dfl dfl lint[0x1])
[    0.036993] IOAPIC[0]: apic_id 0, version 17, address 0xfec00000, GSI 0-23
[    0.037782] ACPI: INT_SRC_OVR (bus 0 bus_irq 0 global_irq 2 dfl dfl)
[    0.038522] ACPI: INT_SRC_OVR (bus 0 bus_irq 5 global_irq 5 high level)
[    0.039279] ACPI: INT_SRC_OVR (bus 0 bus_irq 9 global_irq 9 high level)
[    0.040032] ACPI: INT_SRC_OVR (bus 0 bus_irq 10 global_irq 10 high level)
[    0.040833] ACPI: INT_SRC_OVR (bus 0 bus_irq 11 global_irq 11 high level)
[    0.041636] ACPI: Using ACPI (MADT) for SMP configuration information
[    0.042378] ACPI: HPET id: 0x8086a201 base: 0xfed00000
[    0.042977] smpboot: Allowing 2 CPUs, 0 hotplug CPUs
[    0.043607] [mem 0x80000000-0xfeffbfff] available for PCI devices
[    0.044326] Booting paravirtualized kernel on KVM
[    0.044858] clocksource: refined-jiffies: mask: 0xffffffff max_cycles: 0xffffffff, max_idle_ns: 1910969940391419 ns
[    0.050908] setup_percpu: NR_CPUS:64 nr_cpumask_bits:64 nr_cpu_ids:2 nr_node_ids:1
[    0.052150] percpu: Embedded 48 pages/cpu s158168 r8192 d30248 u1048576
[    0.052957] kvm-guest: stealtime: cpu 0, msr 7dc17140
[    0.053571] Built 1 zonelists, mobility grouping on.  Total pages: 515808
[    0.054397] Policy zone: DMA32
[    0.054753] Kernel command line: console=ttyS0 root=/dev/sda earlyprintk=serial net.ifnames=0 kernel-modules
[    0.056021] Unknown command line parameters: kernel-modules
[    0.057170] Dentry cache hash table entries: 262144 (order: 9, 2097152 bytes, linear)
[    0.058197] Inode-cache hash table entries: 131072 (order: 8, 1048576 bytes, linear)
[    0.059140] mem auto-init: stack:off, heap alloc:off, heap free:off
[    0.064098] Memory: 2026616K/2096632K available (16400K kernel code, 2691K rwdata, 3808K rodata, 1376K init, 1148K bss, 69756K reserved, 0K cma-reserved)
[    0.065796] SLUB: HWalign=64, Order=0-3, MinObjects=0, CPUs=2, Nodes=1
[    0.067086] rcu: Hierarchical RCU implementation.
[    0.067664] rcu: 	RCU event tracing is enabled.
[    0.068213] rcu: 	RCU restricting CPUs from NR_CPUS=64 to nr_cpu_ids=2.
[    0.068996] rcu: RCU calculated value of scheduler-enlistment delay is 100 jiffies.
[    0.069906] rcu: Adjusting geometry for rcu_fanout_leaf=16, nr_cpu_ids=2
[    0.071629] NR_IRQS: 4352, nr_irqs: 440, preallocated irqs: 16
[    0.072495] random: get_random_bytes called from start_kernel+0x4cf/0x698 with crng_init=0
[    0.076801] Console: colour VGA+ 80x25
[    0.078256] printk: console [ttyS0] enabled
[    0.078256] printk: console [ttyS0] enabled
[    0.079293] printk: bootconsole [earlyser0] disabled
[    0.079293] printk: bootconsole [earlyser0] disabled
[    0.080493] ACPI: Core revision 20210730
[    0.081072] clocksource: hpet: mask: 0xffffffff max_cycles: 0xffffffff, max_idle_ns: 19112604467 ns
[    0.082277] APIC: Switch to symmetric I/O mode setup
[    0.083713] ..TIMER: vector=0x30 apic1=0 pin1=2 apic2=-1 pin2=-1
[    0.084477] tsc: Marking TSC unstable due to TSCs unsynchronized
[    0.085169] Calibrating delay loop (skipped) preset value.. 5589.42 BogoMIPS (lpj=2794710)
[    0.086166] pid_max: default: 32768 minimum: 301
[    0.087178] LSM: Security Framework initializing
[    0.088171] SELinux:  Initializing.
[    0.088601] Mount-cache hash table entries: 4096 (order: 3, 32768 bytes, linear)
[    0.089168] Mountpoint-cache hash table entries: 4096 (order: 3, 32768 bytes, linear)
Poking KASLR using RDTSC...
[    0.090694] Last level iTLB entries: 4KB 0, 2MB 0, 4MB 0
[    0.091167] Last level dTLB entries: 4KB 0, 2MB 0, 4MB 0, 1GB 0
[    0.092168] Spectre V1 : Mitigation: usercopy/swapgs barriers and __user pointer sanitization
[    0.093166] Spectre V2 : Mitigation: Full AMD retpoline
[    0.093764] Spectre V2 : Spectre v2 / SpectreRSB mitigation: Filling RSB on context switch
[    0.094165] Speculative Store Bypass: Vulnerable
[    0.097594] Freeing SMP alternatives memory: 44K
[    0.200253] smpboot: CPU0: AMD QEMU Virtual CPU version 2.5+ (family: 0x6, model: 0x6, stepping: 0x3)
[    0.201267] Performance Events: AMD PMU driver.
[    0.201827] ... version:                0
[    0.202165] ... bit width:              48
[    0.202641] ... generic registers:      4
[    0.203165] ... value mask:             0000ffffffffffff
[    0.203821] ... max period:             00007fffffffffff
[    0.204165] ... fixed-purpose events:   0
[    0.205165] ... event mask:             000000000000000f
[    0.205850] rcu: Hierarchical SRCU implementation.
[    0.206536] smp: Bringing up secondary CPUs ...
[    0.208182] x86: Booting SMP configuration:
[    0.209165] .... node  #0, CPUs:      #1
[    0.012686] kvm-clock: cpu 1, msr 59afc041, secondary cpu clock
[    0.221386] kvm-guest: stealtime: cpu 1, msr 7dd17140
[    0.222190] smp: Brought up 1 node, 2 CPUs
[    0.223168] smpboot: Max logical packages: 2
[    0.224165] smpboot: Total of 2 processors activated (11178.84 BogoMIPS)
[    0.225250] devtmpfs: initialized
[    0.225684] clocksource: jiffies: mask: 0xffffffff max_cycles: 0xffffffff, max_idle_ns: 1911260446275000 ns
[    0.226169] futex hash table entries: 512 (order: 3, 32768 bytes, linear)
[    0.227264] PM: RTC time: 03:58:36, date: 2021-09-29
[    0.228250] NET: Registered PF_NETLINK/PF_ROUTE protocol family
[    0.229234] audit: initializing netlink subsys (disabled)
[    0.229850] audit: type=2000 audit(1632887917.215:1): state=initialized audit_enabled=0 res=1
[    0.229850] thermal_sys: Registered thermal governor 'step_wise'
[    0.230166] thermal_sys: Registered thermal governor 'user_space'
[    0.231166] cpuidle: using governor menu
[    0.232284] ACPI: bus type PCI registered
[    0.232826] PCI: Using configuration type 1 for base access
[    0.235842] Kprobes globally optimized
[    0.236210] HugeTLB registered 2.00 MiB page size, pre-allocated 0 pages
[    0.237211] cryptomgr_test (26) used greatest stack depth: 15728 bytes left
[    0.238910] cryptomgr_test (27) used greatest stack depth: 15672 bytes left
[    0.239235] ACPI: PRMT not present
[    0.240180] ACPI: Added _OSI(Module Device)
[    0.241167] ACPI: Added _OSI(Processor Device)
[    0.241962] ACPI: Added _OSI(3.0 _SCP Extensions)
[    0.242167] ACPI: Added _OSI(Processor Aggregator Device)
[    0.243168] ACPI: Added _OSI(Linux-Dell-Video)
[    0.244170] ACPI: Added _OSI(Linux-Lenovo-NV-HDMI-Audio)
[    0.245167] ACPI: Added _OSI(Linux-HPI-Hybrid-Graphics)
[    0.246656] ACPI: 1 ACPI AML tables successfully acquired and loaded
[    0.247867] ACPI: Interpreter enabled
[    0.248194] ACPI: PM: (supports S0 S3 S5)
[    0.249169] ACPI: Using IOAPIC for interrupt routing
[    0.250183] PCI: Using host bridge windows from ACPI; if necessary, use "pci=nocrs" and report a bug
[    0.251252] ACPI: Enabled 2 GPEs in block 00 to 0F
[    0.255259] ACPI: PCI Root Bridge [PCI0] (domain 0000 [bus 00-ff])
[    0.256171] acpi PNP0A03:00: _OSC: OS supports [ASPM ClockPM Segments MSI HPX-Type3]
[    0.257176] acpi PNP0A03:00: fail to add MMCONFIG information, can't access extended PCI configuration space under this bridge.
[    0.259204] PCI host bridge to bus 0000:00
[    0.259871] pci_bus 0000:00: root bus resource [io  0x0000-0x0cf7 window]
[    0.260167] pci_bus 0000:00: root bus resource [io  0x0d00-0xffff window]
[    0.261167] pci_bus 0000:00: root bus resource [mem 0x000a0000-0x000bffff window]
[    0.262167] pci_bus 0000:00: root bus resource [mem 0x80000000-0xfebfffff window]
[    0.263167] pci_bus 0000:00: root bus resource [mem 0x100000000-0x17fffffff window]
[    0.264167] pci_bus 0000:00: root bus resource [bus 00-ff]
[    0.265214] pci 0000:00:00.0: [8086:1237] type 00 class 0x060000
[    0.266672] pci 0000:00:01.0: [8086:7000] type 00 class 0x060100
[    0.268508] pci 0000:00:01.1: [8086:7010] type 00 class 0x010180
[    0.271380] pci 0000:00:01.1: reg 0x20: [io  0xc040-0xc04f]
[    0.272978] pci 0000:00:01.1: legacy IDE quirk: reg 0x10: [io  0x01f0-0x01f7]
[    0.273167] pci 0000:00:01.1: legacy IDE quirk: reg 0x14: [io  0x03f6]
[    0.274167] pci 0000:00:01.1: legacy IDE quirk: reg 0x18: [io  0x0170-0x0177]
[    0.275167] pci 0000:00:01.1: legacy IDE quirk: reg 0x1c: [io  0x0376]
[    0.276382] pci 0000:00:01.3: [8086:7113] type 00 class 0x068000
[    0.278179] pci 0000:00:01.3: quirk: [io  0x0600-0x063f] claimed by PIIX4 ACPI
[    0.279175] pci 0000:00:01.3: quirk: [io  0x0700-0x070f] claimed by PIIX4 SMB
[    0.280377] pci 0000:00:02.0: [1234:1111] type 00 class 0x030000
[    0.281508] pci 0000:00:02.0: reg 0x10: [mem 0xfd000000-0xfdffffff pref]
[    0.283415] pci 0000:00:02.0: reg 0x18: [mem 0xfebb0000-0xfebb0fff]
[    0.286166] pci 0000:00:02.0: reg 0x30: [mem 0xfeba0000-0xfebaffff pref]
[    0.287261] pci 0000:00:03.0: [8086:100e] type 00 class 0x020000
[    0.288345] pci 0000:00:03.0: reg 0x10: [mem 0xfeb80000-0xfeb9ffff]
[    0.289380] pci 0000:00:03.0: reg 0x14: [io  0xc000-0xc03f]
[    0.292713] pci 0000:00:03.0: reg 0x30: [mem 0xfeb00000-0xfeb7ffff pref]
[    0.293715] ACPI: PCI: Interrupt link LNKA configured for IRQ 10
[    0.294230] ACPI: PCI: Interrupt link LNKB configured for IRQ 10
[    0.295225] ACPI: PCI: Interrupt link LNKC configured for IRQ 11
[    0.296223] ACPI: PCI: Interrupt link LNKD configured for IRQ 11
[    0.297197] ACPI: PCI: Interrupt link LNKS configured for IRQ 9
[    0.298001] iommu: Default domain type: Translated 
[    0.298165] iommu: DMA domain TLB invalidation policy: lazy mode 
[    0.299187] pci 0000:00:02.0: vgaarb: setting as boot VGA device
[    0.299836] pci 0000:00:02.0: vgaarb: VGA device added: decodes=io+mem,owns=io+mem,locks=none
[    0.300167] pci 0000:00:02.0: vgaarb: bridge control possible
[    0.301165] vgaarb: loaded
[    0.301522] SCSI subsystem initialized
[    0.302203] ACPI: bus type USB registered
[    0.302653] usbcore: registered new interface driver usbfs
[    0.303179] usbcore: registered new interface driver hub
[    0.304170] usbcore: registered new device driver usb
[    0.304728] pps_core: LinuxPPS API ver. 1 registered
[    0.305165] pps_core: Software ver. 5.3.6 - Copyright 2005-2007 Rodolfo Giometti <giometti@linux.it>
[    0.306167] PTP clock support registered
[    0.306634] Advanced Linux Sound Architecture Driver Initialized.
[    0.307255] NetLabel: Initializing
[    0.307636] NetLabel:  domain hash size = 128
[    0.308166] NetLabel:  protocols = UNLABELED CIPSOv4 CALIPSO
[    0.308805] NetLabel:  unlabeled traffic allowed by default
[    0.309183] PCI: Using ACPI for IRQ routing
[    0.310301] hpet: 3 channels of 0 reserved for per-cpu timers
[    0.310950] hpet0: at MMIO 0xfed00000, IRQs 2, 8, 0
[    0.311165] hpet0: 3 comparators, 64-bit 100.000000 MHz counter
[    0.316193] clocksource: Switched to clocksource kvm-clock
[    0.418562] VFS: Disk quotas dquot_6.6.0
[    0.419061] VFS: Dquot-cache hash table entries: 512 (order 0, 4096 bytes)
[    0.419864] pnp: PnP ACPI init
[    0.420506] pnp: PnP ACPI: found 6 devices
[    0.428323] clocksource: acpi_pm: mask: 0xffffff max_cycles: 0xffffff, max_idle_ns: 2085701024 ns
[    0.429312] NET: Registered PF_INET protocol family
[    0.429891] IP idents hash table entries: 32768 (order: 6, 262144 bytes, linear)
[    0.430939] tcp_listen_portaddr_hash hash table entries: 1024 (order: 2, 16384 bytes, linear)
[    0.431880] TCP established hash table entries: 16384 (order: 5, 131072 bytes, linear)
[    0.432761] TCP bind hash table entries: 16384 (order: 6, 262144 bytes, linear)
[    0.444408] TCP: Hash tables configured (established 16384 bind 16384)
[    0.445218] UDP hash table entries: 1024 (order: 3, 32768 bytes, linear)
[    0.445972] UDP-Lite hash table entries: 1024 (order: 3, 32768 bytes, linear)
[    0.446796] NET: Registered PF_UNIX/PF_LOCAL protocol family
[    0.447592] RPC: Registered named UNIX socket transport module.
[    0.448259] RPC: Registered udp transport module.
[    0.448780] RPC: Registered tcp transport module.
[    0.449302] RPC: Registered tcp NFSv4.1 backchannel transport module.
[    0.450194] pci_bus 0000:00: resource 4 [io  0x0000-0x0cf7 window]
[    0.450877] pci_bus 0000:00: resource 5 [io  0x0d00-0xffff window]
[    0.451554] pci_bus 0000:00: resource 6 [mem 0x000a0000-0x000bffff window]
[    0.452311] pci_bus 0000:00: resource 7 [mem 0x80000000-0xfebfffff window]
[    0.453056] pci_bus 0000:00: resource 8 [mem 0x100000000-0x17fffffff window]
[    0.453880] pci 0000:00:01.0: PIIX3: Enabling Passive Release
[    0.454536] pci 0000:00:00.0: Limiting direct PCI/PCI transfers
[    0.455189] pci 0000:00:01.0: Activating ISA DMA hang workarounds
[    0.455897] pci 0000:00:02.0: Video device with shadowed ROM at [mem 0x000c0000-0x000dffff]
[    0.456811] PCI: CLS 0 bytes, default 64
[    0.458250] kvm: Nested Virtualization enabled
[    0.458737] SVM: kvm: Nested Paging disabled
[    0.465576] Initialise system trusted keyrings
[    0.466129] workingset: timestamp_bits=56 max_order=19 bucket_order=0
[    0.467635] NFS: Registering the id_resolver key type
[    0.468205] Key type id_resolver registered
[    0.468669] Key type id_legacy registered
[    0.469148] 9p: Installing v9fs 9p2000 file system support
[    0.473010] Key type asymmetric registered
[    0.473477] Asymmetric key parser 'x509' registered
[    0.474013] Block layer SCSI generic (bsg) driver version 0.4 loaded (major 251)
[    0.474823] io scheduler mq-deadline registered
[    0.475327] io scheduler kyber registered
[    0.475885] input: Power Button as /devices/LNXSYSTM:00/LNXPWRBN:00/input/input0
[    0.476736] ACPI: button: Power Button [PWRF]
[    0.477421] Serial: 8250/16550 driver, 4 ports, IRQ sharing enabled
[    0.478224] 00:05: ttyS0 at I/O 0x3f8 (irq = 4, base_baud = 115200) is a 16550A
[    0.479417] Non-volatile memory driver v1.3
[    0.479910] Linux agpgart interface v0.103
[    0.482602] loop: module loaded
[    0.483538] scsi host0: ata_piix
[    0.484023] scsi host1: ata_piix
[    0.484406] ata1: PATA max MWDMA2 cmd 0x1f0 ctl 0x3f6 bmdma 0xc040 irq 14
[    0.485137] ata2: PATA max MWDMA2 cmd 0x170 ctl 0x376 bmdma 0xc048 irq 15
[    0.485980] libphy: Fixed MDIO Bus: probed
[    0.486582] e100: Intel(R) PRO/100 Network Driver
[    0.487099] e100: Copyright(c) 1999-2006 Intel Corporation
[    0.487706] e1000: Intel(R) PRO/1000 Network Driver
[    0.488244] e1000: Copyright (c) 1999-2006 Intel Corporation.
[    0.497633] ACPI: \_SB_.LNKC: Enabled at IRQ 11
[    0.645063] ata1.00: ATA-7: QEMU HARDDISK, 2.5+, max UDMA/100
[    0.645864] ata1.00: 4194304 sectors, multi 16: LBA48 
[    0.646995] ata2.00: ATAPI: QEMU DVD-ROM, 2.5+, max UDMA/100
[    0.648498] scsi 0:0:0:0: Direct-Access     ATA      QEMU HARDDISK    2.5+ PQ: 0 ANSI: 5
[    0.649703] scsi 0:0:0:0: Attached scsi generic sg0 type 0
[    0.650685] scsi 1:0:0:0: CD-ROM            QEMU     QEMU DVD-ROM     2.5+ PQ: 0 ANSI: 5
[    0.652486] sd 0:0:0:0: [sda] 4194304 512-byte logical blocks: (2.15 GB/2.00 GiB)
[    0.653455] sd 0:0:0:0: [sda] Write Protect is off
[    0.654121] sd 0:0:0:0: [sda] Write cache: enabled, read cache: enabled, doesn't support DPO or FUA
[    0.657463] sd 0:0:0:0: [sda] Attached SCSI disk
[    0.671559] sr 1:0:0:0: [sr0] scsi3-mmc drive: 4x/4x cd/rw xa/form2 tray
[    0.672468] cdrom: Uniform CD-ROM driver Revision: 3.20
[    0.770716] sr 1:0:0:0: Attached scsi generic sg1 type 5
[    0.797199] e1000 0000:00:03.0 eth0: (PCI:33MHz:32-bit) 52:54:00:12:34:56
[    0.797958] e1000 0000:00:03.0 eth0: Intel(R) PRO/1000 Network Connection
[    0.798744] e1000e: Intel(R) PRO/1000 Network Driver
[    0.799309] e1000e: Copyright(c) 1999 - 2015 Intel Corporation.
[    0.799966] sky2: driver version 1.30
[    0.800479] ehci_hcd: USB 2.0 'Enhanced' Host Controller (EHCI) Driver
[    0.801212] ehci-pci: EHCI PCI platform driver
[    0.801716] ohci_hcd: USB 1.1 'Open' Host Controller (OHCI) Driver
[    0.802393] ohci-pci: OHCI PCI platform driver
[    0.802880] uhci_hcd: USB Universal Host Controller Interface driver
[    0.803598] usbcore: registered new interface driver usblp
[    0.804213] usbcore: registered new interface driver usb-storage
[    0.804889] i8042: PNP: PS/2 Controller [PNP0303:KBD,PNP0f13:MOU] at 0x60,0x64 irq 1,12
[    0.806361] serio: i8042 KBD port at 0x60,0x64 irq 1
[    0.806949] serio: i8042 AUX port at 0x60,0x64 irq 12
[    0.807707] rtc_cmos 00:00: RTC can wake from S4
[    0.808651] input: AT Translated Set 2 keyboard as /devices/platform/i8042/serio0/input/input1
[    0.812129] rtc_cmos 00:00: registered as rtc0
[    0.812636] rtc_cmos 00:00: alarms up to one day, y3k, 114 bytes nvram, hpet irqs
[    0.813609] device-mapper: ioctl: 4.45.0-ioctl (2021-03-22) initialised: dm-devel@redhat.com
[    0.814562] hid: raw HID events driver (C) Jiri Kosina
[    0.815224] usbcore: registered new interface driver usbhid
[    0.815842] usbhid: USB HID core driver
[    0.816511] Initializing XFRM netlink socket
[    0.817041] NET: Registered PF_INET6 protocol family
[    0.817791] Segment Routing with IPv6
[    0.818220] In-situ OAM (IOAM) with IPv6
[    0.818679] sit: IPv6, IPv4 and MPLS over IPv4 tunneling driver
[    0.819406] NET: Registered PF_PACKET protocol family
[    0.819996] 9pnet: Installing 9P2000 support
[    0.820477] Key type dns_resolver registered
[    0.821096] IPI shorthand broadcast: enabled
[    0.821601] sched_clock: Marking stable (809895109, 11686919)->(826993517, -5411489)
[    0.822553] registered taskstats version 1
[    0.823010] Loading compiled-in X.509 certificates
[    0.823721] PM:   Magic number: 5:955:968
[    0.824271] printk: console [netcon0] enabled
[    0.824758] netconsole: network logging started
[    0.825336] cfg80211: Loading compiled-in X.509 certificates for regulatory database
[    0.826299] kworker/u4:1 (71) used greatest stack depth: 14776 bytes left
[    0.827282] cfg80211: Loaded X.509 cert 'sforshee: 00b28ddf47aef9cea7'
[    0.827988] ALSA device list:
[    0.828335]   No soundcards found.
[    0.828926] platform regulatory.0: Direct firmware load for regulatory.db failed with error -2
[    0.829902] cfg80211: failed to load regulatory.db
[    1.428929] input: ImExPS/2 Generic Explorer Mouse as /devices/platform/i8042/serio1/input/input3
[    1.430176] md: Waiting for all devices to be available before autodetect
[    1.431027] md: If you don't use raid, use raid=noautodetect
[    1.431755] md: Autodetecting RAID arrays.
[    1.432248] md: autorun ...
[    1.432594] md: ... autorun DONE.
[    1.435496] EXT4-fs (sda): INFO: recovery required on readonly filesystem
[    1.436375] EXT4-fs (sda): write access will be enabled during recovery
[    1.438386] random: fast init done
[    1.453314] EXT4-fs (sda): recovery complete
[    1.454626] EXT4-fs (sda): mounted filesystem with ordered data mode. Opts: (null). Quota mode: none.
[    1.455784] VFS: Mounted root (ext4 filesystem) readonly on device 8:0.
[    1.456752] devtmpfs: mounted
[    1.457327] Freeing unused kernel image (initmem) memory: 1376K
[    1.458048] Write protecting the kernel read-only data: 22528k
[    1.459106] Freeing unused kernel image (text/rodata gap) memory: 2028K
[    1.460026] Freeing unused kernel image (rodata/data gap) memory: 288K
[    1.460832] Run /sbin/init as init process
[    1.509996] SELinux:  Permission getrlimit in class process not defined in policy.
[    1.510964] SELinux:  Class process2 not defined in policy.
[    1.511672] SELinux:  Permission watch in class filesystem not defined in policy.
[    1.512619] SELinux:  Permission map in class file not defined in policy.
[    1.513507] SELinux:  Permission watch in class file not defined in policy.
[    1.514384] SELinux:  Permission watch_mount in class file not defined in policy.
[    1.515334] SELinux:  Permission watch_sb in class file not defined in policy.
[    1.516238] SELinux:  Permission watch_with_perm in class file not defined in policy.
[    1.517235] SELinux:  Permission watch_reads in class file not defined in policy.
[    1.518182] SELinux:  Permission map in class dir not defined in policy.
[    1.519011] SELinux:  Permission watch in class dir not defined in policy.
[    1.519878] SELinux:  Permission watch_mount in class dir not defined in policy.
[    1.520824] SELinux:  Permission watch_sb in class dir not defined in policy.
[    1.521728] SELinux:  Permission watch_with_perm in class dir not defined in policy.
[    1.522708] SELinux:  Permission watch_reads in class dir not defined in policy.
[    1.523642] SELinux:  Permission map in class lnk_file not defined in policy.
[    1.524541] SELinux:  Permission watch in class lnk_file not defined in policy.
[    1.525457] SELinux:  Permission watch_mount in class lnk_file not defined in policy.
[    1.526410] SELinux:  Permission watch_sb in class lnk_file not defined in policy.
[    1.527382] SELinux:  Permission watch_with_perm in class lnk_file not defined in policy.
[    1.528431] SELinux:  Permission watch_reads in class lnk_file not defined in policy.
[    1.529409] SELinux:  Permission map in class chr_file not defined in policy.
[    1.530275] SELinux:  Permission watch in class chr_file not defined in policy.
[    1.531197] SELinux:  Permission watch_mount in class chr_file not defined in policy.
[    1.532191] SELinux:  Permission watch_sb in class chr_file not defined in policy.
[    1.533154] SELinux:  Permission watch_with_perm in class chr_file not defined in policy.
[    1.534145] SELinux:  Permission watch_reads in class chr_file not defined in policy.
[    1.535124] SELinux:  Permission map in class blk_file not defined in policy.
[    1.536023] SELinux:  Permission watch in class blk_file not defined in policy.
[    1.536946] SELinux:  Permission watch_mount in class blk_file not defined in policy.
[    1.537942] SELinux:  Permission watch_sb in class blk_file not defined in policy.
[    1.538896] SELinux:  Permission watch_with_perm in class blk_file not defined in policy.
[    1.539924] SELinux:  Permission watch_reads in class blk_file not defined in policy.
[    1.540925] SELinux:  Permission map in class sock_file not defined in policy.
[    1.541843] SELinux:  Permission watch in class sock_file not defined in policy.
[    1.542798] SELinux:  Permission watch_mount in class sock_file not defined in policy.
[    1.543790] SELinux:  Permission watch_sb in class sock_file not defined in policy.
[    1.544745] SELinux:  Permission watch_with_perm in class sock_file not defined in policy.
[    1.545782] SELinux:  Permission watch_reads in class sock_file not defined in policy.
[    1.546777] SELinux:  Permission map in class fifo_file not defined in policy.
[    1.547682] SELinux:  Permission watch in class fifo_file not defined in policy.
[    1.548590] SELinux:  Permission watch_mount in class fifo_file not defined in policy.
[    1.549582] SELinux:  Permission watch_sb in class fifo_file not defined in policy.
[    1.550550] SELinux:  Permission watch_with_perm in class fifo_file not defined in policy.
[    1.551597] SELinux:  Permission watch_reads in class fifo_file not defined in policy.
[    1.552597] SELinux:  Permission map in class socket not defined in policy.
[    1.553494] SELinux:  Permission map in class tcp_socket not defined in policy.
[    1.554409] SELinux:  Permission map in class udp_socket not defined in policy.
[    1.555332] SELinux:  Permission map in class rawip_socket not defined in policy.
[    1.556260] SELinux:  Permission map in class netlink_socket not defined in policy.
[    1.557242] SELinux:  Permission map in class packet_socket not defined in policy.
[    1.558198] SELinux:  Permission map in class key_socket not defined in policy.
[    1.559102] SELinux:  Permission map in class unix_stream_socket not defined in policy.
[    1.560102] SELinux:  Permission map in class unix_dgram_socket not defined in policy.
[    1.561104] SELinux:  Permission map in class netlink_route_socket not defined in policy.
[    1.562129] SELinux:  Permission map in class netlink_tcpdiag_socket not defined in policy.
[    1.563190] SELinux:  Permission map in class netlink_nflog_socket not defined in policy.
[    1.564232] SELinux:  Permission map in class netlink_xfrm_socket not defined in policy.
[    1.565230] SELinux:  Permission map in class netlink_selinux_socket not defined in policy.
[    1.566254] SELinux:  Permission map in class netlink_iscsi_socket not defined in policy.
[    1.567250] SELinux:  Permission map in class netlink_audit_socket not defined in policy.
[    1.568277] SELinux:  Permission map in class netlink_fib_lookup_socket not defined in policy.
[    1.569344] SELinux:  Permission map in class netlink_connector_socket not defined in policy.
[    1.570422] SELinux:  Permission map in class netlink_netfilter_socket not defined in policy.
[    1.571481] SELinux:  Permission map in class netlink_dnrt_socket not defined in policy.
[    1.572514] SELinux:  Permission map in class netlink_kobject_uevent_socket not defined in policy.
[    1.573696] SELinux:  Permission map in class netlink_generic_socket not defined in policy.
[    1.574747] SELinux:  Permission map in class netlink_scsitransport_socket not defined in policy.
[    1.575871] SELinux:  Permission map in class netlink_rdma_socket not defined in policy.
[    1.576886] SELinux:  Permission map in class netlink_crypto_socket not defined in policy.
[    1.577948] SELinux:  Permission map in class appletalk_socket not defined in policy.
[    1.578904] SELinux:  Permission map in class dccp_socket not defined in policy.
[    1.579838] SELinux:  Permission perfmon in class capability2 not defined in policy.
[    1.580813] SELinux:  Permission bpf in class capability2 not defined in policy.
[    1.581744] SELinux:  Permission checkpoint_restore in class capability2 not defined in policy.
[    1.582850] SELinux:  Permission map in class tun_socket not defined in policy.
[    1.583751] SELinux:  Permission perfmon in class cap2_userns not defined in policy.
[    1.584736] SELinux:  Permission bpf in class cap2_userns not defined in policy.
[    1.585674] SELinux:  Permission checkpoint_restore in class cap2_userns not defined in policy.
[    1.586760] SELinux:  Class sctp_socket not defined in policy.
[    1.587502] SELinux:  Class icmp_socket not defined in policy.
[    1.588242] SELinux:  Class ax25_socket not defined in policy.
[    1.588997] SELinux:  Class ipx_socket not defined in policy.
[    1.589734] SELinux:  Class netrom_socket not defined in policy.
[    1.590489] SELinux:  Class atmpvc_socket not defined in policy.
[    1.591257] SELinux:  Class x25_socket not defined in policy.
[    1.591984] SELinux:  Class rose_socket not defined in policy.
[    1.592715] SELinux:  Class decnet_socket not defined in policy.
[    1.593457] SELinux:  Class atmsvc_socket not defined in policy.
[    1.594212] SELinux:  Class rds_socket not defined in policy.
[    1.594928] SELinux:  Class irda_socket not defined in policy.
[    1.595674] SELinux:  Class pppox_socket not defined in policy.
[    1.596402] SELinux:  Class llc_socket not defined in policy.
[    1.597114] SELinux:  Class can_socket not defined in policy.
[    1.597883] SELinux:  Class tipc_socket not defined in policy.
[    1.598616] SELinux:  Class bluetooth_socket not defined in policy.
[    1.599392] SELinux:  Class iucv_socket not defined in policy.
[    1.600140] SELinux:  Class rxrpc_socket not defined in policy.
[    1.600879] SELinux:  Class isdn_socket not defined in policy.
[    1.601617] SELinux:  Class phonet_socket not defined in policy.
[    1.602363] SELinux:  Class ieee802154_socket not defined in policy.
[    1.603174] SELinux:  Class caif_socket not defined in policy.
[    1.603919] SELinux:  Class alg_socket not defined in policy.
[    1.604650] SELinux:  Class nfc_socket not defined in policy.
[    1.605358] SELinux:  Class vsock_socket not defined in policy.
[    1.606123] SELinux:  Class kcm_socket not defined in policy.
[    1.606851] SELinux:  Class qipcrtr_socket not defined in policy.
[    1.607605] SELinux:  Class smc_socket not defined in policy.
[    1.608337] SELinux:  Class infiniband_pkey not defined in policy.
[    1.609086] SELinux:  Class infiniband_endport not defined in policy.
[    1.609903] SELinux:  Class bpf not defined in policy.
[    1.610560] SELinux:  Class xdp_socket not defined in policy.
[    1.611289] SELinux:  Class mctp_socket not defined in policy.
[    1.612039] SELinux:  Class perf_event not defined in policy.
[    1.612783] SELinux:  Class lockdown not defined in policy.
[    1.613483] SELinux:  Class anon_inode not defined in policy.
[    1.614198] SELinux: the above unknown classes and permissions will be allowed
[    1.617263] SELinux:  policy capability network_peer_controls=1
[    1.618016] SELinux:  policy capability open_perms=1
[    1.618652] SELinux:  policy capability extended_socket_class=0
[    1.619405] SELinux:  policy capability always_check_network=0
[    1.620139] SELinux:  policy capability cgroup_seclabel=0
[    1.620835] SELinux:  policy capability nnp_nosuid_transition=0
[    1.621593] SELinux:  policy capability genfs_seclabel_symlinks=0
[    1.637210] audit: type=1403 audit(1632887918.623:2): auid=4294967295 ses=4294967295 lsm=selinux res=1
[    1.638097] systemd[1]: Successfully loaded SELinux policy in 145.947ms.
[    1.643822] audit: type=1400 audit(1632887918.629:3): avc:  denied  { associate } for  pid=1 comm="systemd" name="pts" scontext=system_u:object_r:devpts_t:s0 tcontext=system_u:object_r:device_t:s0 tclass=filesystem permissive=1
[    1.646703] systemd[1]: Relabelled /dev and /run in 2.420ms.
[    1.648817] random: systemd: uninitialized urandom read (16 bytes read)
[    1.659254] systemd[1]: systemd 232 running in system mode. (+PAM +AUDIT +SELINUX +IMA +APPARMOR +SMACK +SYSVINIT +UTMP +LIBCRYPTSETUP +GCRYPT +GNUTLS +ACL +XZ +LZ4 +SECCOMP +BLKID +ELFUTILS +KMOD +IDN)
[    1.661522] systemd[1]: Detected virtualization qemu.
[    1.662198] systemd[1]: Detected architecture x86-64.

Welcome to [1mDebian GNU/Linux 9 (stretch)[0m!

[    1.663869] systemd[1]: Set hostname to <syzkaller>.
[    1.666670] random: systemd: uninitialized urandom read (16 bytes read)
[    1.668035] random: systemd: uninitialized urandom read (16 bytes read)
[    1.668569] systemd-gpt-aut (79) used greatest stack depth: 14160 bytes left
[    1.671713] systemd-hiberna (84) used greatest stack depth: 14152 bytes left
[    1.681071] systemd-sysv-ge (80) used greatest stack depth: 13968 bytes left
[    1.682278] grep (90) used greatest stack depth: 13896 bytes left
[    1.682953] selinux-autorel (85) used greatest stack depth: 13472 bytes left
[    1.708817] systemd[1]: Listening on /dev/initctl Compatibility Named Pipe.
[[0;32m  OK  [0m] Listening on /dev/initctl Compatibility Named Pipe.
[    1.710642] systemd[1]: Started Dispatch Password Requests to Console Directory Watch.
[[0;32m  OK  [0m] Started Dispatch Password Requests to Console Directory Watch.
[    1.712528] systemd[1]: Created slice System Slice.
[[0;32m  OK  [0m] Created slice System Slice.
[    1.713682] systemd[1]: Reached target Remote File Systems.
[[0;32m  OK  [0m] Reached target Remote File Systems.
[    1.715042] systemd[1]: Created slice system-serial\x2dgetty.slice.
[[0;32m  OK  [0m] Created slice system-serial\x2dgetty.slice.
[    1.716924] systemd[1]: Listening on Journal Audit Socket.
[    1.716935] audit: type=1400 audit(1632887918.702:4): avc:  denied  { audit_read } for  pid=1 comm="systemd" capability=37  scontext=system_u:system_r:kernel_t:s0 tcontext=system_u:system_r:kernel_t:s0 tclass=capability2 permissive=1
[[0;32m  OK  [0m] Listening on Journal Audit Socket.
[[0;32m  OK  [0m] Reached target Slices.
[[0;32m  OK  [0m] Listening on udev Kernel Socket.
[[0;32m  OK  [0m] Set up automount Arbitrary Executabâ€¦rmats File System Automount Point.
         Mounting /proc/sys/fs/binfmt_misc...
[[0;32m  OK  [0m] Listening on Journal Socket (/dev/log).
[[0;32m  OK  [0m] Listening on Syslog Socket.
[[0;32m  OK  [0m] Started Forward Password Requests to Wall Directory Watch.
[[0;32m  OK  [0m] Reached target Paths.
[[0;32m  OK  [0m] Reached target Encrypted Volumes.
[[0;32m  OK  [0m] Created slice system-getty.slice.
         Mounting /sys/kernel/debug...
         Mounting /sys/kernel/config...
[[0;32m  OK  [0m] Reached target Swap.
         Mounting POSIX Message Queue File System...
[[0;32m  OK  [0m] Listening on Journal Socket.
         Starting Load Kernel Modules...
         Starting Journal Service...
         Starting Remount Root and Kernel File Systems...
[[0;32m  OK  [0m] Listening on udev Control Socket.
[[0;32m  OK  [0m] Reached target Sockets.
         Starting Create Static Device Nodes in /dev...
[[0;32m  OK  [0m] Mounted POSIX Message Queue File System.
[[0;32m  OK  [0m] Mounted /sys/kernel/debug.
[[0;32m  OK  [0m] Mounted /sys/kernel/config.
[[0;32m  OK  [0m] Mounted /proc/sys/fs/binfmt_misc.
[[0;32m  OK  [0m] Started Load Kernel Modules.
         Starting Apply Kernel Variables...
[    1.749028] EXT4-fs (sda): re-mounted. Opts: (null). Quota mode: none.
[[0;32m  OK  [0m] Started Create Static Device Nodes in /dev.
         Starting udev Kernel Device Manager...
[[0;32m  OK  [0m] Started Remount Root and Kernel File Systems.
         Starting udev Coldplug all Devices...
[[0;32m  OK  [0m] Reached target Local File Systems (Pre).
[[0;32m  OK  [0m] Reached target Local File Systems.
         Starting Load/Save Random Seed...
[[0;32m  OK  [0m] Started Apply Kernel Variables.
         Starting Raise network interfaces...
[[0;32m  OK  [0m] Started Load/Save Random Seed.
[[0;32m  OK  [0m] Started Journal Service.
         Starting Flush Journal to Persistent Storage...
[    1.795748] audit: type=1107 audit(1632887918.781:5): pid=1 uid=0 auid=4294967295 ses=4294967295 subj=system_u:system_r:kernel_t:s0 msg='avc:  denied  { stop } for auid=n/a uid=0 gid=0 path="/lib/systemd/system/systemd-journald.service" cmdline="/bin/journalctl --flush" scontext=system_u:system_r:kernel_t:s0 tcontext=system_u:object_r:unlabeled_t:s0 tclass=service
[    1.795748]  exe="/lib/systemd/systemd" sauid=0 hostname=? addr=? terminal=?'
[[0;32m  OK  [0m] Started udev Kernel Device Manager.
[    1.802141] systemd-journald[99]: Received request to flush runtime journal from PID 1
[[0;32m  OK  [0m] Started Flush Journal to Persistent Storage.
         Starting Create Volatile Files and Directories...
[[0;32m  OK  [0m] Started Create Volatile Files and Directories.
         Starting Network Time Synchronization...
         Starting Update UTMP about System Boot/Shutdown...
[[0;32m  OK  [0m] Started Update UTMP about System Boot/Shutdown.
[[0;32m  OK  [0m] Started Network Time Synchronization.
[[0;32m  OK  [0m] Reached target System Time Synchronized.
[[0;32m  OK  [0m] Started udev Coldplug all Devices.
[[0;32m  OK  [0m] Reached target System Initialization.
[[0;32m  OK  [0m] Started Daily Cleanup of Temporary Directories.
[[0;32m  OK  [0m] Started Daily apt download activities.
[[0;32m  OK  [0m] Reached target Basic System.
[[0;32m  OK  [0m] Started Regular background program processing daemon.
         Starting getty on tty2-tty6 if dbus and logind are not available...
         Starting System Logging Service...
[[0;32m  OK  [0m] Started Daily apt upgrade and clean activities.
[[0;32m  OK  [0m] Reached target Timers.
[    1.876589] audit: type=1107 audit(1632887918.862:6): pid=1 uid=0 auid=4294967295 ses=4294967295 subj=system_u:system_r:kernel_t:s0 msg='avc:  denied  { start } for auid=n/a uid=0 gid=0 path="/lib/systemd/system/getty@.service" cmdline="/bin/systemctl --no-block start getty@tty2.service getty@tty3.service getty@tty4.service getty@tty5.service getty@tty6.service" scontext=system_u:system_r:kernel_t:s0 tcontext=system_u:object_r:unlabeled_t:s0 tclass=service
[    1.876589]  exe="/lib/systemd/systemd" sauid=0 hostname=? addr=? terminal=?'
[[0;32m  OK  [0m] Started getty on tty2-tty6 if dbus and logind are not available.
[    1.884546] audit: type=1107 audit(1632887918.862:7): pid=1 uid=0 auid=4294967295 ses=4294967295 subj=system_u:system_r:kernel_t:s0 msg='avc:  denied  { status } for auid=n/a uid=0 gid=0 path="/lib/systemd/system/getty@.service" cmdline="/bin/systemctl --no-block start getty@tty2.service getty@tty3.service getty@tty4.service getty@tty5.service getty@tty6.service" scontext=system_u:system_r:kernel_t:s0 tcontext=system_u:object_r:unlabeled_t:s0 tclass=service
[    1.884546]  exe="/lib/systemd/systemd" sauid=0 hostname=? addr=? terminal=?'
[[0;32m  OK  [0m] Found device /dev/ttyS0.
[[0;32m  OK  [0m] Listening on Load/Save RF Kill Switch Status /dev/rfkill Watch.
[[0;32m  OK  [0m] Started System Logging Service.
[    1.959982] ip (199) used greatest stack depth: 12440 bytes left
[    1.961518] e1000: eth0 NIC Link is Up 1000 Mbps Full Duplex, Flow Control: RX
[    1.962916] IPv6: ADDRCONF(NETDEV_CHANGE): eth0: link becomes ready
[    3.008732] dhclient[184]: segfault at 76c90 ip 0000000000076c90 sp 00007ffe6dff4468 error 14 in dhclient[559877600000+74000]
[    3.010605] Code: Unable to access opcode bytes at RIP 0x76c66.
[[0;1;31mFAILED[0m] Failed to start Raise network interfaces.
See 'systemctl status networking.service' for details.
[[0;32m  OK  [0m] Reached target Network.
         Starting Permit User Sessions...
         Starting OpenBSD Secure Shell server...
[[0;32m  OK  [0m] Started Permit User Sessions.
[[0;32m  OK  [0m] Started Getty on tty6.
[[0;32m  OK  [0m] Started Getty on tty3.
[[0;32m  OK  [0m] Started Getty on tty5.
[[0;32m  OK  [0m] Started Getty on tty2.
[[0;32m  OK  [0m] Started Getty on tty1.
[[0;32m  OK  [0m] Started Serial Getty on ttyS0.
[[0;32m  OK  [0m] Started Getty on tty4.
[[0;32m  OK  [0m] Reached target Login Prompts.
[[0;32m  OK  [0m] Started OpenBSD Secure Shell server.
[[0;32m  OK  [0m] Reached target Multi-User System.
[[0;32m  OK  [0m] Reached target Graphical Interface.
         Starting Update UTMP about System Runlevel Changes...
[[0;32m  OK  [0m] Started Update UTMP about System Runlevel Changes.

Debian GNU/Linux 9 syzkaller ttyS0

syzkaller login: root
Unable to get valid context for root
Last login: Tue Sep 28 21:45:05 UTC 2021 from 10.0.2.10 on pts/0
Linux syzkaller 5.14.0-rc7-mm1+ #7 SMP Tue Sep 28 02:43:06 EDT 2021 x86_64

The programs included with the Debian GNU/Linux system are free software;
the exact distribution terms for each program are described in the
individual files in /usr/share/doc/*/copyright.

Debian GNU/Linux comes with ABSOLUTELY NO WARRANTY, to the extent
permitted by applicable law.
root@syzkaller:~# [   20.404467] random: crng init done
[   20.405135] random: 7 urandom warning(s) missed due to ratelimiting
ssh -i $IMAGE/stretch.id_rsa -p 10021 -o "StrictHostKeyCheckingg no" root@localhost
Warning: Identity file /stretch.id_rsa not accessible: No such file or directory.
ssh: connect to host localhost port 10021: Connection refused
root@syzkaller:~# [ 1440.252835] audit: type=1400 audit(1632889357.267:8): avc:  denied  { execmem } for  pid=396 comm="node" scontext=system_u:system_r:kernel_t:s0 tcontext=system_u:system_r:kernel_t:s0 tclass=process permissive=1
[ 1466.452660] rcu: INFO: rcu_sched self-detected stall on CPU
[ 1466.455727] rcu: 	0-...!: (20999 ticks this GP) idle=6c7/1/0x4000000000000000 softirq=2521/2521 fqs=0 
[ 1466.456788] 	(t=21000 jiffies g=1781 q=7)
[ 1466.457264] rcu: rcu_sched kthread starved for 21000 jiffies! g1781 f0x0 RCU_GP_WAIT_FQS(5) ->state=0x0 ->cpu=0
[ 1466.458409] rcu: 	Unless rcu_sched kthread gets sufficient CPU time, OOM is now expected behavior.
[ 1466.459441] rcu: RCU grace-period kthread stack dump:
[ 1466.460035] task:rcu_sched       state:R  running task     stack:14856 pid:   10 ppid:     2 flags:0x00004000
[ 1466.461213] Call Trace:
[ 1466.461509]  __schedule+0x271/0x6f0
[ 1466.461933]  schedule+0x3f/0xa0
[ 1466.462308]  schedule_timeout+0x18b/0x290
[ 1466.462781]  ? del_timer_sync+0x30/0x30
[ 1466.463229]  rcu_gp_fqs_loop+0xee/0x3b0
[ 1466.463689]  rcu_gp_kthread+0xe2/0x1c0
[ 1466.464133]  ? rcu_gp_cleanup+0x460/0x460
[ 1466.464611]  kthread+0x122/0x140
[ 1466.464983]  ? set_kthread_struct+0x40/0x40
[ 1466.465466]  ret_from_fork+0x22/0x30
[ 1466.465894] rcu: Stack dump where RCU GP kthread last ran:
[ 1466.466523] NMI backtrace for cpu 0
[ 1466.466928] CPU: 0 PID: 435 Comm: node Not tainted 5.14.0-rc7-mm1+ #7
[ 1466.467680] Hardware name: QEMU Standard PC (i440FX + PIIX, 1996), BIOS 1.13.0-1ubuntu1.1 04/01/2014
[ 1466.468734] Call Trace:
[ 1466.469026]  <IRQ>
[ 1466.469261]  dump_stack_lvl+0x34/0x44
[ 1466.469684]  nmi_cpu_backtrace.cold+0x30/0x70
[ 1466.470190]  ? lapic_can_unplug_cpu+0x70/0x70
[ 1466.470692]  nmi_trigger_cpumask_backtrace+0x77/0x90
[ 1466.471263]  rcu_check_gp_kthread_starvation+0x101/0x111
[ 1466.471875]  rcu_sched_clock_irq.cold+0x103/0x272
[ 1466.472427]  update_process_times+0x87/0xc0
[ 1466.472924]  tick_sched_handle.isra.0+0x2b/0x40
[ 1466.473450]  tick_sched_timer+0x5e/0x70
[ 1466.473903]  ? tick_sched_handle.isra.0+0x40/0x40
[ 1466.474447]  __hrtimer_run_queues+0xf2/0x240
[ 1466.474958]  hrtimer_interrupt+0x109/0x230
[ 1466.475437]  __sysvec_apic_timer_interrupt+0x57/0xd0
[ 1466.476016]  sysvec_apic_timer_interrupt+0x65/0x90
[ 1466.476577]  </IRQ>
[ 1466.476832]  asm_sysvec_apic_timer_interrupt+0x12/0x20
[ 1466.477437] RIP: 0010:queued_spin_lock_slowpath+0x18/0x1c0
[ 1466.478077] Code: 39 c1 75 e7 89 c8 f0 44 0f b1 07 39 c1 75 dc c3 cc cc 66 90 ba 01 00 00 00 8b 07 85 c0 75 09 f0 0f b1 17 85 c0 75 f2 c3 f3 90 <eb> ed 81 fe 00 01 00 00 74 3f 40 30 f6 85 f6 75 6c f0 0f ba 2f 08
[ 1466.480209] RSP: 0018:ffffa3864046bcd8 EFLAGS: 00000202
[ 1466.480830] RAX: 0000000000000001 RBX: ffff9643c3a12488 RCX: 0000000000000027
[ 1466.481630] RDX: 0000000000000001 RSI: 0000000000000001 RDI: ffffe055c00e84a8
[ 1466.482448] RBP: ffffe055c00e8480 R08: 0000000000000000 R09: 0000000000000000
[ 1466.483274] R10: ffffa3864046bf38 R11: 00007f0d5237b000 R12: 00007f0d5237c000
[ 1466.484103] R13: 00007f0d5237c000 R14: ffff9643c7dad180 R15: 00007f0d5237b000
[ 1466.484937]  unmap_page_range+0x34f/0x570
[ 1466.485410]  ? copyout+0x1c/0x30
[ 1466.485785]  ? _copy_to_iter+0x7d/0x680
[ 1466.486234]  zap_page_range+0xdb/0x160
[ 1466.486683]  ? ida_free+0xa8/0x130
[ 1466.487086]  ? find_vma+0x5b/0x70
[ 1466.487475]  do_madvise+0x8d7/0x9f0
[ 1466.487900]  ? __x64_sys_madvise+0x21/0x30
[ 1466.488377]  __x64_sys_madvise+0x21/0x30
[ 1466.488832]  do_syscall_64+0x3b/0x90
[ 1466.489242]  entry_SYSCALL_64_after_hwframe+0x44/0xae
[ 1466.489835] RIP: 0033:0x7f0d52c607a7
[ 1466.490262] Code: 83 c4 08 48 3d 01 f0 ff ff 73 01 c3 48 8b 0d e8 46 2b 00 f7 d8 64 89 01 48 83 c8 ff c3 66 0f 1f 44 00 00 b8 1c 00 00 00 0f 05 <48> 3d 01 f0 ff ff 73 01 c3 48 8b 0d c1 46 2b 00 f7 d8 64 89 01 48
[ 1466.492430] RSP: 002b:00007f0d52b7af18 EFLAGS: 00000206 ORIG_RAX: 000000000000001c
[ 1466.493281] RAX: ffffffffffffffda RBX: 00007f0d52b7b700 RCX: 00007f0d52c607a7
[ 1466.494101] RDX: 0000000000000004 RSI: 00000000007fb000 RDI: 00007f0d5237b000
[ 1466.494924] RBP: 0000000000000000 R08: 00007f0d4c0008c0 R09: 00007f0d52b7ae00
[ 1466.495760] R10: 0000000005512cc8 R11: 0000000000000206 R12: 00007ffd022082ae
[ 1466.496583] R13: 00007ffd022082af R14: 00007f0d5237b000 R15: 0000000000000003
[ 1466.497392] NMI backtrace for cpu 0
[ 1466.497800] CPU: 0 PID: 435 Comm: node Not tainted 5.14.0-rc7-mm1+ #7
[ 1466.498547] Hardware name: QEMU Standard PC (i440FX + PIIX, 1996), BIOS 1.13.0-1ubuntu1.1 04/01/2014
[ 1466.499592] Call Trace:
[ 1466.499877]  <IRQ>
[ 1466.500113]  dump_stack_lvl+0x34/0x44
[ 1466.500534]  nmi_cpu_backtrace.cold+0x30/0x70
[ 1466.501044]  ? lapic_can_unplug_cpu+0x70/0x70
[ 1466.501537]  nmi_trigger_cpumask_backtrace+0x77/0x90
[ 1466.502110]  rcu_dump_cpu_stacks+0xb0/0xde
[ 1466.502587]  rcu_sched_clock_irq.cold+0x108/0x272
[ 1466.503129]  update_process_times+0x87/0xc0
[ 1466.503623]  tick_sched_handle.isra.0+0x2b/0x40
[ 1466.504141]  tick_sched_timer+0x5e/0x70
[ 1466.504578]  ? tick_sched_handle.isra.0+0x40/0x40
[ 1466.505119]  __hrtimer_run_queues+0xf2/0x240
[ 1466.505612]  hrtimer_interrupt+0x109/0x230
[ 1466.506100]  __sysvec_apic_timer_interrupt+0x57/0xd0
[ 1466.506660]  sysvec_apic_timer_interrupt+0x65/0x90
[ 1466.507215]  </IRQ>
[ 1466.507476]  asm_sysvec_apic_timer_interrupt+0x12/0x20
[ 1466.508073] RIP: 0010:queued_spin_lock_slowpath+0x18/0x1c0
[ 1466.508715] Code: 39 c1 75 e7 89 c8 f0 44 0f b1 07 39 c1 75 dc c3 cc cc 66 90 ba 01 00 00 00 8b 07 85 c0 75 09 f0 0f b1 17 85 c0 75 f2 c3 f3 90 <eb> ed 81 fe 00 01 00 00 74 3f 40 30 f6 85 f6 75 6c f0 0f ba 2f 08
[ 1466.510860] RSP: 0018:ffffa3864046bcd8 EFLAGS: 00000202
[ 1466.511464] RAX: 0000000000000001 RBX: ffff9643c3a12488 RCX: 0000000000000027
[ 1466.512279] RDX: 0000000000000001 RSI: 0000000000000001 RDI: ffffe055c00e84a8
[ 1466.513100] RBP: ffffe055c00e8480 R08: 0000000000000000 R09: 0000000000000000
[ 1466.513912] R10: ffffa3864046bf38 R11: 00007f0d5237b000 R12: 00007f0d5237c000
[ 1466.514732] R13: 00007f0d5237c000 R14: ffff9643c7dad180 R15: 00007f0d5237b000
[ 1466.515555]  unmap_page_range+0x34f/0x570
[ 1466.516033]  ? copyout+0x1c/0x30
[ 1466.516407]  ? _copy_to_iter+0x7d/0x680
[ 1466.516840]  zap_page_range+0xdb/0x160
[ 1466.517275]  ? ida_free+0xa8/0x130
[ 1466.517662]  ? find_vma+0x5b/0x70
[ 1466.518046]  do_madvise+0x8d7/0x9f0
[ 1466.518457]  ? __x64_sys_madvise+0x21/0x30
[ 1466.518944]  __x64_sys_madvise+0x21/0x30
[ 1466.519392]  do_syscall_64+0x3b/0x90
[ 1466.519805]  entry_SYSCALL_64_after_hwframe+0x44/0xae
[ 1466.520391] RIP: 0033:0x7f0d52c607a7
[ 1466.520805] Code: 83 c4 08 48 3d 01 f0 ff ff 73 01 c3 48 8b 0d e8 46 2b 00 f7 d8 64 89 01 48 83 c8 ff c3 66 0f 1f 44 00 00 b8 1c 00 00 00 0f 05 <48> 3d 01 f0 ff ff 73 01 c3 48 8b 0d c1 46 2b 00 f7 d8 64 89 01 48
[ 1466.522946] RSP: 002b:00007f0d52b7af18 EFLAGS: 00000206 ORIG_RAX: 000000000000001c
[ 1466.523823] RAX: ffffffffffffffda RBX: 00007f0d52b7b700 RCX: 00007f0d52c607a7
[ 1466.524628] RDX: 0000000000000004 RSI: 00000000007fb000 RDI: 00007f0d5237b000
[ 1466.525463] RBP: 0000000000000000 R08: 00007f0d4c0008c0 R09: 00007f0d52b7ae00
[ 1466.526286] R10: 0000000005512cc8 R11: 0000000000000206 R12: 00007ffd022082ae
[ 1466.527088] R13: 00007ffd022082af R14: 00007f0d5237b000 R15: 0000000000000003
[ 1529.455144] rcu: INFO: rcu_sched self-detected stall on CPU
[ 1529.457607] rcu: 	0-...!: (83928 ticks this GP) idle=6c7/1/0x4000000000000000 softirq=2521/2521 fqs=0 
[ 1529.458657] 	(t=84003 jiffies g=1781 q=7)
[ 1529.459114] rcu: rcu_sched kthread starved for 84003 jiffies! g1781 f0x0 RCU_GP_WAIT_FQS(5) ->state=0x0 ->cpu=0
[ 1529.460231] rcu: 	Unless rcu_sched kthread gets sufficient CPU time, OOM is now expected behavior.
[ 1529.461222] rcu: RCU grace-period kthread stack dump:
[ 1529.461820] task:rcu_sched       state:R  running task     stack:14856 pid:   10 ppid:     2 flags:0x00004000
[ 1529.462939] Call Trace:
[ 1529.463227]  __schedule+0x271/0x6f0
[ 1529.463634]  schedule+0x3f/0xa0
[ 1529.464003]  schedule_timeout+0x18b/0x290
[ 1529.464480]  ? del_timer_sync+0x30/0x30
[ 1529.464913]  rcu_gp_fqs_loop+0xee/0x3b0
[ 1529.465338]  rcu_gp_kthread+0xe2/0x1c0
[ 1529.465780]  ? rcu_gp_cleanup+0x460/0x460
[ 1529.466224]  kthread+0x122/0x140
[ 1529.466581]  ? set_kthread_struct+0x40/0x40
[ 1529.467058]  ret_from_fork+0x22/0x30
[ 1529.467463] rcu: Stack dump where RCU GP kthread last ran:
[ 1529.468095] NMI backtrace for cpu 0
[ 1529.468528] CPU: 0 PID: 435 Comm: node Not tainted 5.14.0-rc7-mm1+ #7
[ 1529.469287] Hardware name: QEMU Standard PC (i440FX + PIIX, 1996), BIOS 1.13.0-1ubuntu1.1 04/01/2014
[ 1529.470349] Call Trace:
[ 1529.470649]  <IRQ>
[ 1529.470890]  dump_stack_lvl+0x34/0x44
[ 1529.471313]  nmi_cpu_backtrace.cold+0x30/0x70
[ 1529.471796]  ? lapic_can_unplug_cpu+0x70/0x70
[ 1529.472292]  nmi_trigger_cpumask_backtrace+0x77/0x90
[ 1529.472874]  rcu_check_gp_kthread_starvation+0x101/0x111
[ 1529.473492]  rcu_sched_clock_irq.cold+0x103/0x272
[ 1529.474039]  update_process_times+0x87/0xc0
[ 1529.474510]  tick_sched_handle.isra.0+0x2b/0x40
[ 1529.475080]  tick_sched_timer+0x5e/0x70
[ 1529.475545]  ? tick_sched_handle.isra.0+0x40/0x40
[ 1529.476075]  __hrtimer_run_queues+0xf2/0x240
[ 1529.476566]  hrtimer_interrupt+0x109/0x230
[ 1529.477042]  __sysvec_apic_timer_interrupt+0x57/0xd0
[ 1529.477624]  sysvec_apic_timer_interrupt+0x65/0x90
[ 1529.478196]  </IRQ>
[ 1529.478444]  asm_sysvec_apic_timer_interrupt+0x12/0x20
[ 1529.479052] RIP: 0010:queued_spin_lock_slowpath+0x18/0x1c0
[ 1529.479695] Code: 39 c1 75 e7 89 c8 f0 44 0f b1 07 39 c1 75 dc c3 cc cc 66 90 ba 01 00 00 00 8b 07 85 c0 75 09 f0 0f b1 17 85 c0 75 f2 c3 f3 90 <eb> ed 81 fe 00 01 00 00 74 3f 40 30 f6 85 f6 75 6c f0 0f ba 2f 08
[ 1529.481825] RSP: 0018:ffffa3864046bcd8 EFLAGS: 00000202
[ 1529.482403] RAX: 0000000000000001 RBX: ffff9643c3a12488 RCX: 0000000000000027
[ 1529.483199] RDX: 0000000000000001 RSI: 0000000000000001 RDI: ffffe055c00e84a8
[ 1529.484010] RBP: ffffe055c00e8480 R08: 0000000000000000 R09: 0000000000000000
[ 1529.484799] R10: ffffa3864046bf38 R11: 00007f0d5237b000 R12: 00007f0d5237c000
[ 1529.485614] R13: 00007f0d5237c000 R14: ffff9643c7dad180 R15: 00007f0d5237b000
[ 1529.486399]  unmap_page_range+0x34f/0x570
[ 1529.486861]  ? copyout+0x1c/0x30
[ 1529.487235]  ? _copy_to_iter+0x7d/0x680
[ 1529.487680]  zap_page_range+0xdb/0x160
[ 1529.488088]  ? ida_free+0xa8/0x130
[ 1529.488494]  ? find_vma+0x5b/0x70
[ 1529.488884]  do_madvise+0x8d7/0x9f0
[ 1529.489290]  ? __x64_sys_madvise+0x21/0x30
[ 1529.489788]  __x64_sys_madvise+0x21/0x30
[ 1529.490230]  do_syscall_64+0x3b/0x90
[ 1529.490637]  entry_SYSCALL_64_after_hwframe+0x44/0xae
[ 1529.491251] RIP: 0033:0x7f0d52c607a7
[ 1529.491685] Code: 83 c4 08 48 3d 01 f0 ff ff 73 01 c3 48 8b 0d e8 46 2b 00 f7 d8 64 89 01 48 83 c8 ff c3 66 0f 1f 44 00 00 b8 1c 00 00 00 0f 05 <48> 3d 01 f0 ff ff 73 01 c3 48 8b 0d c1 46 2b 00 f7 d8 64 89 01 48
[ 1529.493791] RSP: 002b:00007f0d52b7af18 EFLAGS: 00000206 ORIG_RAX: 000000000000001c
[ 1529.494642] RAX: ffffffffffffffda RBX: 00007f0d52b7b700 RCX: 00007f0d52c607a7
[ 1529.495453] RDX: 0000000000000004 RSI: 00000000007fb000 RDI: 00007f0d5237b000
[ 1529.496289] RBP: 0000000000000000 R08: 00007f0d4c0008c0 R09: 00007f0d52b7ae00
[ 1529.497128] R10: 0000000005512cc8 R11: 0000000000000206 R12: 00007ffd022082ae
[ 1529.497940] R13: 00007ffd022082af R14: 00007f0d5237b000 R15: 0000000000000003
[ 1529.498784] NMI backtrace for cpu 0
[ 1529.499294] CPU: 0 PID: 435 Comm: node Not tainted 5.14.0-rc7-mm1+ #7
[ 1529.500253] Hardware name: QEMU Standard PC (i440FX + PIIX, 1996), BIOS 1.13.0-1ubuntu1.1 04/01/2014
[ 1529.501501] Call Trace:
[ 1529.501887]  <IRQ>
[ 1529.502195]  dump_stack_lvl+0x34/0x44
[ 1529.502767]  nmi_cpu_backtrace.cold+0x30/0x70
[ 1529.503435]  ? lapic_can_unplug_cpu+0x70/0x70
[ 1529.504111]  nmi_trigger_cpumask_backtrace+0x77/0x90
[ 1529.504881]  rcu_dump_cpu_stacks+0xb0/0xde
[ 1529.505464]  rcu_sched_clock_irq.cold+0x108/0x272
[ 1529.506172]  update_process_times+0x87/0xc0
[ 1529.506826]  tick_sched_handle.isra.0+0x2b/0x40
[ 1529.507500]  tick_sched_timer+0x5e/0x70
[ 1529.508025]  ? tick_sched_handle.isra.0+0x40/0x40
[ 1529.508696]  __hrtimer_run_queues+0xf2/0x240
[ 1529.509322]  hrtimer_interrupt+0x109/0x230
[ 1529.509923]  __sysvec_apic_timer_interrupt+0x57/0xd0
[ 1529.510666]  sysvec_apic_timer_interrupt+0x65/0x90
[ 1529.511384]  </IRQ>
[ 1529.511704]  asm_sysvec_apic_timer_interrupt+0x12/0x20
[ 1529.512397] RIP: 0010:queued_spin_lock_slowpath+0x18/0x1c0
[ 1529.513224] Code: 39 c1 75 e7 89 c8 f0 44 0f b1 07 39 c1 75 dc c3 cc cc 66 90 ba 01 00 00 00 8b 07 85 c0 75 09 f0 0f b1 17 85 c0 75 f2 c3 f3 90 <eb> ed 81 fe 00 01 00 00 74 3f 40 30 f6 85 f6 75 6c f0 0f ba 2f 08
[ 1529.515960] RSP: 0018:ffffa3864046bcd8 EFLAGS: 00000202
[ 1529.516728] RAX: 0000000000000001 RBX: ffff9643c3a12488 RCX: 0000000000000027
[ 1529.517782] RDX: 0000000000000001 RSI: 0000000000000001 RDI: ffffe055c00e84a8
[ 1529.518841] RBP: ffffe055c00e8480 R08: 0000000000000000 R09: 0000000000000000
[ 1529.519937] R10: ffffa3864046bf38 R11: 00007f0d5237b000 R12: 00007f0d5237c000
[ 1529.520995] R13: 00007f0d5237c000 R14: ffff9643c7dad180 R15: 00007f0d5237b000
[ 1529.522065]  unmap_page_range+0x34f/0x570
[ 1529.522690]  ? copyout+0x1c/0x30
[ 1529.523192]  ? _copy_to_iter+0x7d/0x680
[ 1529.523759]  zap_page_range+0xdb/0x160
[ 1529.524308]  ? ida_free+0xa8/0x130
[ 1529.524824]  ? find_vma+0x5b/0x70
[ 1529.525313]  do_madvise+0x8d7/0x9f0
[ 1529.525844]  ? __x64_sys_madvise+0x21/0x30
[ 1529.526463]  __x64_sys_madvise+0x21/0x30
[ 1529.527048]  do_syscall_64+0x3b/0x90
[ 1529.527584]  entry_SYSCALL_64_after_hwframe+0x44/0xae
[ 1529.528333] RIP: 0033:0x7f0d52c607a7
[ 1529.528865] Code: 83 c4 08 48 3d 01 f0 ff ff 73 01 c3 48 8b 0d e8 46 2b 00 f7 d8 64 89 01 48 83 c8 ff c3 66 0f 1f 44 00 00 b8 1c 00 00 00 0f 05 <48> 3d 01 f0 ff ff 73 01 c3 48 8b 0d c1 46 2b 00 f7 d8 64 89 01 48
[ 1529.531589] RSP: 002b:00007f0d52b7af18 EFLAGS: 00000206 ORIG_RAX: 000000000000001c
[ 1529.532685] RAX: ffffffffffffffda RBX: 00007f0d52b7b700 RCX: 00007f0d52c607a7
[ 1529.533745] RDX: 0000000000000004 RSI: 00000000007fb000 RDI: 00007f0d5237b000
[ 1529.534824] RBP: 0000000000000000 R08: 00007f0d4c0008c0 R09: 00007f0d52b7ae00
[ 1529.535875] R10: 0000000005512cc8 R11: 0000000000000206 R12: 00007ffd022082ae
[ 1529.536928] R13: 00007ffd022082af R14: 00007f0d5237b000 R15: 0000000000000003
[ 1592.457637] rcu: INFO: rcu_sched self-detected stall on CPU
[ 1592.460408] rcu: 	0-...!: (146850 ticks this GP) idle=6c7/1/0x4000000000000000 softirq=2521/2521 fqs=0 
[ 1592.461729] 	(t=147006 jiffies g=1781 q=7)
[ 1592.462343] rcu: rcu_sched kthread starved for 147006 jiffies! g1781 f0x0 RCU_GP_WAIT_FQS(5) ->state=0x0 ->cpu=0
[ 1592.463806] rcu: 	Unless rcu_sched kthread gets sufficient CPU time, OOM is now expected behavior.
[ 1592.465175] rcu: RCU grace-period kthread stack dump:
[ 1592.465921] task:rcu_sched       state:R  running task     stack:14856 pid:   10 ppid:     2 flags:0x00004000
[ 1592.467401] Call Trace:
[ 1592.467766]  __schedule+0x271/0x6f0
[ 1592.468308]  schedule+0x3f/0xa0
[ 1592.468784]  schedule_timeout+0x18b/0x290
[ 1592.469373]  ? del_timer_sync+0x30/0x30
[ 1592.469918]  rcu_gp_fqs_loop+0xee/0x3b0
[ 1592.470495]  rcu_gp_kthread+0xe2/0x1c0
[ 1592.471051]  ? rcu_gp_cleanup+0x460/0x460
[ 1592.471647]  kthread+0x122/0x140
[ 1592.472131]  ? set_kthread_struct+0x40/0x40
[ 1592.472756]  ret_from_fork+0x22/0x30
[ 1592.473279] rcu: Stack dump where RCU GP kthread last ran:
[ 1592.474074] NMI backtrace for cpu 0
[ 1592.474604] CPU: 0 PID: 435 Comm: node Not tainted 5.14.0-rc7-mm1+ #7
[ 1592.475562] Hardware name: QEMU Standard PC (i440FX + PIIX, 1996), BIOS 1.13.0-1ubuntu1.1 04/01/2014
[ 1592.476907] Call Trace:
[ 1592.477265]  <IRQ>
[ 1592.477577]  dump_stack_lvl+0x34/0x44
[ 1592.478139]  nmi_cpu_backtrace.cold+0x30/0x70
[ 1592.478734]  ? lapic_can_unplug_cpu+0x70/0x70
[ 1592.479377]  nmi_trigger_cpumask_backtrace+0x77/0x90
[ 1592.480113]  rcu_check_gp_kthread_starvation+0x101/0x111
[ 1592.480895]  rcu_sched_clock_irq.cold+0x103/0x272
[ 1592.481599]  update_process_times+0x87/0xc0
[ 1592.482224]  tick_sched_handle.isra.0+0x2b/0x40
[ 1592.482916]  tick_sched_timer+0x5e/0x70
[ 1592.483495]  ? tick_sched_handle.isra.0+0x40/0x40
[ 1592.484199]  __hrtimer_run_queues+0xf2/0x240
[ 1592.484840]  hrtimer_interrupt+0x109/0x230
[ 1592.485461]  __sysvec_apic_timer_interrupt+0x57/0xd0
[ 1592.486178]  sysvec_apic_timer_interrupt+0x65/0x90
[ 1592.486897]  </IRQ>
[ 1592.487230]  asm_sysvec_apic_timer_interrupt+0x12/0x20
[ 1592.487985] RIP: 0010:queued_spin_lock_slowpath+0x18/0x1c0
[ 1592.488797] Code: 39 c1 75 e7 89 c8 f0 44 0f b1 07 39 c1 75 dc c3 cc cc 66 90 ba 01 00 00 00 8b 07 85 c0 75 09 f0 0f b1 17 85 c0 75 f2 c3 f3 90 <eb> ed 81 fe 00 01 00 00 74 3f 40 30 f6 85 f6 75 6c f0 0f ba 2f 08
[ 1592.491517] RSP: 0018:ffffa3864046bcd8 EFLAGS: 00000202
[ 1592.492291] RAX: 0000000000000001 RBX: ffff9643c3a12488 RCX: 0000000000000027
[ 1592.493335] RDX: 0000000000000001 RSI: 0000000000000001 RDI: ffffe055c00e84a8
[ 1592.494362] RBP: ffffe055c00e8480 R08: 0000000000000000 R09: 0000000000000000
[ 1592.495435] R10: ffffa3864046bf38 R11: 00007f0d5237b000 R12: 00007f0d5237c000
[ 1592.496518] R13: 00007f0d5237c000 R14: ffff9643c7dad180 R15: 00007f0d5237b000
[ 1592.497570]  unmap_page_range+0x34f/0x570
[ 1592.498154]  ? copyout+0x1c/0x30
[ 1592.498633]  ? _copy_to_iter+0x7d/0x680
[ 1592.499215]  zap_page_range+0xdb/0x160
[ 1592.499774]  ? ida_free+0xa8/0x130
[ 1592.500278]  ? find_vma+0x5b/0x70
[ 1592.500776]  do_madvise+0x8d7/0x9f0
[ 1592.501278]  ? __x64_sys_madvise+0x21/0x30
[ 1592.501879]  __x64_sys_madvise+0x21/0x30
[ 1592.502482]  do_syscall_64+0x3b/0x90
[ 1592.503011]  entry_SYSCALL_64_after_hwframe+0x44/0xae
[ 1592.503729] RIP: 0033:0x7f0d52c607a7
[ 1592.504273] Code: 83 c4 08 48 3d 01 f0 ff ff 73 01 c3 48 8b 0d e8 46 2b 00 f7 d8 64 89 01 48 83 c8 ff c3 66 0f 1f 44 00 00 b8 1c 00 00 00 0f 05 <48> 3d 01 f0 ff ff 73 01 c3 48 8b 0d c1 46 2b 00 f7 d8 64 89 01 48
[ 1592.506984] RSP: 002b:00007f0d52b7af18 EFLAGS: 00000206 ORIG_RAX: 000000000000001c
[ 1592.508033] RAX: ffffffffffffffda RBX: 00007f0d52b7b700 RCX: 00007f0d52c607a7
[ 1592.509064] RDX: 0000000000000004 RSI: 00000000007fb000 RDI: 00007f0d5237b000
[ 1592.510100] RBP: 0000000000000000 R08: 00007f0d4c0008c0 R09: 00007f0d52b7ae00
[ 1592.511124] R10: 0000000005512cc8 R11: 0000000000000206 R12: 00007ffd022082ae
[ 1592.512129] R13: 00007ffd022082af R14: 00007f0d5237b000 R15: 0000000000000003
[ 1592.513137] NMI backtrace for cpu 0
[ 1592.513641] CPU: 0 PID: 435 Comm: node Not tainted 5.14.0-rc7-mm1+ #7
[ 1592.514558] Hardware name: QEMU Standard PC (i440FX + PIIX, 1996), BIOS 1.13.0-1ubuntu1.1 04/01/2014
[ 1592.515581] Call Trace:
[ 1592.515878]  <IRQ>
[ 1592.516122]  dump_stack_lvl+0x34/0x44
[ 1592.516528]  nmi_cpu_backtrace.cold+0x30/0x70
[ 1592.517022]  ? lapic_can_unplug_cpu+0x70/0x70
[ 1592.517530]  nmi_trigger_cpumask_backtrace+0x77/0x90
[ 1592.518095]  rcu_dump_cpu_stacks+0xb0/0xde
[ 1592.518561]  rcu_sched_clock_irq.cold+0x108/0x272
[ 1592.519097]  update_process_times+0x87/0xc0
[ 1592.519595]  tick_sched_handle.isra.0+0x2b/0x40
[ 1592.520097]  tick_sched_timer+0x5e/0x70
[ 1592.520517]  ? tick_sched_handle.isra.0+0x40/0x40
[ 1592.521040]  __hrtimer_run_queues+0xf2/0x240
[ 1592.521510]  hrtimer_interrupt+0x109/0x230
[ 1592.521982]  __sysvec_apic_timer_interrupt+0x57/0xd0
[ 1592.522555]  sysvec_apic_timer_interrupt+0x65/0x90
[ 1592.523124]  </IRQ>
[ 1592.523380]  asm_sysvec_apic_timer_interrupt+0x12/0x20
[ 1592.523947] RIP: 0010:queued_spin_lock_slowpath+0x18/0x1c0
[ 1592.524581] Code: 39 c1 75 e7 89 c8 f0 44 0f b1 07 39 c1 75 dc c3 cc cc 66 90 ba 01 00 00 00 8b 07 85 c0 75 09 f0 0f b1 17 85 c0 75 f2 c3 f3 90 <eb> ed 81 fe 00 01 00 00 74 3f 40 30 f6 85 f6 75 6c f0 0f ba 2f 08
[ 1592.526635] RSP: 0018:ffffa3864046bcd8 EFLAGS: 00000202
[ 1592.527231] RAX: 0000000000000001 RBX: ffff9643c3a12488 RCX: 0000000000000027
[ 1592.528028] RDX: 0000000000000001 RSI: 0000000000000001 RDI: ffffe055c00e84a8
[ 1592.528818] RBP: ffffe055c00e8480 R08: 0000000000000000 R09: 0000000000000000
[ 1592.529627] R10: ffffa3864046bf38 R11: 00007f0d5237b000 R12: 00007f0d5237c000
[ 1592.530424] R13: 00007f0d5237c000 R14: ffff9643c7dad180 R15: 00007f0d5237b000
[ 1592.531240]  unmap_page_range+0x34f/0x570
[ 1592.531701]  ? copyout+0x1c/0x30
[ 1592.532080]  ? _copy_to_iter+0x7d/0x680
[ 1592.532522]  zap_page_range+0xdb/0x160
[ 1592.532943]  ? ida_free+0xa8/0x130
[ 1592.533329]  ? find_vma+0x5b/0x70
[ 1592.533695]  do_madvise+0x8d7/0x9f0
[ 1592.534088]  ? __x64_sys_madvise+0x21/0x30
[ 1592.534555]  __x64_sys_madvise+0x21/0x30
[ 1592.534994]  do_syscall_64+0x3b/0x90
[ 1592.535398]  entry_SYSCALL_64_after_hwframe+0x44/0xae
[ 1592.535973] RIP: 0033:0x7f0d52c607a7
[ 1592.536403] Code: 83 c4 08 48 3d 01 f0 ff ff 73 01 c3 48 8b 0d e8 46 2b 00 f7 d8 64 89 01 48 83 c8 ff c3 66 0f 1f 44 00 00 b8 1c 00 00 00 0f 05 <48> 3d 01 f0 ff ff 73 01 c3 48 8b 0d c1 46 2b 00 f7 d8 64 89 01 48
[ 1592.538458] RSP: 002b:00007f0d52b7af18 EFLAGS: 00000206 ORIG_RAX: 000000000000001c
[ 1592.539277] RAX: ffffffffffffffda RBX: 00007f0d52b7b700 RCX: 00007f0d52c607a7
[ 1592.540096] RDX: 0000000000000004 RSI: 00000000007fb000 RDI: 00007f0d5237b000
[ 1592.540914] RBP: 0000000000000000 R08: 00007f0d4c0008c0 R09: 00007f0d52b7ae00
[ 1592.541719] R10: 0000000005512cc8 R11: 0000000000000206 R12: 00007ffd022082ae
[ 1592.542518] R13: 00007ffd022082af R14: 00007f0d5237b000 R15: 0000000000000003
[ 1655.460141] rcu: INFO: rcu_sched self-detected stall on CPU
[ 1655.463233] rcu: 	0-...!: (209769 ticks this GP) idle=6c7/1/0x4000000000000000 softirq=2521/2521 fqs=0 
[ 1655.464320] 	(t=210009 jiffies g=1781 q=7)
[ 1655.464782] rcu: rcu_sched kthread starved for 210009 jiffies! g1781 f0x0 RCU_GP_WAIT_FQS(5) ->state=0x0 ->cpu=0
[ 1655.465958] rcu: 	Unless rcu_sched kthread gets sufficient CPU time, OOM is now expected behavior.
[ 1655.466973] rcu: RCU grace-period kthread stack dump:
[ 1655.467579] task:rcu_sched       state:R  running task     stack:14856 pid:   10 ppid:     2 flags:0x00004000
[ 1655.468741] Call Trace:
[ 1655.469044]  __schedule+0x271/0x6f0
[ 1655.469474]  schedule+0x3f/0xa0
[ 1655.469849]  schedule_timeout+0x18b/0x290
[ 1655.470317]  ? del_timer_sync+0x30/0x30
[ 1655.470781]  rcu_gp_fqs_loop+0xee/0x3b0
[ 1655.471231]  rcu_gp_kthread+0xe2/0x1c0
[ 1655.471685]  ? rcu_gp_cleanup+0x460/0x460
[ 1655.472181]  kthread+0x122/0x140
[ 1655.472594]  ? set_kthread_struct+0x40/0x40
[ 1655.473089]  ret_from_fork+0x22/0x30
[ 1655.473508] rcu: Stack dump where RCU GP kthread last ran:
[ 1655.474129] NMI backtrace for cpu 0
[ 1655.474534] CPU: 0 PID: 435 Comm: node Not tainted 5.14.0-rc7-mm1+ #7
[ 1655.475276] Hardware name: QEMU Standard PC (i440FX + PIIX, 1996), BIOS 1.13.0-1ubuntu1.1 04/01/2014
[ 1655.476320] Call Trace:
[ 1655.476621]  <IRQ>
[ 1655.476860]  dump_stack_lvl+0x34/0x44
[ 1655.477311]  nmi_cpu_backtrace.cold+0x30/0x70
[ 1655.477833]  ? lapic_can_unplug_cpu+0x70/0x70
[ 1655.478334]  nmi_trigger_cpumask_backtrace+0x77/0x90
[ 1655.478922]  rcu_check_gp_kthread_starvation+0x101/0x111
[ 1655.479546]  rcu_sched_clock_irq.cold+0x103/0x272
[ 1655.480090]  update_process_times+0x87/0xc0
[ 1655.480564]  tick_sched_handle.isra.0+0x2b/0x40
[ 1655.481092]  tick_sched_timer+0x5e/0x70
[ 1655.481560]  ? tick_sched_handle.isra.0+0x40/0x40
[ 1655.482148]  __hrtimer_run_queues+0xf2/0x240
[ 1655.482655]  hrtimer_interrupt+0x109/0x230
[ 1655.483134]  __sysvec_apic_timer_interrupt+0x57/0xd0
[ 1655.483717]  sysvec_apic_timer_interrupt+0x65/0x90
[ 1655.484304]  </IRQ>
[ 1655.484556]  asm_sysvec_apic_timer_interrupt+0x12/0x20
[ 1655.485151] RIP: 0010:queued_spin_lock_slowpath+0x18/0x1c0
[ 1655.485792] Code: 39 c1 75 e7 89 c8 f0 44 0f b1 07 39 c1 75 dc c3 cc cc 66 90 ba 01 00 00 00 8b 07 85 c0 75 09 f0 0f b1 17 85 c0 75 f2 c3 f3 90 <eb> ed 81 fe 00 01 00 00 74 3f 40 30 f6 85 f6 75 6c f0 0f ba 2f 08
[ 1655.487960] RSP: 0018:ffffa3864046bcd8 EFLAGS: 00000202
[ 1655.488554] RAX: 0000000000000001 RBX: ffff9643c3a12488 RCX: 0000000000000027
[ 1655.489382] RDX: 0000000000000001 RSI: 0000000000000001 RDI: ffffe055c00e84a8
[ 1655.490204] RBP: ffffe055c00e8480 R08: 0000000000000000 R09: 0000000000000000
[ 1655.491040] R10: ffffa3864046bf38 R11: 00007f0d5237b000 R12: 00007f0d5237c000
[ 1655.491874] R13: 00007f0d5237c000 R14: ffff9643c7dad180 R15: 00007f0d5237b000
[ 1655.492705]  unmap_page_range+0x34f/0x570
[ 1655.493155]  ? copyout+0x1c/0x30
[ 1655.493538]  ? _copy_to_iter+0x7d/0x680
[ 1655.493994]  zap_page_range+0xdb/0x160
[ 1655.494427]  ? ida_free+0xa8/0x130
[ 1655.494849]  ? find_vma+0x5b/0x70
[ 1655.495257]  do_madvise+0x8d7/0x9f0
[ 1655.495671]  ? __x64_sys_madvise+0x21/0x30
[ 1655.496155]  __x64_sys_madvise+0x21/0x30
[ 1655.496619]  do_syscall_64+0x3b/0x90
[ 1655.497064]  entry_SYSCALL_64_after_hwframe+0x44/0xae
[ 1655.497661] RIP: 0033:0x7f0d52c607a7
[ 1655.498095] Code: 83 c4 08 48 3d 01 f0 ff ff 73 01 c3 48 8b 0d e8 46 2b 00 f7 d8 64 89 01 48 83 c8 ff c3 66 0f 1f 44 00 00 b8 1c 00 00 00 0f 05 <48> 3d 01 f0 ff ff 73 01 c3 48 8b 0d c1 46 2b 00 f7 d8 64 89 01 48
[ 1655.500253] RSP: 002b:00007f0d52b7af18 EFLAGS: 00000206 ORIG_RAX: 000000000000001c
[ 1655.501148] RAX: ffffffffffffffda RBX: 00007f0d52b7b700 RCX: 00007f0d52c607a7
[ 1655.501986] RDX: 0000000000000004 RSI: 00000000007fb000 RDI: 00007f0d5237b000
[ 1655.502816] RBP: 0000000000000000 R08: 00007f0d4c0008c0 R09: 00007f0d52b7ae00
[ 1655.503639] R10: 0000000005512cc8 R11: 0000000000000206 R12: 00007ffd022082ae
[ 1655.504471] R13: 00007ffd022082af R14: 00007f0d5237b000 R15: 0000000000000003
[ 1655.505289] NMI backtrace for cpu 0
[ 1655.505719] CPU: 0 PID: 435 Comm: node Not tainted 5.14.0-rc7-mm1+ #7
[ 1655.506469] Hardware name: QEMU Standard PC (i440FX + PIIX, 1996), BIOS 1.13.0-1ubuntu1.1 04/01/2014
[ 1655.507543] Call Trace:
[ 1655.507841]  <IRQ>
[ 1655.508089]  dump_stack_lvl+0x34/0x44
[ 1655.508534]  nmi_cpu_backtrace.cold+0x30/0x70
[ 1655.509064]  ? lapic_can_unplug_cpu+0x70/0x70
[ 1655.509580]  nmi_trigger_cpumask_backtrace+0x77/0x90
[ 1655.510184]  rcu_dump_cpu_stacks+0xb0/0xde
[ 1655.510660]  rcu_sched_clock_irq.cold+0x108/0x272
[ 1655.511216]  update_process_times+0x87/0xc0
[ 1655.511727]  tick_sched_handle.isra.0+0x2b/0x40
[ 1655.512263]  tick_sched_timer+0x5e/0x70
[ 1655.512708]  ? tick_sched_handle.isra.0+0x40/0x40
[ 1655.513278]  __hrtimer_run_queues+0xf2/0x240
[ 1655.513793]  hrtimer_interrupt+0x109/0x230
[ 1655.514291]  __sysvec_apic_timer_interrupt+0x57/0xd0
[ 1655.514872]  sysvec_apic_timer_interrupt+0x65/0x90
[ 1655.515448]  </IRQ>
[ 1655.515693]  asm_sysvec_apic_timer_interrupt+0x12/0x20
[ 1655.516305] RIP: 0010:queued_spin_lock_slowpath+0x18/0x1c0
[ 1655.516946] Code: 39 c1 75 e7 89 c8 f0 44 0f b1 07 39 c1 75 dc c3 cc cc 66 90 ba 01 00 00 00 8b 07 85 c0 75 09 f0 0f b1 17 85 c0 75 f2 c3 f3 90 <eb> ed 81 fe 00 01 00 00 74 3f 40 30 f6 85 f6 75 6c f0 0f ba 2f 08
[ 1655.519086] RSP: 0018:ffffa3864046bcd8 EFLAGS: 00000202
[ 1655.519712] RAX: 0000000000000001 RBX: ffff9643c3a12488 RCX: 0000000000000027
[ 1655.520541] RDX: 0000000000000001 RSI: 0000000000000001 RDI: ffffe055c00e84a8
[ 1655.521376] RBP: ffffe055c00e8480 R08: 0000000000000000 R09: 0000000000000000
[ 1655.522261] R10: ffffa3864046bf38 R11: 00007f0d5237b000 R12: 00007f0d5237c000
[ 1655.523121] R13: 00007f0d5237c000 R14: ffff9643c7dad180 R15: 00007f0d5237b000
[ 1655.523959]  unmap_page_range+0x34f/0x570
[ 1655.524448]  ? copyout+0x1c/0x30
[ 1655.524842]  ? _copy_to_iter+0x7d/0x680
[ 1655.525291]  zap_page_range+0xdb/0x160
[ 1655.525730]  ? ida_free+0xa8/0x130
[ 1655.526147]  ? find_vma+0x5b/0x70
[ 1655.526537]  do_madvise+0x8d7/0x9f0
[ 1655.526953]  ? __x64_sys_madvise+0x21/0x30
[ 1655.527438]  __x64_sys_madvise+0x21/0x30
[ 1655.527909]  do_syscall_64+0x3b/0x90
[ 1655.528314]  entry_SYSCALL_64_after_hwframe+0x44/0xae
[ 1655.528908] RIP: 0033:0x7f0d52c607a7
[ 1655.529333] Code: 83 c4 08 48 3d 01 f0 ff ff 73 01 c3 48 8b 0d e8 46 2b 00 f7 d8 64 89 01 48 83 c8 ff c3 66 0f 1f 44 00 00 b8 1c 00 00 00 0f 05 <48> 3d 01 f0 ff ff 73 01 c3 48 8b 0d c1 46 2b 00 f7 d8 64 89 01 48
[ 1655.531510] RSP: 002b:00007f0d52b7af18 EFLAGS: 00000206 ORIG_RAX: 000000000000001c
[ 1655.532392] RAX: ffffffffffffffda RBX: 00007f0d52b7b700 RCX: 00007f0d52c607a7
[ 1655.533222] RDX: 0000000000000004 RSI: 00000000007fb000 RDI: 00007f0d5237b000
[ 1655.534064] RBP: 0000000000000000 R08: 00007f0d4c0008c0 R09: 00007f0d52b7ae00
[ 1655.534895] R10: 0000000005512cc8 R11: 0000000000000206 R12: 00007ffd022082ae
[ 1655.535731] R13: 00007ffd022082af R14: 00007f0d5237b000 R15: 0000000000000003
[ 1718.462650] rcu: INFO: rcu_sched self-detected stall on CPU
[ 1718.464124] rcu: 	0-...!: (272697 ticks this GP) idle=6c7/1/0x4000000000000000 softirq=2521/2521 fqs=0 
[ 1718.465299] 	(t=273012 jiffies g=1781 q=7)
[ 1718.465950] rcu: rcu_sched kthread starved for 273012 jiffies! g1781 f0x0 RCU_GP_WAIT_FQS(5) ->state=0x0 ->cpu=0
[ 1718.467519] rcu: 	Unless rcu_sched kthread gets sufficient CPU time, OOM is now expected behavior.
[ 1718.468926] rcu: RCU grace-period kthread stack dump:
[ 1718.469692] task:rcu_sched       state:R  running task     stack:14856 pid:   10 ppid:     2 flags:0x00004000
[ 1718.471228] Call Trace:
[ 1718.471625]  __schedule+0x271/0x6f0
[ 1718.472169]  schedule+0x3f/0xa0
[ 1718.472652]  schedule_timeout+0x18b/0x290
[ 1718.473278]  ? del_timer_sync+0x30/0x30
[ 1718.473873]  rcu_gp_fqs_loop+0xee/0x3b0
[ 1718.474403]  rcu_gp_kthread+0xe2/0x1c0
[ 1718.474969]  ? rcu_gp_cleanup+0x460/0x460
[ 1718.475582]  kthread+0x122/0x140
[ 1718.476083]  ? set_kthread_struct+0x40/0x40
[ 1718.476716]  ret_from_fork+0x22/0x30
[ 1718.477296] rcu: Stack dump where RCU GP kthread last ran:
[ 1718.478097] NMI backtrace for cpu 0
[ 1718.478613] CPU: 0 PID: 435 Comm: node Not tainted 5.14.0-rc7-mm1+ #7
[ 1718.479525] Hardware name: QEMU Standard PC (i440FX + PIIX, 1996), BIOS 1.13.0-1ubuntu1.1 04/01/2014
[ 1718.480929] Call Trace:
[ 1718.481233]  <IRQ>
[ 1718.481537]  dump_stack_lvl+0x34/0x44
[ 1718.482109]  nmi_cpu_backtrace.cold+0x30/0x70
[ 1718.482780]  ? lapic_can_unplug_cpu+0x70/0x70
[ 1718.483458]  nmi_trigger_cpumask_backtrace+0x77/0x90
[ 1718.484221]  rcu_check_gp_kthread_starvation+0x101/0x111
[ 1718.485054]  rcu_sched_clock_irq.cold+0x103/0x272
[ 1718.485780]  update_process_times+0x87/0xc0
[ 1718.486428]  tick_sched_handle.isra.0+0x2b/0x40
[ 1718.487136]  tick_sched_timer+0x5e/0x70
[ 1718.487617]  ? tick_sched_handle.isra.0+0x40/0x40
[ 1718.488224]  __hrtimer_run_queues+0xf2/0x240
[ 1718.488880]  hrtimer_interrupt+0x109/0x230
[ 1718.489543]  __sysvec_apic_timer_interrupt+0x57/0xd0
[ 1718.490312]  sysvec_apic_timer_interrupt+0x65/0x90
[ 1718.491050]  </IRQ>
[ 1718.491388]  asm_sysvec_apic_timer_interrupt+0x12/0x20
[ 1718.492107] RIP: 0010:queued_spin_lock_slowpath+0x18/0x1c0
[ 1718.492830] Code: 39 c1 75 e7 89 c8 f0 44 0f b1 07 39 c1 75 dc c3 cc cc 66 90 ba 01 00 00 00 8b 07 85 c0 75 09 f0 0f b1 17 85 c0 75 f2 c3 f3 90 <eb> ed 81 fe 00 01 00 00 74 3f 40 30 f6 85 f6 75 6c f0 0f ba 2f 08
[ 1718.495658] RSP: 0018:ffffa3864046bcd8 EFLAGS: 00000202
[ 1718.496460] RAX: 0000000000000001 RBX: ffff9643c3a12488 RCX: 0000000000000027
[ 1718.497539] RDX: 0000000000000001 RSI: 0000000000000001 RDI: ffffe055c00e84a8
[ 1718.498598] RBP: ffffe055c00e8480 R08: 0000000000000000 R09: 0000000000000000
[ 1718.499674] R10: ffffa3864046bf38 R11: 00007f0d5237b000 R12: 00007f0d5237c000
[ 1718.500736] R13: 00007f0d5237c000 R14: ffff9643c7dad180 R15: 00007f0d5237b000
[ 1718.502282]  unmap_page_range+0x34f/0x570
[ 1718.502757]  ? copyout+0x1c/0x30
[ 1718.503134]  ? _copy_to_iter+0x7d/0x680
[ 1718.503568]  zap_page_range+0xdb/0x160
[ 1718.503989]  ? ida_free+0xa8/0x130
[ 1718.504417]  ? find_vma+0x5b/0x70
[ 1718.504809]  do_madvise+0x8d7/0x9f0
[ 1718.505243]  ? __x64_sys_madvise+0x21/0x30
[ 1718.505710]  __x64_sys_madvise+0x21/0x30
[ 1718.506154]  do_syscall_64+0x3b/0x90
[ 1718.506564]  entry_SYSCALL_64_after_hwframe+0x44/0xae
[ 1718.507155] RIP: 0033:0x7f0d52c607a7
[ 1718.507586] Code: 83 c4 08 48 3d 01 f0 ff ff 73 01 c3 48 8b 0d e8 46 2b 00 f7 d8 64 89 01 48 83 c8 ff c3 66 0f 1f 44 00 00 b8 1c 00 00 00 0f 05 <48> 3d 01 f0 ff ff 73 01 c3 48 8b 0d c1 46 2b 00 f7 d8 64 89 01 48
[ 1718.509681] RSP: 002b:00007f0d52b7af18 EFLAGS: 00000206 ORIG_RAX: 000000000000001c
[ 1718.510563] RAX: ffffffffffffffda RBX: 00007f0d52b7b700 RCX: 00007f0d52c607a7
[ 1718.511382] RDX: 0000000000000004 RSI: 00000000007fb000 RDI: 00007f0d5237b000
[ 1718.512212] RBP: 0000000000000000 R08: 00007f0d4c0008c0 R09: 00007f0d52b7ae00
[ 1718.513021] R10: 0000000005512cc8 R11: 0000000000000206 R12: 00007ffd022082ae
[ 1718.513852] R13: 00007ffd022082af R14: 00007f0d5237b000 R15: 0000000000000003
[ 1718.514673] NMI backtrace for cpu 0
[ 1718.515076] CPU: 0 PID: 435 Comm: node Not tainted 5.14.0-rc7-mm1+ #7
[ 1718.515809] Hardware name: QEMU Standard PC (i440FX + PIIX, 1996), BIOS 1.13.0-1ubuntu1.1 04/01/2014
[ 1718.516839] Call Trace:
[ 1718.517145]  <IRQ>
[ 1718.517381]  dump_stack_lvl+0x34/0x44
[ 1718.517815]  nmi_cpu_backtrace.cold+0x30/0x70
[ 1718.518325]  ? lapic_can_unplug_cpu+0x70/0x70
[ 1718.518839]  nmi_trigger_cpumask_backtrace+0x77/0x90
[ 1718.519413]  rcu_dump_cpu_stacks+0xb0/0xde
[ 1718.519883]  rcu_sched_clock_irq.cold+0x108/0x272
[ 1718.520437]  update_process_times+0x87/0xc0
[ 1718.520917]  tick_sched_handle.isra.0+0x2b/0x40
[ 1718.521451]  tick_sched_timer+0x5e/0x70
[ 1718.521885]  ? tick_sched_handle.isra.0+0x40/0x40
[ 1718.522421]  __hrtimer_run_queues+0xf2/0x240
[ 1718.522918]  hrtimer_interrupt+0x109/0x230
[ 1718.523379]  __sysvec_apic_timer_interrupt+0x57/0xd0
[ 1718.523934]  sysvec_apic_timer_interrupt+0x65/0x90
[ 1718.524476]  </IRQ>
[ 1718.524721]  asm_sysvec_apic_timer_interrupt+0x12/0x20
[ 1718.525332] RIP: 0010:queued_spin_lock_slowpath+0x18/0x1c0
[ 1718.525968] Code: 39 c1 75 e7 89 c8 f0 44 0f b1 07 39 c1 75 dc c3 cc cc 66 90 ba 01 00 00 00 8b 07 85 c0 75 09 f0 0f b1 17 85 c0 75 f2 c3 f3 90 <eb> ed 81 fe 00 01 00 00 74 3f 40 30 f6 85 f6 75 6c f0 0f ba 2f 08
[ 1718.528067] RSP: 0018:ffffa3864046bcd8 EFLAGS: 00000202
[ 1718.528666] RAX: 0000000000000001 RBX: ffff9643c3a12488 RCX: 0000000000000027
[ 1718.529502] RDX: 0000000000000001 RSI: 0000000000000001 RDI: ffffe055c00e84a8
[ 1718.530350] RBP: ffffe055c00e8480 R08: 0000000000000000 R09: 0000000000000000
[ 1718.531165] R10: ffffa3864046bf38 R11: 00007f0d5237b000 R12: 00007f0d5237c000
[ 1718.531979] R13: 00007f0d5237c000 R14: ffff9643c7dad180 R15: 00007f0d5237b000
[ 1718.532821]  unmap_page_range+0x34f/0x570
[ 1718.533301]  ? copyout+0x1c/0x30
[ 1718.533675]  ? _copy_to_iter+0x7d/0x680
[ 1718.534128]  zap_page_range+0xdb/0x160
[ 1718.534566]  ? ida_free+0xa8/0x130
[ 1718.534971]  ? find_vma+0x5b/0x70
[ 1718.535370]  do_madvise+0x8d7/0x9f0
[ 1718.535778]  ? __x64_sys_madvise+0x21/0x30
[ 1718.536267]  __x64_sys_madvise+0x21/0x30
[ 1718.536709]  do_syscall_64+0x3b/0x90
[ 1718.537149]  entry_SYSCALL_64_after_hwframe+0x44/0xae
[ 1718.537724] RIP: 0033:0x7f0d52c607a7
[ 1718.538142] Code: 83 c4 08 48 3d 01 f0 ff ff 73 01 c3 48 8b 0d e8 46 2b 00 f7 d8 64 89 01 48 83 c8 ff c3 66 0f 1f 44 00 00 b8 1c 00 00 00 0f 05 <48> 3d 01 f0 ff ff 73 01 c3 48 8b 0d c1 46 2b 00 f7 d8 64 89 01 48
[ 1718.540228] RSP: 002b:00007f0d52b7af18 EFLAGS: 00000206 ORIG_RAX: 000000000000001c
[ 1718.541087] RAX: ffffffffffffffda RBX: 00007f0d52b7b700 RCX: 00007f0d52c607a7
[ 1718.541917] RDX: 0000000000000004 RSI: 00000000007fb000 RDI: 00007f0d5237b000
[ 1718.542739] RBP: 0000000000000000 R08: 00007f0d4c0008c0 R09: 00007f0d52b7ae00
[ 1718.543562] R10: 0000000005512cc8 R11: 0000000000000206 R12: 00007ffd022082ae
[ 1718.544386] R13: 00007ffd022082af R14: 00007f0d5237b000 R15: 0000000000000003
[ 1781.465164] rcu: INFO: rcu_sched self-detected stall on CPU
[ 1781.468126] rcu: 	0-...!: (335619 ticks this GP) idle=6c7/1/0x4000000000000000 softirq=2521/2521 fqs=0 
[ 1781.469207] 	(t=336015 jiffies g=1781 q=7)
[ 1781.469699] rcu: rcu_sched kthread starved for 336015 jiffies! g1781 f0x0 RCU_GP_WAIT_FQS(5) ->state=0x0 ->cpu=0
[ 1781.470865] rcu: 	Unless rcu_sched kthread gets sufficient CPU time, OOM is now expected behavior.
[ 1781.471904] rcu: RCU grace-period kthread stack dump:
[ 1781.472498] task:rcu_sched       state:R  running task     stack:14856 pid:   10 ppid:     2 flags:0x00004000
[ 1781.473627] Call Trace:
[ 1781.473923]  __schedule+0x271/0x6f0
[ 1781.474340]  schedule+0x3f/0xa0
[ 1781.474715]  schedule_timeout+0x18b/0x290
[ 1781.475176]  ? del_timer_sync+0x30/0x30
[ 1781.475622]  rcu_gp_fqs_loop+0xee/0x3b0
[ 1781.476074]  rcu_gp_kthread+0xe2/0x1c0
[ 1781.476513]  ? rcu_gp_cleanup+0x460/0x460
[ 1781.476991]  kthread+0x122/0x140
[ 1781.477383]  ? set_kthread_struct+0x40/0x40
[ 1781.477872]  ret_from_fork+0x22/0x30
[ 1781.478293] rcu: Stack dump where RCU GP kthread last ran:
[ 1781.478924] NMI backtrace for cpu 0
[ 1781.479332] CPU: 0 PID: 435 Comm: node Not tainted 5.14.0-rc7-mm1+ #7
[ 1781.480061] Hardware name: QEMU Standard PC (i440FX + PIIX, 1996), BIOS 1.13.0-1ubuntu1.1 04/01/2014
[ 1781.481078] Call Trace:
[ 1781.481369]  <IRQ>
[ 1781.481621]  dump_stack_lvl+0x34/0x44
[ 1781.482051]  nmi_cpu_backtrace.cold+0x30/0x70
[ 1781.482554]  ? lapic_can_unplug_cpu+0x70/0x70
[ 1781.483051]  nmi_trigger_cpumask_backtrace+0x77/0x90
[ 1781.483625]  rcu_check_gp_kthread_starvation+0x101/0x111
[ 1781.484248]  rcu_sched_clock_irq.cold+0x103/0x272
[ 1781.484796]  update_process_times+0x87/0xc0
[ 1781.485290]  tick_sched_handle.isra.0+0x2b/0x40
[ 1781.485816]  tick_sched_timer+0x5e/0x70
[ 1781.486268]  ? tick_sched_handle.isra.0+0x40/0x40
[ 1781.486795]  __hrtimer_run_queues+0xf2/0x240
[ 1781.487303]  hrtimer_interrupt+0x109/0x230
[ 1781.487790]  __sysvec_apic_timer_interrupt+0x57/0xd0
[ 1781.488366]  sysvec_apic_timer_interrupt+0x65/0x90
[ 1781.488930]  </IRQ>
[ 1781.489174]  asm_sysvec_apic_timer_interrupt+0x12/0x20
[ 1781.489769] RIP: 0010:queued_spin_lock_slowpath+0x18/0x1c0
[ 1781.490404] Code: 39 c1 75 e7 89 c8 f0 44 0f b1 07 39 c1 75 dc c3 cc cc 66 90 ba 01 00 00 00 8b 07 85 c0 75 09 f0 0f b1 17 85 c0 75 f2 c3 f3 90 <eb> ed 81 fe 00 01 00 00 74 3f 40 30 f6 85 f6 75 6c f0 0f ba 2f 08
[ 1781.492540] RSP: 0018:ffffa3864046bcd8 EFLAGS: 00000202
[ 1781.493148] RAX: 0000000000000001 RBX: ffff9643c3a12488 RCX: 0000000000000027
[ 1781.493982] RDX: 0000000000000001 RSI: 0000000000000001 RDI: ffffe055c00e84a8
[ 1781.494792] RBP: ffffe055c00e8480 R08: 0000000000000000 R09: 0000000000000000
[ 1781.495598] R10: ffffa3864046bf38 R11: 00007f0d5237b000 R12: 00007f0d5237c000
[ 1781.496407] R13: 00007f0d5237c000 R14: ffff9643c7dad180 R15: 00007f0d5237b000
[ 1781.497222]  unmap_page_range+0x34f/0x570
[ 1781.497696]  ? copyout+0x1c/0x30
[ 1781.498073]  ? _copy_to_iter+0x7d/0x680
[ 1781.498514]  zap_page_range+0xdb/0x160
[ 1781.498943]  ? ida_free+0xa8/0x130
[ 1781.499337]  ? find_vma+0x5b/0x70
[ 1781.499723]  do_madvise+0x8d7/0x9f0
[ 1781.500131]  ? __x64_sys_madvise+0x21/0x30
[ 1781.500614]  __x64_sys_madvise+0x21/0x30
[ 1781.501080]  do_syscall_64+0x3b/0x90
[ 1781.501501]  entry_SYSCALL_64_after_hwframe+0x44/0xae
[ 1781.502098] RIP: 0033:0x7f0d52c607a7
[ 1781.502517] Code: 83 c4 08 48 3d 01 f0 ff ff 73 01 c3 48 8b 0d e8 46 2b 00 f7 d8 64 89 01 48 83 c8 ff c3 66 0f 1f 44 00 00 b8 1c 00 00 00 0f 05 <48> 3d 01 f0 ff ff 73 01 c3 48 8b 0d c1 46 2b 00 f7 d8 64 89 01 48
[ 1781.504649] RSP: 002b:00007f0d52b7af18 EFLAGS: 00000206 ORIG_RAX: 000000000000001c
[ 1781.505511] RAX: ffffffffffffffda RBX: 00007f0d52b7b700 RCX: 00007f0d52c607a7
[ 1781.506354] RDX: 0000000000000004 RSI: 00000000007fb000 RDI: 00007f0d5237b000
[ 1781.507184] RBP: 0000000000000000 R08: 00007f0d4c0008c0 R09: 00007f0d52b7ae00
[ 1781.508011] R10: 0000000005512cc8 R11: 0000000000000206 R12: 00007ffd022082ae
[ 1781.508840] R13: 00007ffd022082af R14: 00007f0d5237b000 R15: 0000000000000003
[ 1781.509656] NMI backtrace for cpu 0
[ 1781.510053] CPU: 0 PID: 435 Comm: node Not tainted 5.14.0-rc7-mm1+ #7
[ 1781.510802] Hardware name: QEMU Standard PC (i440FX + PIIX, 1996), BIOS 1.13.0-1ubuntu1.1 04/01/2014
[ 1781.511810] Call Trace:
[ 1781.512107]  <IRQ>
[ 1781.512351]  dump_stack_lvl+0x34/0x44
[ 1781.512795]  nmi_cpu_backtrace.cold+0x30/0x70
[ 1781.513312]  ? lapic_can_unplug_cpu+0x70/0x70
[ 1781.513819]  nmi_trigger_cpumask_backtrace+0x77/0x90
[ 1781.514398]  rcu_dump_cpu_stacks+0xb0/0xde
[ 1781.514885]  rcu_sched_clock_irq.cold+0x108/0x272
[ 1781.515426]  update_process_times+0x87/0xc0
[ 1781.515908]  tick_sched_handle.isra.0+0x2b/0x40
[ 1781.516449]  tick_sched_timer+0x5e/0x70
[ 1781.516889]  ? tick_sched_handle.isra.0+0x40/0x40
[ 1781.517441]  __hrtimer_run_queues+0xf2/0x240
[ 1781.517926]  hrtimer_interrupt+0x109/0x230
[ 1781.518401]  __sysvec_apic_timer_interrupt+0x57/0xd0
[ 1781.518979]  sysvec_apic_timer_interrupt+0x65/0x90
[ 1781.519537]  </IRQ>
[ 1781.519785]  asm_sysvec_apic_timer_interrupt+0x12/0x20
[ 1781.520385] RIP: 0010:queued_spin_lock_slowpath+0x18/0x1c0
[ 1781.521025] Code: 39 c1 75 e7 89 c8 f0 44 0f b1 07 39 c1 75 dc c3 cc cc 66 90 ba 01 00 00 00 8b 07 85 c0 75 09 f0 0f b1 17 85 c0 75 f2 c3 f3 90 <eb> ed 81 fe 00 01 00 00 74 3f 40 30 f6 85 f6 75 6c f0 0f ba 2f 08
[ 1781.523209] RSP: 0018:ffffa3864046bcd8 EFLAGS: 00000202
[ 1781.523819] RAX: 0000000000000001 RBX: ffff9643c3a12488 RCX: 0000000000000027
[ 1781.524657] RDX: 0000000000000001 RSI: 0000000000000001 RDI: ffffe055c00e84a8
[ 1781.525478] RBP: ffffe055c00e8480 R08: 0000000000000000 R09: 0000000000000000
[ 1781.526283] R10: ffffa3864046bf38 R11: 00007f0d5237b000 R12: 00007f0d5237c000
[ 1781.527097] R13: 00007f0d5237c000 R14: ffff9643c7dad180 R15: 00007f0d5237b000
[ 1781.527904]  unmap_page_range+0x34f/0x570
[ 1781.528377]  ? copyout+0x1c/0x30
[ 1781.528780]  ? _copy_to_iter+0x7d/0x680
[ 1781.529227]  zap_page_range+0xdb/0x160
[ 1781.529661]  ? ida_free+0xa8/0x130
[ 1781.530044]  ? find_vma+0x5b/0x70
[ 1781.530435]  do_madvise+0x8d7/0x9f0
[ 1781.530852]  ? __x64_sys_madvise+0x21/0x30
[ 1781.531342]  __x64_sys_madvise+0x21/0x30
[ 1781.531807]  do_syscall_64+0x3b/0x90
[ 1781.532238]  entry_SYSCALL_64_after_hwframe+0x44/0xae
[ 1781.532831] RIP: 0033:0x7f0d52c607a7
[ 1781.533254] Code: 83 c4 08 48 3d 01 f0 ff ff 73 01 c3 48 8b 0d e8 46 2b 00 f7 d8 64 89 01 48 83 c8 ff c3 66 0f 1f 44 00 00 b8 1c 00 00 00 0f 05 <48> 3d 01 f0 ff ff 73 01 c3 48 8b 0d c1 46 2b 00 f7 d8 64 89 01 48
[ 1781.535425] RSP: 002b:00007f0d52b7af18 EFLAGS: 00000206 ORIG_RAX: 000000000000001c
[ 1781.536283] RAX: ffffffffffffffda RBX: 00007f0d52b7b700 RCX: 00007f0d52c607a7
[ 1781.537109] RDX: 0000000000000004 RSI: 00000000007fb000 RDI: 00007f0d5237b000
[ 1781.537948] RBP: 0000000000000000 R08: 00007f0d4c0008c0 R09: 00007f0d52b7ae00
[ 1781.538791] R10: 0000000005512cc8 R11: 0000000000000206 R12: 00007ffd022082ae
[ 1781.539600] R13: 00007ffd022082af R14: 00007f0d5237b000 R15: 0000000000000003
[ 1844.467682] rcu: INFO: rcu_sched self-detected stall on CPU
[ 1844.471252] rcu: 	0-...!: (398548 ticks this GP) idle=6c7/1/0x4000000000000000 softirq=2521/2521 fqs=0 
[ 1844.472330] 	(t=399018 jiffies g=1781 q=7)
[ 1844.472801] rcu: rcu_sched kthread starved for 399018 jiffies! g1781 f0x0 RCU_GP_WAIT_FQS(5) ->state=0x0 ->cpu=0
[ 1844.473964] rcu: 	Unless rcu_sched kthread gets sufficient CPU time, OOM is now expected behavior.
[ 1844.474969] rcu: RCU grace-period kthread stack dump:
[ 1844.475548] task:rcu_sched       state:R  running task     stack:14856 pid:   10 ppid:     2 flags:0x00004000
[ 1844.476706] Call Trace:
[ 1844.477005]  __schedule+0x271/0x6f0
[ 1844.477427]  schedule+0x3f/0xa0
[ 1844.477800]  schedule_timeout+0x18b/0x290
[ 1844.478281]  ? del_timer_sync+0x30/0x30
[ 1844.478740]  rcu_gp_fqs_loop+0xee/0x3b0
[ 1844.479181]  rcu_gp_kthread+0xe2/0x1c0
[ 1844.479629]  ? rcu_gp_cleanup+0x460/0x460
[ 1844.480086]  kthread+0x122/0x140
[ 1844.480477]  ? set_kthread_struct+0x40/0x40
[ 1844.480983]  ret_from_fork+0x22/0x30
[ 1844.481401] rcu: Stack dump where RCU GP kthread last ran:
[ 1844.482028] NMI backtrace for cpu 0
[ 1844.482439] CPU: 0 PID: 435 Comm: node Not tainted 5.14.0-rc7-mm1+ #7
[ 1844.483170] Hardware name: QEMU Standard PC (i440FX + PIIX, 1996), BIOS 1.13.0-1ubuntu1.1 04/01/2014
[ 1844.484235] Call Trace:
[ 1844.484529]  <IRQ>
[ 1844.484770]  dump_stack_lvl+0x34/0x44
[ 1844.485189]  nmi_cpu_backtrace.cold+0x30/0x70
[ 1844.485710]  ? lapic_can_unplug_cpu+0x70/0x70
[ 1844.486212]  nmi_trigger_cpumask_backtrace+0x77/0x90
[ 1844.486784]  rcu_check_gp_kthread_starvation+0x101/0x111
[ 1844.487405]  rcu_sched_clock_irq.cold+0x103/0x272
[ 1844.487962]  update_process_times+0x87/0xc0
[ 1844.488462]  tick_sched_handle.isra.0+0x2b/0x40
[ 1844.488999]  tick_sched_timer+0x5e/0x70
[ 1844.489430]  ? tick_sched_handle.isra.0+0x40/0x40
[ 1844.489969]  __hrtimer_run_queues+0xf2/0x240
[ 1844.490482]  hrtimer_interrupt+0x109/0x230
[ 1844.490948]  __sysvec_apic_timer_interrupt+0x57/0xd0
[ 1844.491519]  sysvec_apic_timer_interrupt+0x65/0x90
[ 1844.492074]  </IRQ>
[ 1844.492318]  asm_sysvec_apic_timer_interrupt+0x12/0x20
[ 1844.492907] RIP: 0010:queued_spin_lock_slowpath+0x18/0x1c0
[ 1844.493549] Code: 39 c1 75 e7 89 c8 f0 44 0f b1 07 39 c1 75 dc c3 cc cc 66 90 ba 01 00 00 00 8b 07 85 c0 75 09 f0 0f b1 17 85 c0 75 f2 c3 f3 90 <eb> ed 81 fe 00 01 00 00 74 3f 40 30 f6 85 f6 75 6c f0 0f ba 2f 08
[ 1844.495706] RSP: 0018:ffffa3864046bcd8 EFLAGS: 00000202
[ 1844.496334] RAX: 0000000000000001 RBX: ffff9643c3a12488 RCX: 0000000000000027
[ 1844.497166] RDX: 0000000000000001 RSI: 0000000000000001 RDI: ffffe055c00e84a8
[ 1844.498009] RBP: ffffe055c00e8480 R08: 0000000000000000 R09: 0000000000000000
[ 1844.498855] R10: ffffa3864046bf38 R11: 00007f0d5237b000 R12: 00007f0d5237c000
[ 1844.499704] R13: 00007f0d5237c000 R14: ffff9643c7dad180 R15: 00007f0d5237b000
[ 1844.500524]  unmap_page_range+0x34f/0x570
[ 1844.500968]  ? copyout+0x1c/0x30
[ 1844.501364]  ? _copy_to_iter+0x7d/0x680
[ 1844.501803]  zap_page_range+0xdb/0x160
[ 1844.502250]  ? ida_free+0xa8/0x130
[ 1844.502674]  ? find_vma+0x5b/0x70
[ 1844.503082]  do_madvise+0x8d7/0x9f0
[ 1844.503499]  ? __x64_sys_madvise+0x21/0x30
[ 1844.503987]  __x64_sys_madvise+0x21/0x30
[ 1844.504433]  do_syscall_64+0x3b/0x90
[ 1844.504854]  entry_SYSCALL_64_after_hwframe+0x44/0xae
[ 1844.505453] RIP: 0033:0x7f0d52c607a7
[ 1844.505877] Code: 83 c4 08 48 3d 01 f0 ff ff 73 01 c3 48 8b 0d e8 46 2b 00 f7 d8 64 89 01 48 83 c8 ff c3 66 0f 1f 44 00 00 b8 1c 00 00 00 0f 05 <48> 3d 01 f0 ff ff 73 01 c3 48 8b 0d c1 46 2b 00 f7 d8 64 89 01 48
[ 1844.508068] RSP: 002b:00007f0d52b7af18 EFLAGS: 00000206 ORIG_RAX: 000000000000001c
[ 1844.508916] RAX: ffffffffffffffda RBX: 00007f0d52b7b700 RCX: 00007f0d52c607a7
[ 1844.509736] RDX: 0000000000000004 RSI: 00000000007fb000 RDI: 00007f0d5237b000
[ 1844.510545] RBP: 0000000000000000 R08: 00007f0d4c0008c0 R09: 00007f0d52b7ae00
[ 1844.511362] R10: 0000000005512cc8 R11: 0000000000000206 R12: 00007ffd022082ae
[ 1844.512172] R13: 00007ffd022082af R14: 00007f0d5237b000 R15: 0000000000000003
[ 1844.512990] NMI backtrace for cpu 0
[ 1844.513391] CPU: 0 PID: 435 Comm: node Not tainted 5.14.0-rc7-mm1+ #7
[ 1844.514134] Hardware name: QEMU Standard PC (i440FX + PIIX, 1996), BIOS 1.13.0-1ubuntu1.1 04/01/2014
[ 1844.515176] Call Trace:
[ 1844.515463]  <IRQ>
[ 1844.515715]  dump_stack_lvl+0x34/0x44
[ 1844.516155]  nmi_cpu_backtrace.cold+0x30/0x70
[ 1844.516651]  ? lapic_can_unplug_cpu+0x70/0x70
[ 1844.517162]  nmi_trigger_cpumask_backtrace+0x77/0x90
[ 1844.517728]  rcu_dump_cpu_stacks+0xb0/0xde
[ 1844.518203]  rcu_sched_clock_irq.cold+0x108/0x272
[ 1844.518736]  update_process_times+0x87/0xc0
[ 1844.519224]  tick_sched_handle.isra.0+0x2b/0x40
[ 1844.519752]  tick_sched_timer+0x5e/0x70
[ 1844.520199]  ? tick_sched_handle.isra.0+0x40/0x40
[ 1844.520748]  __hrtimer_run_queues+0xf2/0x240
[ 1844.521251]  hrtimer_interrupt+0x109/0x230
[ 1844.521739]  __sysvec_apic_timer_interrupt+0x57/0xd0
[ 1844.522328]  sysvec_apic_timer_interrupt+0x65/0x90
[ 1844.522877]  </IRQ>
[ 1844.523138]  asm_sysvec_apic_timer_interrupt+0x12/0x20
[ 1844.523739] RIP: 0010:queued_spin_lock_slowpath+0x18/0x1c0
[ 1844.524383] Code: 39 c1 75 e7 89 c8 f0 44 0f b1 07 39 c1 75 dc c3 cc cc 66 90 ba 01 00 00 00 8b 07 85 c0 75 09 f0 0f b1 17 85 c0 75 f2 c3 f3 90 <eb> ed 81 fe 00 01 00 00 74 3f 40 30 f6 85 f6 75 6c f0 0f ba 2f 08
[ 1844.526475] RSP: 0018:ffffa3864046bcd8 EFLAGS: 00000202
[ 1844.527069] RAX: 0000000000000001 RBX: ffff9643c3a12488 RCX: 0000000000000027
[ 1844.527882] RDX: 0000000000000001 RSI: 0000000000000001 RDI: ffffe055c00e84a8
[ 1844.528717] RBP: ffffe055c00e8480 R08: 0000000000000000 R09: 0000000000000000
[ 1844.529530] R10: ffffa3864046bf38 R11: 00007f0d5237b000 R12: 00007f0d5237c000
[ 1844.530337] R13: 00007f0d5237c000 R14: ffff9643c7dad180 R15: 00007f0d5237b000
[ 1844.531163]  unmap_page_range+0x34f/0x570
[ 1844.531614]  ? copyout+0x1c/0x30
[ 1844.531990]  ? _copy_to_iter+0x7d/0x680
[ 1844.532451]  zap_page_range+0xdb/0x160
[ 1844.532890]  ? ida_free+0xa8/0x130
[ 1844.533294]  ? find_vma+0x5b/0x70
[ 1844.533697]  do_madvise+0x8d7/0x9f0
[ 1844.534113]  ? __x64_sys_madvise+0x21/0x30
[ 1844.534582]  __x64_sys_madvise+0x21/0x30
[ 1844.535041]  do_syscall_64+0x3b/0x90
[ 1844.535459]  entry_SYSCALL_64_after_hwframe+0x44/0xae
[ 1844.536047] RIP: 0033:0x7f0d52c607a7
[ 1844.536462] Code: 83 c4 08 48 3d 01 f0 ff ff 73 01 c3 48 8b 0d e8 46 2b 00 f7 d8 64 89 01 48 83 c8 ff c3 66 0f 1f 44 00 00 b8 1c 00 00 00 0f 05 <48> 3d 01 f0 ff ff 73 01 c3 48 8b 0d c1 46 2b 00 f7 d8 64 89 01 48
[ 1844.538579] RSP: 002b:00007f0d52b7af18 EFLAGS: 00000206 ORIG_RAX: 000000000000001c
[ 1844.539433] RAX: ffffffffffffffda RBX: 00007f0d52b7b700 RCX: 00007f0d52c607a7
[ 1844.540270] RDX: 0000000000000004 RSI: 00000000007fb000 RDI: 00007f0d5237b000
[ 1844.541074] RBP: 0000000000000000 R08: 00007f0d4c0008c0 R09: 00007f0d52b7ae00
[ 1844.541879] R10: 0000000005512cc8 R11: 0000000000000206 R12: 00007ffd022082ae
[ 1844.542724] R13: 00007ffd022082af R14: 00007f0d5237b000 R15: 0000000000000003
[ 1907.470203] rcu: INFO: rcu_sched self-detected stall on CPU
[ 1907.471129] rcu: 	0-...!: (461477 ticks this GP) idle=6c7/1/0x4000000000000000 softirq=2521/2521 fqs=0 
[ 1907.472187] 	(t=462021 jiffies g=1781 q=7)
[ 1907.472666] rcu: rcu_sched kthread starved for 462021 jiffies! g1781 f0x0 RCU_GP_WAIT_FQS(5) ->state=0x0 ->cpu=0
[ 1907.473801] rcu: 	Unless rcu_sched kthread gets sufficient CPU time, OOM is now expected behavior.
[ 1907.474810] rcu: RCU grace-period kthread stack dump:
[ 1907.475390] task:rcu_sched       state:R  running task     stack:14856 pid:   10 ppid:     2 flags:0x00004000
[ 1907.476489] Call Trace:
[ 1907.476769]  __schedule+0x271/0x6f0
[ 1907.477167]  schedule+0x3f/0xa0
[ 1907.477533]  schedule_timeout+0x18b/0x290
[ 1907.477991]  ? del_timer_sync+0x30/0x30
[ 1907.478437]  rcu_gp_fqs_loop+0xee/0x3b0
[ 1907.478873]  rcu_gp_kthread+0xe2/0x1c0
[ 1907.479293]  ? rcu_gp_cleanup+0x460/0x460
[ 1907.479740]  kthread+0x122/0x140
[ 1907.480113]  ? set_kthread_struct+0x40/0x40
[ 1907.480585]  ret_from_fork+0x22/0x30
[ 1907.480990] rcu: Stack dump where RCU GP kthread last ran:
[ 1907.481596] NMI backtrace for cpu 0
[ 1907.481991] CPU: 0 PID: 435 Comm: node Not tainted 5.14.0-rc7-mm1+ #7
[ 1907.482706] Hardware name: QEMU Standard PC (i440FX + PIIX, 1996), BIOS 1.13.0-1ubuntu1.1 04/01/2014
[ 1907.483733] Call Trace:
[ 1907.484010]  <IRQ>
[ 1907.484267]  dump_stack_lvl+0x34/0x44
[ 1907.484688]  nmi_cpu_backtrace.cold+0x30/0x70
[ 1907.485176]  ? lapic_can_unplug_cpu+0x70/0x70
[ 1907.485664]  nmi_trigger_cpumask_backtrace+0x77/0x90
[ 1907.486226]  rcu_check_gp_kthread_starvation+0x101/0x111
[ 1907.486856]  rcu_sched_clock_irq.cold+0x103/0x272
[ 1907.487389]  update_process_times+0x87/0xc0
[ 1907.487861]  tick_sched_handle.isra.0+0x2b/0x40
[ 1907.488374]  tick_sched_timer+0x5e/0x70
[ 1907.488805]  ? tick_sched_handle.isra.0+0x40/0x40
[ 1907.489333]  __hrtimer_run_queues+0xf2/0x240
[ 1907.489809]  hrtimer_interrupt+0x109/0x230
[ 1907.490281]  __sysvec_apic_timer_interrupt+0x57/0xd0
[ 1907.490840]  sysvec_apic_timer_interrupt+0x65/0x90
[ 1907.491378]  </IRQ>
[ 1907.491632]  asm_sysvec_apic_timer_interrupt+0x12/0x20
[ 1907.492232] RIP: 0010:queued_spin_lock_slowpath+0x18/0x1c0
[ 1907.492849] Code: 39 c1 75 e7 89 c8 f0 44 0f b1 07 39 c1 75 dc c3 cc cc 66 90 ba 01 00 00 00 8b 07 85 c0 75 09 f0 0f b1 17 85 c0 75 f2 c3 f3 90 <eb> ed 81 fe 00 01 00 00 74 3f 40 30 f6 85 f6 75 6c f0 0f ba 2f 08
[ 1907.494971] RSP: 0018:ffffa3864046bcd8 EFLAGS: 00000202
[ 1907.495575] RAX: 0000000000000001 RBX: ffff9643c3a12488 RCX: 0000000000000027
[ 1907.496366] RDX: 0000000000000001 RSI: 0000000000000001 RDI: ffffe055c00e84a8
[ 1907.497162] RBP: ffffe055c00e8480 R08: 0000000000000000 R09: 0000000000000000
[ 1907.497959] R10: ffffa3864046bf38 R11: 00007f0d5237b000 R12: 00007f0d5237c000
[ 1907.498749] R13: 00007f0d5237c000 R14: ffff9643c7dad180 R15: 00007f0d5237b000
[ 1907.499559]  unmap_page_range+0x34f/0x570
[ 1907.500011]  ? copyout+0x1c/0x30
[ 1907.500388]  ? _copy_to_iter+0x7d/0x680
[ 1907.500820]  zap_page_range+0xdb/0x160
[ 1907.501236]  ? ida_free+0xa8/0x130
[ 1907.501623]  ? find_vma+0x5b/0x70
[ 1907.502006]  do_madvise+0x8d7/0x9f0
[ 1907.502415]  ? __x64_sys_madvise+0x21/0x30
[ 1907.502887]  __x64_sys_madvise+0x21/0x30
[ 1907.503351]  do_syscall_64+0x3b/0x90
[ 1907.503755]  entry_SYSCALL_64_after_hwframe+0x44/0xae
[ 1907.504325] RIP: 0033:0x7f0d52c607a7
[ 1907.504748] Code: 83 c4 08 48 3d 01 f0 ff ff 73 01 c3 48 8b 0d e8 46 2b 00 f7 d8 64 89 01 48 83 c8 ff c3 66 0f 1f 44 00 00 b8 1c 00 00 00 0f 05 <48> 3d 01 f0 ff ff 73 01 c3 48 8b 0d c1 46 2b 00 f7 d8 64 89 01 48
[ 1907.506879] RSP: 002b:00007f0d52b7af18 EFLAGS: 00000206 ORIG_RAX: 000000000000001c
[ 1907.507758] RAX: ffffffffffffffda RBX: 00007f0d52b7b700 RCX: 00007f0d52c607a7
[ 1907.508543] RDX: 0000000000000004 RSI: 00000000007fb000 RDI: 00007f0d5237b000
[ 1907.509338] RBP: 0000000000000000 R08: 00007f0d4c0008c0 R09: 00007f0d52b7ae00
[ 1907.510153] R10: 0000000005512cc8 R11: 0000000000000206 R12: 00007ffd022082ae
[ 1907.510946] R13: 00007ffd022082af R14: 00007f0d5237b000 R15: 0000000000000003
[ 1907.511749] NMI backtrace for cpu 0
[ 1907.512146] CPU: 0 PID: 435 Comm: node Not tainted 5.14.0-rc7-mm1+ #7
[ 1907.512875] Hardware name: QEMU Standard PC (i440FX + PIIX, 1996), BIOS 1.13.0-1ubuntu1.1 04/01/2014
[ 1907.513875] Call Trace:
[ 1907.514159]  <IRQ>
[ 1907.514394]  dump_stack_lvl+0x34/0x44
[ 1907.514813]  nmi_cpu_backtrace.cold+0x30/0x70
[ 1907.515320]  ? lapic_can_unplug_cpu+0x70/0x70
[ 1907.515810]  nmi_trigger_cpumask_backtrace+0x77/0x90
[ 1907.516369]  rcu_dump_cpu_stacks+0xb0/0xde
[ 1907.516831]  rcu_sched_clock_irq.cold+0x108/0x272
[ 1907.517374]  update_process_times+0x87/0xc0
[ 1907.517840]  tick_sched_handle.isra.0+0x2b/0x40
