c[?7l[2J[0mSeaBIOS (version 1.13.0-1ubuntu1.1)


iPXE (http://ipxe.org) 00:03.0 CA00 PCI2.10 PnP PMM+7FF8C7D0+7FECC7D0 CA00
Press Ctrl-B to configure iPXE (PCI 00:03.0)...                                                                               


Booting from ROM..c[?7l[2J[0m.Wrong EFI loader signature.
early console in extract_kernel
input_data: 0x00000000026d43ac
input_len: 0x0000000000898282
output: 0x0000000001000000
output_len: 0x0000000001f3c9f8
kernel_total_size: 0x0000000001e26000
needed_size: 0x0000000002000000
trampoline_32bit: 0x000000000009d000

Decompressing Linux... Parsing ELF... done.
Booting the kernel.
[    0.000000] Linux version 5.6.19+ (ding@ding) (gcc version 9.3.0 (Ubuntu 9.3.0-17ubuntu1~20.04)) #15 SMP Wed Sep 15 17:45:38 EDT 2021
[    0.000000] Command line: console=ttyS0 root=/dev/sda earlyprintk=serial net.ifnames=0 kernel-modules
[    0.000000] x86/fpu: Supporting XSAVE feature 0x001: 'x87 floating point registers'
[    0.000000] x86/fpu: Supporting XSAVE feature 0x002: 'SSE registers'
[    0.000000] x86/fpu: Supporting XSAVE feature 0x004: 'AVX registers'
[    0.000000] x86/fpu: Supporting XSAVE feature 0x008: 'MPX bounds registers'
[    0.000000] x86/fpu: Supporting XSAVE feature 0x010: 'MPX CSR'
[    0.000000] x86/fpu: xstate_offset[2]:  576, xstate_sizes[2]:  256
[    0.000000] x86/fpu: xstate_offset[3]:  832, xstate_sizes[3]:   64
[    0.000000] x86/fpu: xstate_offset[4]:  896, xstate_sizes[4]:   64
[    0.000000] x86/fpu: Enabled xstate features 0x1f, context size is 960 bytes, using 'compacted' format.
[    0.000000] BIOS-provided physical RAM map:
[    0.000000] BIOS-e820: [mem 0x0000000000000000-0x000000000009fbff] usable
[    0.000000] BIOS-e820: [mem 0x000000000009fc00-0x000000000009ffff] reserved
[    0.000000] BIOS-e820: [mem 0x00000000000f0000-0x00000000000fffff] reserved
[    0.000000] BIOS-e820: [mem 0x0000000000100000-0x000000007ffdffff] usable
[    0.000000] BIOS-e820: [mem 0x000000007ffe0000-0x000000007fffffff] reserved
[    0.000000] BIOS-e820: [mem 0x00000000feffc000-0x00000000feffffff] reserved
[    0.000000] BIOS-e820: [mem 0x00000000fffc0000-0x00000000ffffffff] reserved
[    0.000000] printk: bootconsole [earlyser0] enabled
[    0.000000] NX (Execute Disable) protection: active
[    0.000000] SMBIOS 2.8 present.
[    0.000000] DMI: QEMU Standard PC (i440FX + PIIX, 1996), BIOS 1.13.0-1ubuntu1.1 04/01/2014
[    0.000000] Hypervisor detected: KVM
[    0.000000] kvm-clock: Using msrs 4b564d01 and 4b564d00
[    0.000000] kvm-clock: cpu 0, msr 2b5a001, primary cpu clock
[    0.000000] kvm-clock: using sched offset of 217893581 cycles
[    0.000521] clocksource: kvm-clock: mask: 0xffffffffffffffff max_cycles: 0x1cd42e4dffb, max_idle_ns: 881590591483 ns
[    0.002471] tsc: Detected 2904.000 MHz processor
[    0.004378] last_pfn = 0x7ffe0 max_arch_pfn = 0x400000000
[    0.005279] x86/PAT: Configuration [0-7]: WB  WC  UC- UC  WB  WP  UC- WT  
[    0.012027] found SMP MP-table at [mem 0x000f5c80-0x000f5c8f]
[    0.012921] check: Scanning 1 areas for low memory corruption
[    0.013801] Using GB pages for direct mapping
[    0.014567] ACPI: Early table checksum verification disabled
[    0.015449] ACPI: RSDP 0x00000000000F5A70 000014 (v00 BOCHS )
[    0.016286] ACPI: RSDT 0x000000007FFE15C9 000030 (v01 BOCHS  BXPCRSDT 00000001 BXPC 00000001)
[    0.017553] ACPI: FACP 0x000000007FFE149D 000074 (v01 BOCHS  BXPCFACP 00000001 BXPC 00000001)
[    0.018815] ACPI: DSDT 0x000000007FFE0040 00145D (v01 BOCHS  BXPCDSDT 00000001 BXPC 00000001)
[    0.019881] ACPI: FACS 0x000000007FFE0000 000040
[    0.020347] ACPI: APIC 0x000000007FFE1511 000080 (v01 BOCHS  BXPCAPIC 00000001 BXPC 00000001)
[    0.021205] ACPI: HPET 0x000000007FFE1591 000038 (v01 BOCHS  BXPCHPET 00000001 BXPC 00000001)
[    0.022512] No NUMA configuration found
[    0.022913] Faking a node at [mem 0x0000000000000000-0x000000007ffdffff]
[    0.023582] NODE_DATA(0) allocated [mem 0x7ffdc000-0x7ffdffff]
[    0.029930] Zone ranges:
[    0.030278]   DMA      [mem 0x0000000000001000-0x0000000000ffffff]
[    0.030922]   DMA32    [mem 0x0000000001000000-0x000000007ffdffff]
[    0.031618]   Normal   empty
[    0.031918] Movable zone start for each node
[    0.032562] Early memory node ranges
[    0.033131]   node   0: [mem 0x0000000000001000-0x000000000009efff]
[    0.034150]   node   0: [mem 0x0000000000100000-0x000000007ffdffff]
[    0.035155] Zeroed struct page in unavailable ranges: 130 pages
[    0.035157] Initmem setup node 0 [mem 0x0000000000001000-0x000000007ffdffff]
[    0.044120] ACPI: PM-Timer IO Port: 0x608
[    0.044750] ACPI: LAPIC_NMI (acpi_id[0xff] dfl dfl lint[0x1])
[    0.045705] IOAPIC[0]: apic_id 0, version 17, address 0xfec00000, GSI 0-23
[    0.046784] ACPI: INT_SRC_OVR (bus 0 bus_irq 0 global_irq 2 dfl dfl)
[    0.047774] ACPI: INT_SRC_OVR (bus 0 bus_irq 5 global_irq 5 high level)
[    0.048802] ACPI: INT_SRC_OVR (bus 0 bus_irq 9 global_irq 9 high level)
[    0.049756] ACPI: INT_SRC_OVR (bus 0 bus_irq 10 global_irq 10 high level)
[    0.050825] ACPI: INT_SRC_OVR (bus 0 bus_irq 11 global_irq 11 high level)
[    0.051900] Using ACPI (MADT) for SMP configuration information
[    0.052837] ACPI: HPET id: 0x8086a201 base: 0xfed00000
[    0.053664] smpboot: Allowing 2 CPUs, 0 hotplug CPUs
[    0.054492] KVM setup pv remote TLB flush
[    0.055127] KVM setup pv sched yield
[    0.055702] [mem 0x80000000-0xfeffbfff] available for PCI devices
[    0.056668] Booting paravirtualized kernel on KVM
[    0.057419] clocksource: refined-jiffies: mask: 0xffffffff max_cycles: 0xffffffff, max_idle_ns: 1910969940391419 ns
[    0.063876] setup_percpu: NR_CPUS:64 nr_cpumask_bits:64 nr_cpu_ids:2 nr_node_ids:1
[    0.066421] percpu: Embedded 53 pages/cpu s176792 r8192 d32104 u1048576
[    0.067306] KVM setup async PF for cpu 0
[    0.067809] kvm-stealtime: cpu 0, msr 7dc18600
[    0.068377] Built 1 zonelists, mobility grouping on.  Total pages: 515945
[    0.069036] Policy zone: DMA32
[    0.069490] Kernel command line: console=ttyS0 root=/dev/sda earlyprintk=serial net.ifnames=0 kernel-modules
[    0.071563] Dentry cache hash table entries: 262144 (order: 9, 2097152 bytes, linear)
[    0.072775] Inode-cache hash table entries: 131072 (order: 8, 1048576 bytes, linear)
[    0.073998] mem auto-init: stack:off, heap alloc:off, heap free:off
[    0.080550] Memory: 2029472K/2096632K available (14342K kernel code, 1607K rwdata, 3512K rodata, 1188K init, 2832K bss, 67160K reserved, 0K cma-reserved)
[    0.082906] SLUB: HWalign=64, Order=0-3, MinObjects=0, CPUs=2, Nodes=1
[    0.083927] Kernel/User page tables isolation: enabled
[    0.084987] rcu: Hierarchical RCU implementation.
[    0.085734] rcu: 	RCU event tracing is enabled.
[    0.086440] rcu: 	RCU restricting CPUs from NR_CPUS=64 to nr_cpu_ids=2.
[    0.087476] rcu: RCU calculated value of scheduler-enlistment delay is 100 jiffies.
[    0.088664] rcu: Adjusting geometry for rcu_fanout_leaf=16, nr_cpu_ids=2
[    0.089868] NR_IRQS: 4352, nr_irqs: 440, preallocated irqs: 16
[    0.091135] random: get_random_bytes called from start_kernel+0x357/0x52c with crng_init=0
[    0.097305] Console: colour VGA+ 80x25
[    0.099191] printk: console [ttyS0] enabled
[    0.099191] printk: console [ttyS0] enabled
[    0.100497] printk: bootconsole [earlyser0] disabled
[    0.100497] printk: bootconsole [earlyser0] disabled
[    0.101934] ACPI: Core revision 20200110
[    0.102685] clocksource: hpet: mask: 0xffffffff max_cycles: 0xffffffff, max_idle_ns: 19112604467 ns
[    0.104662] APIC: Switch to symmetric I/O mode setup
[    0.105469] KVM setup pv IPIs
[    0.107013] ..TIMER: vector=0x30 apic1=0 pin1=2 apic2=-1 pin2=-1
[    0.107975] clocksource: tsc-early: mask: 0xffffffffffffffff max_cycles: 0x29dc05e54fc, max_idle_ns: 440795291716 ns
[    0.109647] Calibrating delay loop (skipped) preset value.. 5808.00 BogoMIPS (lpj=2904000)
[    0.110646] pid_max: default: 32768 minimum: 301
[    0.111665] LSM: Security Framework initializing
[    0.112393] SELinux:  Initializing.
[    0.112690] Mount-cache hash table entries: 4096 (order: 3, 32768 bytes, linear)
[    0.113649] Mountpoint-cache hash table entries: 4096 (order: 3, 32768 bytes, linear)
[    0.115865] x86/cpu: User Mode Instruction Prevention (UMIP) activated
[    0.116724] Last level iTLB entries: 4KB 0, 2MB 0, 4MB 0
[    0.117646] Last level dTLB entries: 4KB 0, 2MB 0, 4MB 0, 1GB 0
[    0.118651] Spectre V1 : Mitigation: usercopy/swapgs barriers and __user pointer sanitization
[    0.119646] Spectre V2 : Mitigation: Full generic retpoline
[    0.120645] Spectre V2 : Spectre v2 / SpectreRSB mitigation: Filling RSB on context switch
[    0.121645] Spectre V2 : Enabling Restricted Speculation for firmware calls
[    0.122647] Spectre V2 : mitigation: Enabling conditional Indirect Branch Prediction Barrier
[    0.123647] Speculative Store Bypass: Mitigation: Speculative Store Bypass disabled via prctl and seccomp
[    0.124675] SRBDS: Unknown: Dependent on hypervisor status
[    0.125651] MDS: Mitigation: Clear CPU buffers
[    0.127995] Freeing SMP alternatives memory: 40K
[    0.129147] smpboot: CPU0: Intel(R) Core(TM) i7-7500U CPU @ 2.70GHz (family: 0x6, model: 0x8e, stepping: 0x9)
[    0.129707] Performance Events: Skylake events, full-width counters, Intel PMU driver.
[    0.130652] ... version:                2
[    0.131128] ... bit width:              48
[    0.131574] ... generic registers:      4
[    0.131648] ... value mask:             0000ffffffffffff
[    0.132472] ... max period:             00007fffffffffff
[    0.132647] ... fixed-purpose events:   3
[    0.133273] ... event mask:             000000070000000f
[    0.133695] rcu: Hierarchical SRCU implementation.
[    0.134528] smp: Bringing up secondary CPUs ...
[    0.134714] x86: Booting SMP configuration:
[    0.135365] .... node  #0, CPUs:      #1
[    0.016680] kvm-clock: cpu 1, msr 2b5a041, secondary cpu clock
[    0.016680] smpboot: CPU 1 Converting physical 0 to logical die 1
[    0.138660] KVM setup async PF for cpu 1
[    0.139268] kvm-stealtime: cpu 1, msr 7dd18600
[    0.139666] smp: Brought up 1 node, 2 CPUs
[    0.140266] smpboot: Max logical packages: 2
[    0.140649] smpboot: Total of 2 processors activated (11616.00 BogoMIPS)
[    0.141811] devtmpfs: initialized
[    0.142731] clocksource: jiffies: mask: 0xffffffff max_cycles: 0xffffffff, max_idle_ns: 1911260446275000 ns
[    0.143650] futex hash table entries: 512 (order: 3, 32768 bytes, linear)
[    0.144419] PM: RTC time: 15:37:53, date: 2021-09-17
[    0.144653] thermal_sys: Registered thermal governor 'step_wise'
[    0.144654] thermal_sys: Registered thermal governor 'user_space'
[    0.145330] NET: Registered protocol family 16
[    0.146147] audit: initializing netlink subsys (disabled)
[    0.146830] audit: type=2000 audit(1631893074.137:1): state=initialized audit_enabled=0 res=1
[    0.147654] cpuidle: using governor menu
[    0.148692] ACPI: bus type PCI registered
[    0.149359] PCI: Using configuration type 1 for base access
[    0.151461] HugeTLB registered 2.00 MiB page size, pre-allocated 0 pages
[    0.151677] cryptomgr_test (25) used greatest stack depth: 15280 bytes left
[    0.152682] ACPI: Added _OSI(Module Device)
[    0.153661] ACPI: Added _OSI(Processor Device)
[    0.154307] ACPI: Added _OSI(3.0 _SCP Extensions)
[    0.154647] ACPI: Added _OSI(Processor Aggregator Device)
[    0.155431] ACPI: Added _OSI(Linux-Dell-Video)
[    0.155652] ACPI: Added _OSI(Linux-Lenovo-NV-HDMI-Audio)
[    0.156421] ACPI: Added _OSI(Linux-HPI-Hybrid-Graphics)
[    0.157021] ACPI: 1 ACPI AML tables successfully acquired and loaded
[    0.158412] ACPI: Interpreter enabled
[    0.158663] ACPI: (supports S0 S3 S5)
[    0.159237] ACPI: Using IOAPIC for interrupt routing
[    0.159666] PCI: Using host bridge windows from ACPI; if necessary, use "pci=nocrs" and report a bug
[    0.160744] ACPI: Enabled 2 GPEs in block 00 to 0F
[    0.163422] ACPI: PCI Root Bridge [PCI0] (domain 0000 [bus 00-ff])
[    0.163658] acpi PNP0A03:00: _OSC: OS supports [ASPM ClockPM Segments MSI HPX-Type3]
[    0.164658] acpi PNP0A03:00: fail to add MMCONFIG information, can't access extended PCI configuration space under this bridge.
[    0.165676] PCI host bridge to bus 0000:00
[    0.166279] pci_bus 0000:00: root bus resource [io  0x0000-0x0cf7 window]
[    0.166647] pci_bus 0000:00: root bus resource [io  0x0d00-0xffff window]
[    0.167632] pci_bus 0000:00: root bus resource [mem 0x000a0000-0x000bffff window]
[    0.167648] pci_bus 0000:00: root bus resource [mem 0x80000000-0xfebfffff window]
[    0.168647] pci_bus 0000:00: root bus resource [mem 0x100000000-0x17fffffff window]
[    0.169647] pci_bus 0000:00: root bus resource [bus 00-ff]
[    0.170473] pci 0000:00:00.0: [8086:1237] type 00 class 0x060000
[    0.171012] pci 0000:00:01.0: [8086:7000] type 00 class 0x060100
[    0.172133] pci 0000:00:01.1: [8086:7010] type 00 class 0x010180
[    0.174108] pci 0000:00:01.1: reg 0x20: [io  0xc040-0xc04f]
[    0.175284] pci 0000:00:01.1: legacy IDE quirk: reg 0x10: [io  0x01f0-0x01f7]
[    0.175647] pci 0000:00:01.1: legacy IDE quirk: reg 0x14: [io  0x03f6]
[    0.176589] pci 0000:00:01.1: legacy IDE quirk: reg 0x18: [io  0x0170-0x0177]
[    0.176647] pci 0000:00:01.1: legacy IDE quirk: reg 0x1c: [io  0x0376]
[    0.177770] pci 0000:00:01.3: [8086:7113] type 00 class 0x068000
[    0.179009] pci 0000:00:01.3: quirk: [io  0x0600-0x063f] claimed by PIIX4 ACPI
[    0.179660] pci 0000:00:01.3: quirk: [io  0x0700-0x070f] claimed by PIIX4 SMB
[    0.180877] pci 0000:00:02.0: [1234:1111] type 00 class 0x030000
[    0.182551] pci 0000:00:02.0: reg 0x10: [mem 0xfd000000-0xfdffffff pref]
[    0.183686] pci 0000:00:02.0: reg 0x18: [mem 0xfebb0000-0xfebb0fff]
[    0.187641] pci 0000:00:02.0: reg 0x30: [mem 0xfeba0000-0xfebaffff pref]
[    0.187949] pci 0000:00:03.0: [8086:100e] type 00 class 0x020000
[    0.189141] pci 0000:00:03.0: reg 0x10: [mem 0xfeb80000-0xfeb9ffff]
[    0.190100] pci 0000:00:03.0: reg 0x14: [io  0xc000-0xc03f]
[    0.192650] pci 0000:00:03.0: reg 0x30: [mem 0xfeb00000-0xfeb7ffff pref]
[    0.194220] ACPI: PCI Interrupt Link [LNKA] (IRQs 5 *10 11)
[    0.194719] ACPI: PCI Interrupt Link [LNKB] (IRQs 5 *10 11)
[    0.195592] ACPI: PCI Interrupt Link [LNKC] (IRQs 5 10 *11)
[    0.195723] ACPI: PCI Interrupt Link [LNKD] (IRQs 5 10 *11)
[    0.196578] ACPI: PCI Interrupt Link [LNKS] (IRQs *9)
[    0.196865] iommu: Default domain type: Translated 
[    0.197665] pci 0000:00:02.0: vgaarb: setting as boot VGA device
[    0.198522] pci 0000:00:02.0: vgaarb: VGA device added: decodes=io+mem,owns=io+mem,locks=none
[    0.198649] pci 0000:00:02.0: vgaarb: bridge control possible
[    0.199477] vgaarb: loaded
[    0.199775] SCSI subsystem initialized
[    0.200385] ACPI: bus type USB registered
[    0.200665] usbcore: registered new interface driver usbfs
[    0.201484] usbcore: registered new interface driver hub
[    0.201658] usbcore: registered new device driver usb
[    0.202414] pps_core: LinuxPPS API ver. 1 registered
[    0.202647] pps_core: Software ver. 5.3.6 - Copyright 2005-2007 Rodolfo Giometti <giometti@linux.it>
[    0.203660] PTP clock support registered
[    0.204337] Advanced Linux Sound Architecture Driver Initialized.
[    0.204668] PCI: Using ACPI for IRQ routing
[    0.205523] NetLabel: Initializing
[    0.205647] NetLabel:  domain hash size = 128
[    0.206341] NetLabel:  protocols = UNLABELED CIPSOv4 CALIPSO
[    0.206678] NetLabel:  unlabeled traffic allowed by default
[    0.207802] hpet0: at MMIO 0xfed00000, IRQs 2, 8, 0
[    0.208647] hpet0: 3 comparators, 64-bit 100.000000 MHz counter
[    0.212673] clocksource: Switched to clocksource kvm-clock
[    0.286849] VFS: Disk quotas dquot_6.6.0
[    0.287462] VFS: Dquot-cache hash table entries: 512 (order 0, 4096 bytes)
[    0.288594] pnp: PnP ACPI init
[    0.289514] pnp: PnP ACPI: found 6 devices
[    0.297883] clocksource: acpi_pm: mask: 0xffffff max_cycles: 0xffffff, max_idle_ns: 2085701024 ns
[    0.299221] pci_bus 0000:00: resource 4 [io  0x0000-0x0cf7 window]
[    0.300192] pci_bus 0000:00: resource 5 [io  0x0d00-0xffff window]
[    0.301116] pci_bus 0000:00: resource 6 [mem 0x000a0000-0x000bffff window]
[    0.302120] pci_bus 0000:00: resource 7 [mem 0x80000000-0xfebfffff window]
[    0.303108] pci_bus 0000:00: resource 8 [mem 0x100000000-0x17fffffff window]
[    0.304175] NET: Registered protocol family 2
[    0.304949] tcp_listen_portaddr_hash hash table entries: 1024 (order: 2, 16384 bytes, linear)
[    0.306185] TCP established hash table entries: 16384 (order: 5, 131072 bytes, linear)
[    0.307349] TCP bind hash table entries: 16384 (order: 6, 262144 bytes, linear)
[    0.308437] TCP: Hash tables configured (established 16384 bind 16384)
[    0.309417] UDP hash table entries: 1024 (order: 3, 32768 bytes, linear)
[    0.310399] UDP-Lite hash table entries: 1024 (order: 3, 32768 bytes, linear)
[    0.311500] NET: Registered protocol family 1
[    0.312335] RPC: Registered named UNIX socket transport module.
[    0.313203] RPC: Registered udp transport module.
[    0.313888] RPC: Registered tcp transport module.
[    0.314567] RPC: Registered tcp NFSv4.1 backchannel transport module.
[    0.315624] pci 0000:00:01.0: PIIX3: Enabling Passive Release
[    0.316469] pci 0000:00:00.0: Limiting direct PCI/PCI transfers
[    0.317345] pci 0000:00:01.0: Activating ISA DMA hang workarounds
[    0.318282] pci 0000:00:02.0: Video device with shadowed ROM at [mem 0x000c0000-0x000dffff]
[    0.319502] PCI: CLS 0 bytes, default 64
[    0.320251] RAPL PMU: API unit is 2^-32 Joules, 0 fixed counters, 10737418240 ms ovfl timer
[    0.321843] kvm: already loaded the other module
[    0.322585] clocksource: tsc: mask: 0xffffffffffffffff max_cycles: 0x29dc05e54fc, max_idle_ns: 440795291716 ns
[    0.324370] check: Scanning for low memory corruption every 60 seconds
[    0.325567] Initialise system trusted keyrings
[    0.326434] workingset: timestamp_bits=56 max_order=19 bucket_order=0
[    0.329056] NFS: Registering the id_resolver key type
[    0.329816] Key type id_resolver registered
[    0.330422] Key type id_legacy registered
[    0.331087] 9p: Installing v9fs 9p2000 file system support
[    0.334510] Key type asymmetric registered
[    0.334521] cryptomgr_test (57) used greatest stack depth: 15080 bytes left
[    0.335102] Asymmetric key parser 'x509' registered
[    0.336843] Block layer SCSI generic (bsg) driver version 0.4 loaded (major 251)
[    0.337791] io scheduler mq-deadline registered
[    0.338368] io scheduler kyber registered
[    0.339018] input: Power Button as /devices/LNXSYSTM:00/LNXPWRBN:00/input/input0
[    0.340033] ACPI: Power Button [PWRF]
[    0.340807] Serial: 8250/16550 driver, 4 ports, IRQ sharing enabled
[    0.341828] 00:05: ttyS0 at I/O 0x3f8 (irq = 4, base_baud = 115200) is a 16550A
[    0.343276] Non-volatile memory driver v1.3
[    0.343945] Linux agpgart interface v0.103
[    0.346072] loop: module loaded
[    0.347227] scsi host0: ata_piix
[    0.347835] scsi host1: ata_piix
[    0.348334] ata1: PATA max MWDMA2 cmd 0x1f0 ctl 0x3f6 bmdma 0xc040 irq 14
[    0.349322] ata2: PATA max MWDMA2 cmd 0x170 ctl 0x376 bmdma 0xc048 irq 15
[    0.350390] e100: Intel(R) PRO/100 Network Driver, 3.5.24-k2-NAPI
[    0.351347] e100: Copyright(c) 1999-2006 Intel Corporation
[    0.352167] e1000: Intel(R) PRO/1000 Network Driver - version 7.3.21-k8-NAPI
[    0.353209] e1000: Copyright (c) 1999-2006 Intel Corporation.
[    0.367747] PCI Interrupt Link [LNKC] enabled at IRQ 11
[    0.506553] ata1.00: ATA-7: QEMU HARDDISK, 2.5+, max UDMA/100
[    0.507396] ata1.00: 20971520 sectors, multi 16: LBA48 
[    0.508625] ata2.00: ATAPI: QEMU DVD-ROM, 2.5+, max UDMA/100
[    0.510723] scsi 0:0:0:0: Direct-Access     ATA      QEMU HARDDISK    2.5+ PQ: 0 ANSI: 5
[    0.512124] scsi 0:0:0:0: Attached scsi generic sg0 type 0
[    0.513242] scsi 1:0:0:0: CD-ROM            QEMU     QEMU DVD-ROM     2.5+ PQ: 0 ANSI: 5
[    0.515242] sd 0:0:0:0: [sda] 20971520 512-byte logical blocks: (10.7 GB/10.0 GiB)
[    0.516469] sd 0:0:0:0: [sda] Write Protect is off
[    0.517184] sd 0:0:0:0: [sda] Write cache: enabled, read cache: enabled, doesn't support DPO or FUA
[    0.520213] sd 0:0:0:0: [sda] Attached SCSI disk
[    0.535229] sr 1:0:0:0: [sr0] scsi3-mmc drive: 4x/4x cd/rw xa/form2 tray
[    0.536201] cdrom: Uniform CD-ROM driver Revision: 3.20
[    0.540000] sr 1:0:0:0: Attached scsi generic sg1 type 5
[    0.694584] e1000 0000:00:03.0 eth0: (PCI:33MHz:32-bit) 52:54:00:12:34:56
[    0.695629] e1000 0000:00:03.0 eth0: Intel(R) PRO/1000 Network Connection
[    0.696725] e1000e: Intel(R) PRO/1000 Network Driver - 3.2.6-k
[    0.697639] e1000e: Copyright(c) 1999 - 2015 Intel Corporation.
[    0.698585] sky2: driver version 1.30
[    0.699304] ehci_hcd: USB 2.0 'Enhanced' Host Controller (EHCI) Driver
[    0.700318] ehci-pci: EHCI PCI platform driver
[    0.700766] ohci_hcd: USB 1.1 'Open' Host Controller (OHCI) Driver
[    0.701348] ohci-pci: OHCI PCI platform driver
[    0.701773] uhci_hcd: USB Universal Host Controller Interface driver
[    0.702378] usbcore: registered new interface driver usblp
[    0.702894] usbcore: registered new interface driver usb-storage
[    0.703465] i8042: PNP: PS/2 Controller [PNP0303:KBD,PNP0f13:MOU] at 0x60,0x64 irq 1,12
[    0.704797] serio: i8042 KBD port at 0x60,0x64 irq 1
[    0.705336] serio: i8042 AUX port at 0x60,0x64 irq 12
[    0.706344] rtc_cmos 00:00: RTC can wake from S4
[    0.707548] input: AT Translated Set 2 keyboard as /devices/platform/i8042/serio0/input/input1
[    0.709780] rtc_cmos 00:00: registered as rtc0
[    0.710930] rtc_cmos 00:00: alarms up to one day, y3k, 114 bytes nvram, hpet irqs
[    0.712043] device-mapper: ioctl: 4.42.0-ioctl (2020-02-27) initialised: dm-devel@redhat.com
[    0.713516] intel_pstate: CPU model not supported
[    0.714028] hid: raw HID events driver (C) Jiri Kosina
[    0.714627] usbcore: registered new interface driver usbhid
[    0.715183] usbhid: USB HID core driver
[    0.715845] Initializing XFRM netlink socket
[    0.716339] NET: Registered protocol family 10
[    0.717060] Segment Routing with IPv6
[    0.717589] sit: IPv6, IPv4 and MPLS over IPv4 tunneling driver
[    0.718216] NET: Registered protocol family 17
[    0.718665] 9pnet: Installing 9P2000 support
[    0.719065] Key type dns_resolver registered
[    0.719625] IPI shorthand broadcast: enabled
[    0.720285] sched_clock: Marking stable (704588562, 15680799)->(768600587, -48331226)
[    0.721516] registered taskstats version 1
[    0.722056] Loading compiled-in X.509 certificates
[    0.722901] PM:   Magic number: 5:468:639
[    0.723448] printk: console [netcon0] enabled
[    0.723953] netconsole: network logging started
[    0.724501] cfg80211: Loading compiled-in X.509 certificates for regulatory database
[    0.725423] kworker/u4:1 (69) used greatest stack depth: 14544 bytes left
[    0.726490] cryptomgr_probe (71) used greatest stack depth: 14512 bytes left
[    0.728129] cfg80211: Loaded X.509 cert 'sforshee: 00b28ddf47aef9cea7'
[    0.729098] ALSA device list:
[    0.729545]   No soundcards found.
[    0.730329] platform regulatory.0: Direct firmware load for regulatory.db failed with error -2
[    0.731599] cfg80211: failed to load regulatory.db
[    1.332995] input: ImExPS/2 Generic Explorer Mouse as /devices/platform/i8042/serio1/input/input3
[    1.336367] md: Waiting for all devices to be available before autodetect
[    1.337482] md: If you don't use raid, use raid=noautodetect
[    1.338497] md: Autodetecting RAID arrays.
[    1.339159] md: autorun ...
[    1.339642] md: ... autorun DONE.
[    1.341827] EXT4-fs (sda): INFO: recovery required on readonly filesystem
[    1.342878] EXT4-fs (sda): write access will be enabled during recovery
[    1.361903] EXT4-fs (sda): recovery complete
[    1.370295] EXT4-fs (sda): mounted filesystem with ordered data mode. Opts: (null)
[    1.375553] VFS: Mounted root (ext4 filesystem) readonly on device 8:0.
[    1.381142] devtmpfs: mounted
[    1.382706] Freeing unused kernel image (initmem) memory: 1188K
[    1.384290] Write protecting the kernel read-only data: 20480k
[    1.387772] Freeing unused kernel image (text/rodata gap) memory: 2040K
[    1.389700] Freeing unused kernel image (rodata/data gap) memory: 584K
[    1.391434] Run /sbin/init as init process
[    1.404439] random: fast init done
[    1.476678] SELinux:  Permission getrlimit in class process not defined in policy.
[    1.477553] SELinux:  Class process2 not defined in policy.
[    1.478074] SELinux:  Permission watch in class filesystem not defined in policy.
[    1.478752] SELinux:  Permission map in class file not defined in policy.
[    1.479356] SELinux:  Permission watch in class file not defined in policy.
[    1.479978] SELinux:  Permission watch_mount in class file not defined in policy.
[    1.480647] SELinux:  Permission watch_sb in class file not defined in policy.
[    1.481405] SELinux:  Permission watch_with_perm in class file not defined in policy.
[    1.482527] SELinux:  Permission watch_reads in class file not defined in policy.
[    1.483583] SELinux:  Permission map in class dir not defined in policy.
[    1.484549] SELinux:  Permission watch in class dir not defined in policy.
[    1.485540] SELinux:  Permission watch_mount in class dir not defined in policy.
[    1.486601] SELinux:  Permission watch_sb in class dir not defined in policy.
[    1.487669] SELinux:  Permission watch_with_perm in class dir not defined in policy.
[    1.488615] SELinux:  Permission watch_reads in class dir not defined in policy.
[    1.489685] SELinux:  Permission map in class lnk_file not defined in policy.
[    1.490434] SELinux:  Permission watch in class lnk_file not defined in policy.
[    1.491108] SELinux:  Permission watch_mount in class lnk_file not defined in policy.
[    1.491898] SELinux:  Permission watch_sb in class lnk_file not defined in policy.
[    1.492634] SELinux:  Permission watch_with_perm in class lnk_file not defined in policy.
[    1.493757] SELinux:  Permission watch_reads in class lnk_file not defined in policy.
[    1.494454] SELinux:  Permission map in class chr_file not defined in policy.
[    1.495093] SELinux:  Permission watch in class chr_file not defined in policy.
[    1.495747] SELinux:  Permission watch_mount in class chr_file not defined in policy.
[    1.496439] SELinux:  Permission watch_sb in class chr_file not defined in policy.
[    1.497396] SELinux:  Permission watch_with_perm in class chr_file not defined in policy.
[    1.498663] SELinux:  Permission watch_reads in class chr_file not defined in policy.
[    1.499871] SELinux:  Permission map in class blk_file not defined in policy.
[    1.500809] SELinux:  Permission watch in class blk_file not defined in policy.
[    1.501704] SELinux:  Permission watch_mount in class blk_file not defined in policy.
[    1.502823] SELinux:  Permission watch_sb in class blk_file not defined in policy.
[    1.503907] SELinux:  Permission watch_with_perm in class blk_file not defined in policy.
[    1.505073] SELinux:  Permission watch_reads in class blk_file not defined in policy.
[    1.506205] SELinux:  Permission map in class sock_file not defined in policy.
[    1.507255] SELinux:  Permission watch in class sock_file not defined in policy.
[    1.508320] SELinux:  Permission watch_mount in class sock_file not defined in policy.
[    1.509463] SELinux:  Permission watch_sb in class sock_file not defined in policy.
[    1.510565] SELinux:  Permission watch_with_perm in class sock_file not defined in policy.
[    1.511783] SELinux:  Permission watch_reads in class sock_file not defined in policy.
[    1.512921] SELinux:  Permission map in class fifo_file not defined in policy.
[    1.513962] SELinux:  Permission watch in class fifo_file not defined in policy.
[    1.515022] SELinux:  Permission watch_mount in class fifo_file not defined in policy.
[    1.516152] SELinux:  Permission watch_sb in class fifo_file not defined in policy.
[    1.517264] SELinux:  Permission watch_with_perm in class fifo_file not defined in policy.
[    1.518071] SELinux:  Permission watch_reads in class fifo_file not defined in policy.
[    1.518927] SELinux:  Permission map in class socket not defined in policy.
[    1.519576] SELinux:  Permission map in class tcp_socket not defined in policy.
[    1.520235] SELinux:  Permission map in class udp_socket not defined in policy.
[    1.521018] SELinux:  Permission map in class rawip_socket not defined in policy.
[    1.522660] SELinux:  Permission map in class netlink_socket not defined in policy.
[    1.524380] SELinux:  Permission map in class packet_socket not defined in policy.
[    1.525553] SELinux:  Permission map in class key_socket not defined in policy.
[    1.526685] SELinux:  Permission map in class unix_stream_socket not defined in policy.
[    1.527924] SELinux:  Permission map in class unix_dgram_socket not defined in policy.
[    1.529167] SELinux:  Permission map in class netlink_route_socket not defined in policy.
[    1.530431] SELinux:  Permission map in class netlink_tcpdiag_socket not defined in policy.
[    1.531719] SELinux:  Permission map in class netlink_nflog_socket not defined in policy.
[    1.532978] SELinux:  Permission map in class netlink_xfrm_socket not defined in policy.
[    1.534189] SELinux:  Permission map in class netlink_selinux_socket not defined in policy.
[    1.535476] SELinux:  Permission map in class netlink_iscsi_socket not defined in policy.
[    1.536738] SELinux:  Permission map in class netlink_audit_socket not defined in policy.
[    1.538006] SELinux:  Permission map in class netlink_fib_lookup_socket not defined in policy.
[    1.539341] SELinux:  Permission map in class netlink_connector_socket not defined in policy.
[    1.540655] SELinux:  Permission map in class netlink_netfilter_socket not defined in policy.
[    1.541974] SELinux:  Permission map in class netlink_dnrt_socket not defined in policy.
[    1.543226] SELinux:  Permission map in class netlink_kobject_uevent_socket not defined in policy.
[    1.544610] SELinux:  Permission map in class netlink_generic_socket not defined in policy.
[    1.545902] SELinux:  Permission map in class netlink_scsitransport_socket not defined in policy.
[    1.547171] SELinux:  Permission map in class netlink_rdma_socket not defined in policy.
[    1.548277] SELinux:  Permission map in class netlink_crypto_socket not defined in policy.
[    1.549446] SELinux:  Permission map in class appletalk_socket not defined in policy.
[    1.550600] SELinux:  Permission map in class dccp_socket not defined in policy.
[    1.551614] SELinux:  Permission map in class tun_socket not defined in policy.
[    1.552302] SELinux:  Class sctp_socket not defined in policy.
[    1.552856] SELinux:  Class icmp_socket not defined in policy.
[    1.553570] SELinux:  Class ax25_socket not defined in policy.
[    1.554480] SELinux:  Class ipx_socket not defined in policy.
[    1.555709] SELinux:  Class netrom_socket not defined in policy.
[    1.556451] SELinux:  Class atmpvc_socket not defined in policy.
[    1.557788] SELinux:  Class x25_socket not defined in policy.
[    1.558307] SELinux:  Class rose_socket not defined in policy.
[    1.558829] SELinux:  Class decnet_socket not defined in policy.
[    1.559365] SELinux:  Class atmsvc_socket not defined in policy.
[    1.559902] SELinux:  Class rds_socket not defined in policy.
[    1.560413] SELinux:  Class irda_socket not defined in policy.
[    1.560935] SELinux:  Class pppox_socket not defined in policy.
[    1.561738] SELinux:  Class llc_socket not defined in policy.
[    1.562622] SELinux:  Class can_socket not defined in policy.
[    1.563515] SELinux:  Class tipc_socket not defined in policy.
[    1.564418] SELinux:  Class bluetooth_socket not defined in policy.
[    1.565386] SELinux:  Class iucv_socket not defined in policy.
[    1.565934] SELinux:  Class rxrpc_socket not defined in policy.
[    1.566461] SELinux:  Class isdn_socket not defined in policy.
[    1.567015] SELinux:  Class phonet_socket not defined in policy.
[    1.567622] SELinux:  Class ieee802154_socket not defined in policy.
[    1.568227] SELinux:  Class caif_socket not defined in policy.
[    1.568749] SELinux:  Class alg_socket not defined in policy.
[    1.569373] SELinux:  Class nfc_socket not defined in policy.
[    1.570266] SELinux:  Class vsock_socket not defined in policy.
[    1.571181] SELinux:  Class kcm_socket not defined in policy.
[    1.572074] SELinux:  Class qipcrtr_socket not defined in policy.
[    1.573013] SELinux:  Class smc_socket not defined in policy.
[    1.573912] SELinux:  Class infiniband_pkey not defined in policy.
[    1.574869] SELinux:  Class infiniband_endport not defined in policy.
[    1.575866] SELinux:  Class bpf not defined in policy.
[    1.576664] SELinux:  Class xdp_socket not defined in policy.
[    1.577555] SELinux:  Class perf_event not defined in policy.
[    1.578384] SELinux:  Class lockdown not defined in policy.
[    1.579151] SELinux: the above unknown classes and permissions will be allowed
[    1.580167] SELinux:  policy capability network_peer_controls=1
[    1.581048] SELinux:  policy capability open_perms=1
[    1.581816] SELinux:  policy capability extended_socket_class=0
[    1.582701] SELinux:  policy capability always_check_network=0
[    1.583602] SELinux:  policy capability cgroup_seclabel=0
[    1.584484] SELinux:  policy capability nnp_nosuid_transition=0
[    1.600722] audit: type=1403 audit(1631893075.590:2): auid=4294967295 ses=4294967295 lsm=selinux res=1
[    1.606510] systemd[1]: Successfully loaded SELinux policy in 153.522ms.
[    1.621193] audit: type=1400 audit(1631893075.611:3): avc:  denied  { associate } for  pid=1 comm="systemd" name="pts" scontext=system_u:object_r:devpts_t:s0 tcontext=system_u:object_r:device_t:s0 tclass=filesystem permissive=1
[    1.629087] systemd[1]: Relabelled /dev and /run in 5.677ms.
[    1.633278] random: systemd: uninitialized urandom read (16 bytes read)
[    1.641960] systemd[1]: systemd 232 running in system mode. (+PAM +AUDIT +SELINUX +IMA +APPARMOR +SMACK +SYSVINIT +UTMP +LIBCRYPTSETUP +GCRYPT +GNUTLS +ACL +XZ +LZ4 +SECCOMP +BLKID +ELFUTILS +KMOD +IDN)
[    1.645939] systemd[1]: Detected virtualization qemu.
[    1.647144] systemd[1]: Detected architecture x86-64.

Welcome to [1mDebian GNU/Linux 9 (stretch)[0m!

[    1.650878] systemd[1]: Set hostname to <syzkaller>.
[    1.657030] random: systemd: uninitialized urandom read (16 bytes read)
[    1.659330] random: systemd: uninitialized urandom read (16 bytes read)
[    1.661769] systemd-rc-loca (77) used greatest stack depth: 13856 bytes left
[    1.668792] systemd-gpt-aut (84) used greatest stack depth: 13688 bytes left
[    1.682848] systemd-sysv-ge (79) used greatest stack depth: 13672 bytes left
[    1.686073] selinux-autorel (85) used greatest stack depth: 13520 bytes left
[    1.726657] systemd[1]: Listening on udev Control Socket.
[[0;32m  OK  [0m] Listening on udev Control Socket.
[    1.728375] systemd[1]: Started Dispatch Password Requests to Console Directory Watch.
[[0;32m  OK  [0m] Started Dispatch Password Requests to Console Directory Watch.
[    1.730542] systemd[1]: Listening on Journal Audit Socket.
[    1.730571] audit: type=1400 audit(1631893075.720:4): avc:  denied  { audit_read } for  pid=1 comm="systemd" capability=37  scontext=system_u:system_r:kernel_t:s0 tcontext=system_u:system_r:kernel_t:s0 tclass=capability2 permissive=1
[[0;32m  OK  [0m] Listening on Journal Audit Socket.
[    1.735239] systemd[1]: Listening on Journal Socket (/dev/log).
[[0;32m  OK  [0m] Listening on Journal Socket (/dev/log).
[    1.737489] systemd[1]: Set up automount Arbitrary Executable File Formats File System Automount Point.
[[0;32m  OK  [0m] Set up automount Arbitrary Executabâ€¦rmats File System Automount Point.
[    1.740817] systemd[1]: Listening on /dev/initctl Compatibility Named Pipe.
[[0;32m  OK  [0m] Listening on /dev/initctl Compatibility Named Pipe.
[[0;32m  OK  [0m] Started Forward Password Requests to Wall Directory Watch.
[[0;32m  OK  [0m] Reached target Swap.
[[0;32m  OK  [0m] Reached target Paths.
[[0;32m  OK  [0m] Reached target Encrypted Volumes.
[[0;32m  OK  [0m] Created slice System Slice.
         Mounting /sys/kernel/config...
         Mounting /sys/kernel/debug...
         Mounting /proc/sys/fs/binfmt_misc...
[[0;32m  OK  [0m] Listening on Journal Socket.
         Starting Load Kernel Modules...
         Starting Create Static Device Nodes in /dev...
         Starting Remount Root and Kernel File Systems...
[[0;32m  OK  [0m] Listening on Syslog Socket.
         Starting Journal Service...
[[0;32m  OK  [0m] Created slice system-getty.slice.
         Mounting POSIX Message Queue File System...
[[0;32m  OK  [0m] Listening on udev Kernel Socket.
[[0;32m  OK  [0m] Created slice User and Session Slice.
[[0;32m  OK  [0m] Reached target Slices.
[[0;32m  OK  [0m] Created slice system-serial\x2dgetty.slice.
[[0;32m  OK  [0m] Reached target Remote File Systems.
[[0;32m  OK  [0m] Mounted POSIX Message Queue File System.[    1.779270] EXT4-fs (sda): re-mounted. Opts: (null)

[[0;32m  OK  [0m] Mounted /sys/kernel/debug.
[[0;32m  OK  [0m] Mounted /sys/kernel/config.
[[0;32m  OK  [0m] Mounted /proc/sys/fs/binfmt_misc.
[[0;32m  OK  [0m] Started Load Kernel Modules.
[[0;32m  OK  [0m] Started Remount Root and Kernel File Systems.
[[0;32m  OK  [0m] Started Create Static Device Nodes in /dev.
         Starting udev Kernel Device Manager...
         Starting Load/Save Random Seed...
         Starting udev Coldplug all Devices...
[[0;32m  OK  [0m] Reached target Local File Systems (Pre).
         Starting Apply Kernel Variables...
[[0;32m  OK  [0m] Reached target Local File Systems.
         Starting Enable support for additional executable binary formats...
[[0;32m  OK  [0m] Started Load/Save Random Seed.
[[0;32m  OK  [0m] Started Apply Kernel Variables.
         Starting Raise network interfaces...
[[0;32m  OK  [0m] Started Enable support for additional executable binary formats.
[[0;32m  OK  [0m] Started udev Kernel Device Manager.
[[0;32m  OK  [0m] Started Journal Service.
         Starting Flush Journal to Persistent Storage...
[    1.876091] systemd-journald[99]: Received request to flush runtime journal from PID 1
[    1.876166] audit: type=1107 audit(1631893075.866:5): pid=1 uid=0 auid=4294967295 ses=4294967295 subj=system_u:system_r:kernel_t:s0 msg='avc:  denied  { stop } for auid=n/a uid=0 gid=0 path="/lib/systemd/system/systemd-journald.service" cmdline="/bin/journalctl --flush" scontext=system_u:system_r:kernel_t:s0 tcontext=system_u:object_r:unlabeled_t:s0 tclass=service
[    1.876166]  exe="/lib/systemd/systemd" sauid=0 hostname=? addr=? terminal=?'
[[0;32m  OK  [0m] Started Flush Journal to Persistent Storage.
         Starting Create Volatile Files and Directories...
[[0;32m  OK  [0m] Started udev Coldplug all Devices.
[[0;32m  OK  [0m] Started Create Volatile Files and Directories.
         Starting Network Time Synchronization...
         Starting Update UTMP about System Boot/Shutdown...
[    1.999723] systemd-update- (139) used greatest stack depth: 13472 bytes left
[[0;32m  OK  [0m] Found device /dev/ttyS0.
[[0;32m  OK  [0m] Started Update UTMP about System Boot/Shutdown.
[[0;32m  OK  [0m] Started Network Time Synchronization.
[[0;32m  OK  [0m] Reached target System Initialization.
[[0;32m  OK  [0m] Started Daily Cleanup of Temporary Directories.
[[0;32m  OK  [0m] Listening on D-Bus System Message Bus Socket.
[[0;32m  OK  [0m] Reached target Sockets.
[[0;32m  OK  [0m] Reached target Basic System.
         Starting System Logging Service...
         Starting Login Service...
[[0;32m  OK  [0m] Started D-Bus System Message Bus.
[[0;32m  OK  [0m] Started Regular background program processing daemon.
[[0;32m  OK  [0m] Reached target System Time Synchronized.
[[0;32m  OK  [0m] Started Daily apt download activities.
[[0;32m  OK  [0m] Started Daily apt upgrade and clean activities.
[[0;32m  OK  [0m] Reached target Timers.
[[0;32m  OK  [0m] Started System Logging Service.
[[0;32m  OK  [0m] Listening on Load/Save RF Kill Switch Status /dev/rfkill Watch.
[[0;32m  OK  [0m] Started Login Service.
[    2.205169] ip (191) used greatest stack depth: 12720 bytes left
[    2.206671] e1000: eth0 NIC Link is Up 1000 Mbps Full Duplex, Flow Control: RX
[    2.208349] IPv6: ADDRCONF(NETDEV_CHANGE): eth0: link becomes ready
[    3.214089] random: crng init done
[    3.214563] random: 7 urandom warning(s) missed due to ratelimiting
[[0;32m  OK  [0m] Started Raise network interfaces.
[[0;32m  OK  [0m] Reached target Network.
         Starting Permit User Sessions...
         Starting OpenBSD Secure Shell server...
[[0;32m  OK  [0m] Started Permit User Sessions.
[[0;32m  OK  [0m] Started Getty on tty1.
[[0;32m  OK  [0m] Started Serial Getty on ttyS0.
[[0;32m  OK  [0m] Reached target Login Prompts.
[[0;32m  OK  [0m] Started OpenBSD Secure Shell server.
[[0;32m  OK  [0m] Reached target Multi-User System.
[[0;32m  OK  [0m] Reached target Graphical Interface.
         Starting Update UTMP about System Runlevel Changes...
[    3.303253] audit: type=1107 audit(1631893077.293:6): pid=1 uid=0 auid=4294967295 ses=4294967295 subj=system_u:system_r:kernel_t:s0 msg='avc:  denied  { status } for auid=n/a uid=0 gid=0 path="/lib/systemd/system/graphical.target" cmdline="/lib/systemd/systemd-update-utmp runlevel" scontext=system_u:system_r:kernel_t:s0 tcontext=system_u:object_r:unlabeled_t:s0 tclass=service
[    3.303253]  exe="/lib/systemd/systemd" sauid=0 hostname=? addr=? terminal=?'
[[0;32m  OK  [0m] Started Update UTMP about System Runlevel Changes.

Debian GNU/Linux 9 syzkaller ttyS0

syzkaller login: root
Unable to get valid context for root
Last login: Fri Sep 17 15:36:39 UTC 2021 on ttyS0
Linux syzkaller 5.6.19+ #15 SMP Wed Sep 15 17:45:38 EDT 2021 x86_64

The programs included with the Debian GNU/Linux system are free software;
the exact distribution terms for each program are described in the
individual files in /usr/share/doc/*/copyright.

Debian GNU/Linux comes with ABSOLUTELY NO WARRANTY, to the extent
permitted by applicable law.
root@syzkaller:~# ls
dev-tools  kvm-hello-world	   kvm-kernel-example  master.zip
kvm-fork   kvm-hello-world-master  kvm-samples	       simple-kvm
root@syzkaller:~# m cd kvm-samples/
root@syzkaller:~/kvm-samples# ls
CONTRIBUTORS  guest.c	 guest32.img	guest64.img.o	   kvm-hello-world.o
LICENSE-MIT   guest.ld	 guest32.img.o	guest64.o	   payload.ld
Makefile      guest16.o  guest32.o	kvm-hello-world    payload.o
README.md     guest16.s  guest64.img	kvm-hello-world.c
root@syzkaller:~/kvm-samples# make
./kvm-hello-world -l -2
Testing 64-bit mode
[   11.496603] EXIT Qualification ====> 131
[   11.499983] Guest CR3 ====> 131072
[   11.502482] EPTP ====> 2086432862
[   11.504223] Erorr Code ====> 4
[   11.504224] Erorr Code ====> 6
[   11.505690] Erorr Code ====> 6
[   11.507164] Erorr Code ====> 6
[   11.508568] ---------- direct_map called --------
[   11.509937] GPA---level---pointerEPTnext--pte
[   11.512757] 131072 --- 4 --- 2086432768 -- 0
[   11.514052] 131072 --- 3 --- 2061312000 -- 0
[   11.515231] 131072 --- 2 --- 2086428672 -- 0
[   11.516342] 131072 --- 1 --- 2086424576 -- 0
[   11.517444] spte -- map --------- 2086424832
[   11.517463] spte --------- 2086424832 --------- gfn ======= 32
[   11.518388] EXIT Qualification ====> 131
[   11.520186] Guest CR3 ====> 131072
[   11.520754] EPTP ====> 2086432862
[   11.521472] Erorr Code ====> 4
[   11.521472] Erorr Code ====> 6
[   11.521989] Erorr Code ====> 6
[   11.522634] Erorr Code ====> 6
[   11.523172] ---------- direct_map called --------
[   11.523802] GPA---level---pointerEPTnext--pte
[   11.525224] 12288 --- 4 --- 2086432768 -- 2061312000
[   11.525988] 12288 --- 3 --- 2061312000 -- 2086428672
[   11.526718] 12288 --- 2 --- 2086428672 -- 2086424576
[   11.527423] 12288 --- 1 --- 2086424576 -- 0
[   11.527979] spte -- map --------- 2086424600
[   11.527994] spte --------- 2086424600 --------- gfn ======= 3
[   11.528806] spte --------- 2086424576 --------- gfn ======= 0
[   11.529624] EXIT Qualification ====> 131
[   11.531022] Guest CR3 ====> 131072
[   11.531508] EPTP ====> 2086432862
[   11.531907] Erorr Code ====> 4
[   11.531908] Erorr Code ====> 6
[   11.532298] Erorr Code ====> 6
[   11.532664] Erorr Code ====> 6
[   11.533218] ---------- direct_map called --------
[   11.533775] GPA---level---pointerEPTnext--pte
[   11.535341] 16384 --- 4 --- 2086432768 -- 2061312000
[   11.536175] 16384 --- 3 --- 2061312000 -- 2086428672
[   11.537018] 16384 --- 2 --- 2086428672 -- 2086424576
[   11.537796] 16384 --- 1 --- 2086424576 -- 0
[   11.538746] spte -- map --------- 2086424608
Par---------->>>> parent CR3 : 131072ent
t---------->>>> parent CR3 : 131072root@syzkaller:~/kvm-samples# ./kvm-hello-world -l -1
Testing 64-bit mode
[   11.538757] spte --------- 2086424608 --------- gfn ======= 4
[   14.445829] EXIT Qualification ====> 131
[   14.454558] Guest CR3 ====> 131072
[   14.457161] EPTP ====> 2037080158
[   14.459534] Erorr Code ====> 4
[   14.459536] Erorr Code ====> 6
[   14.461731] Erorr Code ====> 6
[   14.463801] Erorr Code ====> 6
[   14.465447] ---------- direct_map called --------
[   14.466745] GPA---level---pointerEPTnext--pte
[   14.470109] 131072 --- 4 --- 2037080064 -- 0
[   14.471260] 131072 --- 3 --- 2037075968 -- 0
[   14.472949] 131072 --- 2 --- 2037071872 -- 0
[   14.474366] 131072 --- 1 --- 2037067776 -- 0
[   14.477428] spte -- map --------- 2037068032
[   14.477434] spte --------- 2037068032 --------- gfn ======= 32
[   14.479471] EXIT Qualification ====> 131
[   14.481641] Guest CR3 ====> 131072
[   14.482451] EPTP ====> 2037080158
[   14.483208] Erorr Code ====> 4
[   14.483209] Erorr Code ====> 6
[   14.483819] Erorr Code ====> 6
[   14.484402] Erorr Code ====> 6
[   14.485023] ---------- direct_map called --------
[   14.485721] GPA---level---pointerEPTnext--pte
[   14.487319] 12288 --- 4 --- 2037080064 -- 2037075968
[   14.488212] 12288 --- 3 --- 2037075968 -- 2037071872
[   14.489448] 12288 --- 2 --- 2037071872 -- 2037067776
[   14.490378] 12288 --- 1 --- 2037067776 -- 0
[   14.491150] spte -- map --------- 2037067800
[   14.491161] spte --------- 2037067800 --------- gfn ======= 3
[   14.491975] spte --------- 2037067776 --------- gfn ======= 0
[   14.493062] EXIT Qualification ====> 131
[   14.494511] Guest CR3 ====> 131072
[   14.495009] EPTP ====> 2037080158
[   14.495485] Erorr Code ====> 4
[   14.495485] Erorr Code ====> 6
[   14.495973] Erorr Code ====> 6
[   14.496435] Erorr Code ====> 6
[   14.496860] ---------- direct_map called --------
[   14.497331] GPA---level---pointerEPTnext--pte
[   14.498833] 16384 --- 4 --- 2037080064 -- 2037075968
[   14.499360] 16384 --- 3 --- 2037075968 -- 2037071872
[   14.500023] 16384 --- 2 --- 2037071872 -- 2037067776
[   14.500623] 16384 --- 1 --- 2037067776 -- 0
[   14.501042] spte -- map --------- 2037067808
Par[   14.501049] spte --------- 2037067808 --------- gfn ======= 4
[   14.501716] copy_pmd_range: vm_start=5580f8b61000, addr=5580f8b61000, vm_end=5580f8b64000, end=5580f8b64000
[   14.503185] copy_pmd_range: addr=5580f8b61000, pte table counter (after counting old&new)=2
[   14.504225] copy_pmd_range: vm_start=5580f8d63000, addr=5580f8d63000, vm_end=5580f8d64000, end=5580f8d64000
[   14.505295] copy_pmd_range: addr=5580f8d63000, pte table counter (after counting old&new)=2
[   14.506303] copy_pmd_range: vm_start=5580f8d64000, addr=5580f8d64000, vm_end=5580f8d65000, end=5580f8d65000
[   14.507723] copy_pmd_range: addr=5580f8d64000, pte table counter (after counting old&new)=4
[   14.508964] copy_pmd_range: vm_start=5580f9212000, addr=5580f9212000, vm_end=5580f9234000, end=5580f9234000
[   14.510385] copy_pmd_range: addr=5580f9212000, pte table counter (after counting old&new)=2
[   14.511637] copy_pmd_range: vm_start=7fa7e5951000, addr=7fa7e5951000, vm_end=7fa7e5b51000, end=7fa7e5b51000
[   14.513072] copy_pmd_range: addr=7fa7e5951000, pte table counter (after counting old&new)=2
[   14.514304] copy_pmd_range: vm_start=7fa7e5951000, addr=7fa7e5a00000, vm_end=7fa7e5b51000, end=7fa7e5b51000
[   14.515564] copy_pmd_range: addr=7fa7e5a00000, pte table counter (after counting old&new)=2
[   14.516767] copy_pmd_range: vm_start=7fa7e5b51000, addr=7fa7e5b51000, vm_end=7fa7e5ce6000, end=7fa7e5ce6000
[   14.518224] copy_pmd_range: addr=7fa7e5b51000, pte table counter (after counting old&new)=4
[   14.519447] copy_pmd_range: vm_start=7fa7e5b51000, addr=7fa7e5c00000, vm_end=7fa7e5ce6000, end=7fa7e5ce6000
[   14.520880] copy_pmd_range: addr=7fa7e5c00000, pte table counter (after counting old&new)=2
[   14.522114] copy_pmd_range: vm_start=7fa7e5ce6000, addr=7fa7e5ce6000, vm_end=7fa7e5ee6000, end=7fa7e5ee6000
[   14.523551] copy_pmd_range: addr=7fa7e5ce6000, pte table counter (after counting old&new)=4
[   14.524785] copy_pmd_range: vm_start=7fa7e5ce6000, addr=7fa7e5e00000, vm_end=7fa7e5ee6000, end=7fa7e5ee6000
[   14.526231] copy_pmd_range: addr=7fa7e5e00000, pte table counter (after counting old&new)=2
[   14.527494] copy_pmd_range: vm_start=7fa7e5ee6000, addr=7fa7e5ee6000, vm_end=7fa7e5eea000, end=7fa7e5eea000
[   14.529004] copy_pmd_range: addr=7fa7e5ee6000, pte table counter (after counting old&new)=4
[   14.530279] copy_pmd_range: vm_start=7fa7e5eea000, addr=7fa7e5eea000, vm_end=7fa7e5eec000, end=7fa7e5eec000
[   14.531951] copy_pmd_range: addr=7fa7e5eea000, pte table counter (after counting old&new)=6
[   14.533237] copy_pmd_range: vm_start=7fa7e5eec000, addr=7fa7e5eec000, vm_end=7fa7e5ef0000, end=7fa7e5ef0000
[   14.534672] copy_pmd_range: addr=7fa7e5eec000, pte table counter (after counting old&new)=8
[   14.535917] copy_pmd_range: vm_start=7fa7e5ef0000, addr=7fa7e5ef0000, vm_end=7fa7e5f13000, end=7fa7e5f13000
[   14.536956] copy_pmd_range: addr=7fa7e5ef0000, pte table counter (after counting old&new)=10
[   14.538113] copy_pmd_range: vm_start=7fa7e610b000, addr=7fa7e610b000, vm_end=7fa7e610d000, end=7fa7e610d000
[   14.539285] copy_pmd_range: addr=7fa7e610b000, pte table counter (after counting old&new)=2
[   14.540224] copy_pmd_range: vm_start=7fa7e6110000, addr=7fa7e6110000, vm_end=7fa7e6113000, end=7fa7e6113000
[   14.541266] copy_pmd_range: addr=7fa7e6110000, pte table counter (after counting old&new)=4
[   14.542180] copy_pmd_range: vm_start=7fa7e6113000, addr=7fa7e6113000, vm_end=7fa7e6114000, end=7fa7e6114000
[   14.543211] copy_pmd_range: addr=7fa7e6113000, pte table counter (after counting old&new)=6
[   14.544125] copy_pmd_range: vm_start=7fa7e6114000, addr=7fa7e6114000, vm_end=7fa7e6115000, end=7fa7e6115000
[   14.545210] copy_pmd_range: addr=7fa7e6114000, pte table counter (after counting old&new)=8
[   14.546115] copy_pmd_range: vm_start=7fa7e6115000, addr=7fa7e6115000, vm_end=7fa7e6116000, end=7fa7e6116000
[   14.547138] copy_pmd_range: addr=7fa7e6115000, pte table counter (after counting old&new)=10
[   14.548059] copy_pmd_range: vm_start=7ffe3ba0b000, addr=7ffe3ba0b000, vm_end=7ffe3ba2c000, end=7ffe3ba2c000
[   14.549206] copy_pmd_range: addr=7ffe3ba0b000, pte table counter (after counting old&new)=2
[   14.550364] copy_pmd_range: vm_start=7ffe3bb1a000, addr=7ffe3bb1a000, vm_end=7ffe3bb1e000, end=7ffe3bb1e000
[   14.551427] copy_pmd_range: addr=7ffe3bb1a000, pte table counter (after counting old&new)=4
[   14.552345] copy_pmd_range: vm_start=7ffe3bb1e000, addr=7ffe3bb1e000, vm_end=7ffe3bb20000, end=7ffe3bb20000
[   14.553392] copy_pmd_range: addr=7ffe3bb1e000, pte table counter (after counting old&new)=6
[   14.554324] __handle_mm_fault: PID=247, addr=7ffe3ba2afb8
[   14.554335] __handle_mm_fault: PID=250, addr=7ffe3ba2afb8
[   14.555023] tfork_one_pte_table: shared pte table counter=6, Covered Range: start=7ffe3ba00000, end=7ffe3bc00000
[   14.555024] tfork_one_pte_table: vm_start=7ffe3ba0b000, vm_end=7ffe3ba2c000
[   14.555703] tfork_one_pte_table: shared pte table counter=6, Covered Range: start=7ffe3ba00000, end=7ffe3bc00000
[   14.556937] copy_pte_range_tfork: allocated new table. addr=7ffe3ba0b000, prev_table_page=ffffea0001f1c140, table_page=ffffea0001eb3d00
[   14.557698] tfork_one_pte_table: vm_start=7ffe3ba0b000, vm_end=7ffe3ba2c000
[   14.558841] copy_pte_range_tfork: addr = 7ffe3ba0b000, end = 7ffe3ba2c000, new pte table counter (after)=1
[   14.561223] copy_pte_range_tfork: allocated new table. addr=7ffe3ba0b000, prev_table_page=ffffea0001f1c140, table_page=ffffea0001eb2ac0
[   14.561344] tfork_one_pte_table: vm_start=7ffe3bb1a000, vm_end=7ffe3bb1e000
[   14.562586] copy_pte_range_tfork: addr = 7ffe3ba0b000, end = 7ffe3ba2c000, new pte table counter (after)=1
[   14.562592] tfork_one_pte_table: vm_start=7ffe3bb1a000, vm_end=7ffe3bb1e000
[   14.564146] copy_pte_range_tfork: addr = 7ffe3bb1a000, end = 7ffe3bb1e000, new pte table counter (after)=2
[   14.564147] tfork_one_pte_table: vm_start=7ffe3bb1e000, vm_end=7ffe3bb20000
[   14.565034] copy_pte_range_tfork: addr = 7ffe3bb1a000, end = 7ffe3bb1e000, new pte table counter (after)=2
[   14.566100] copy_pte_range_tfork: addr = 7ffe3bb1e000, end = 7ffe3bb20000, new pte table counter (after)=3
[   14.566856] tfork_one_pte_table: vm_start=7ffe3bb1e000, vm_end=7ffe3bb20000
[   14.567896] dereference_pte_table_multiple: addr=7ffe3ba2a000, num=3, (after) count=3
[   14.568655] copy_pte_range_tfork: addr = 7ffe3bb1e000, end = 7ffe3bb20000, new pte table counter (after)=3
[   14.569736] __handle_mm_fault: PID=247, addr=7fa7e61149b8
[   14.570906] dereference_pte_table_multiple: addr=7ffe3ba2a000, free_table=1, num=3, after count=0, table reached end of life
[   14.571966] tfork_one_pte_table: shared pte table counter=10, Covered Range: start=7fa7e6000000, end=7fa7e6200000
[   14.574365] __handle_mm_fault: PID=250, addr=7fa7e5eec760
[   14.574383] tfork_one_pte_table: vm_start=7fa7e610b000, vm_end=7fa7e610d000
[   14.575058] tfork_one_pte_table: shared pte table counter=10, Covered Range: start=7fa7e5e00000, end=7fa7e6000000
[   14.576448] copy_pte_range_tfork: allocated new table. addr=7fa7e610b000, prev_table_page=ffffea0001eb6ec0, table_page=ffffea0001eb6b00
[   14.577715] tfork_one_pte_table: vm_start=7fa7e5ce6000, vm_end=7fa7e5ee6000
[   14.578371] copy_pte_range_tfork: addr = 7fa7e610b000, end = 7fa7e610d000, new pte table counter (after)=1
[   14.579823] copy_pte_range_tfork: allocated new table. addr=7fa7e5e00000, prev_table_page=ffffea0001eb2500, table_page=ffffea0001eb5640
[   14.580590] tfork_one_pte_table: vm_start=7fa7e6110000, vm_end=7fa7e6113000
[   14.582086] copy_pte_range_tfork: addr = 7fa7e5e00000, end = 7fa7e5ee6000, new pte table counter (after)=1
[   14.582988] copy_pte_range_tfork: addr = 7fa7e6110000, end = 7fa7e6113000, new pte table counter (after)=2
[   14.582989] tfork_one_pte_table: vm_start=7fa7e6113000, vm_end=7fa7e6114000
[   14.584162] tfork_one_pte_table: vm_start=7fa7e5ee6000, vm_end=7fa7e5eea000
[   14.585649] copy_pte_range_tfork: addr = 7fa7e6113000, end = 7fa7e6114000, new pte table counter (after)=3
[   14.585650] tfork_one_pte_table: vm_start=7fa7e6114000, vm_end=7fa7e6115000
[   14.585650] copy_pte_range_tfork: addr = 7fa7e6114000, end = 7fa7e6115000, new pte table counter (after)=4
[   14.585651] tfork_one_pte_table: vm_start=7fa7e6115000, vm_end=7fa7e6116000
[   14.586509] copy_pte_range_tfork: addr = 7fa7e5ee6000, end = 7fa7e5eea000, new pte table counter (after)=2
[   14.587670] copy_pte_range_tfork: addr = 7fa7e6115000, end = 7fa7e6116000, new pte table counter (after)=5
[   14.588881] tfork_one_pte_table: vm_start=7fa7e5eea000, vm_end=7fa7e5eec000
[   14.589754] dereference_pte_table_multiple: addr=7fa7e6114000, num=5, (after) count=5
[   14.590623] copy_pte_range_tfork: addr = 7fa7e5eea000, end = 7fa7e5eec000, new pte table counter (after)=3
[   14.591873] __handle_mm_fault: PID=247, addr=5580f8d64088
[   14.592737] tfork_one_pte_table: vm_start=7fa7e5eec000, vm_end=7fa7e5ef0000
[   14.593911] tfork_one_pte_table: shared pte table counter=4, Covered Range: start=5580f8c00000, end=5580f8e00000
[   14.594829] copy_pte_range_tfork: addr = 7fa7e5eec000, end = 7fa7e5ef0000, new pte table counter (after)=4
[   14.596056] tfork_one_pte_table: vm_start=5580f8d63000, vm_end=5580f8d64000
[   14.597382] tfork_one_pte_table: vm_start=7fa7e5ef0000, vm_end=7fa7e5f13000
[   14.598475] copy_pte_range_tfork: allocated new table. addr=5580f8d63000, prev_table_page=ffffea0001eb6e40, table_page=ffffea0001eb2780
[   14.599340] copy_pte_range_tfork: addr = 7fa7e5ef0000, end = 7fa7e5f13000, new pte table counter (after)=5
[   14.600393] copy_pte_range_tfork: addr = 5580f8d63000, end = 5580f8d64000, new pte table counter (after)=1
[   14.601037] dereference_pte_table_multiple: addr=7fa7e5eec000, num=5, (after) count=5
[   14.601792] tfork_one_pte_table: vm_start=5580f8d64000, vm_end=5580f8d65000
[   14.606024] __handle_mm_fault: PID=250, addr=5580f9212032
[   14.606562] copy_pte_range_tfork: addr = 5580f8d64000, end = 5580f8d65000, new pte table counter (after)=2
[   14.607883] tfork_one_pte_table: shared pte table counter=2, Covered Range: start=5580f9200000, end=5580f9400000
[   14.608976] dereference_pte_table_multiple: addr=5580f8d64000, num=2, (after) count=2
[   14.610169] tfork_one_pte_table: vm_start=5580f9212000, vm_end=5580f9234000
[   14.618480] copy_pte_range_tfork: allocated new table. addr=5580f9212000, prev_table_page=ffffea0001e596c0, table_page=ffffea0001eb2a00
[   14.620050] copy_pte_range_tfork: addr = 5580f9212000, end = 5580f9234000, new pte table counter (after)=1
[   14.621414] dereference_pte_table_multiple: addr=5580f9212000, num=1, (after) count=1
---------->>>> parent CR3 : 131072== Child VM Started====
[   14.624075] __handle_mm_fault: PID=250, addr=7fa7e610c3d8
[   14.625045] tfork_one_pte_table: shared pte table counter=5, Covered Range: start=7fa7e6000000, end=7fa7e6200000
[   14.626137] tfork_one_pte_table: vm_start=7fa7e610b000, vm_end=7fa7e610d000
[   14.627212] copy_pte_range_tfork: allocated new table. addr=7fa7e610b000, prev_table_page=ffffea0001eb6ec0, table_page=ffffea0001eb1900
[   14.628937] copy_pte_range_tfork: addr = 7fa7e610b000, end = 7fa7e610d000, new pte table counter (after)=1
[   14.630534] tfork_one_pte_table: vm_start=7fa7e6110000, vm_end=7fa7e6113000
[   14.631652] copy_pte_range_tfork: addr = 7fa7e6110000, end = 7fa7e6113000, new pte table counter (after)=2
[   14.633085] tfork_one_pte_table: vm_start=7fa7e6113000, vm_end=7fa7e6114000
[   14.633794] copy_pte_range_tfork: addr = 7fa7e6113000, end = 7fa7e6114000, new pte table counter (after)=3
[   14.634697] tfork_one_pte_table: vm_start=7fa7e6114000, vm_end=7fa7e6115000
[   14.635343] copy_pte_range_tfork: addr = 7fa7e6114000, end = 7fa7e6115000, new pte table counter (after)=4
[   14.636242] tfork_one_pte_table: vm_start=7fa7e6115000, vm_end=7fa7e6116000
[   14.637090] copy_pte_range_tfork: addr = 7fa7e6115000, end = 7fa7e6116000, new pte table counter (after)=5
[   14.638513] dereference_pte_table_multiple: addr=7fa7e610c000, free_table=1, num=5, after count=0, table reached end of life
[   14.640425] mmap: force populate, addr=7fa7e610d000, len=3000
[   14.641405] EXIT Qualification ====> 131
[   14.642019] Guest CR3 ====> 131072
[   14.642527] EPTP ====> 2035830878
[   14.643035] Erorr Code ====> 4
[   14.643035] Erorr Code ====> 6
[   14.643497] Erorr Code ====> 6
[   14.643965] Erorr Code ====> 6
[   14.644433] ---------- direct_map called --------
[   14.644909] GPA---level---pointerEPTnext--pte
[   14.646245] 131072 --- 4 --- 2035830784 -- 0
[   14.646895] 131072 --- 3 --- 2060566528 -- 0
[   14.647529] 131072 --- 2 --- 2062008320 -- 0
[   14.648175] 131072 --- 1 --- 2060505088 -- 0
[   14.648905] spte -- map --------- 2060505344
[   14.648911] spte --------- 2060505344 --------- gfn ======= 32
[   14.649599] EXIT Qualification ====> 131
[   14.651083] Guest CR3 ====> 131072
[   14.651596] EPTP ====> 2035830878
[   14.652120] Erorr Code ====> 4
[   14.652120] Erorr Code ====> 6
[   14.652585] Erorr Code ====> 6
[   14.653069] Erorr Code ====> 6
[   14.653547] ---------- direct_map called --------
[   14.654029] GPA---level---pointerEPTnext--pte
[   14.655216] 12288 --- 4 --- 2035830784 -- 2060566528
[   14.655724] 12288 --- 3 --- 2060566528 -- 2062008320
[   14.656304] 12288 --- 2 --- 2062008320 -- 2060505088
[   14.656846] 12288 --- 1 --- 2060505088 -- 0
[   14.657496] spte -- map --------- 2060505112
[   14.657531] spte --------- 2060505112 --------- gfn ======= 3
[   14.658185] spte --------- 2060505088 --------- gfn ======= 0
[   14.659543] EXIT Qualification ====> 131
[   14.660958] Guest CR3 ====> 131072
[   14.661451] EPTP ====> 2035830878
[   14.661927] Erorr Code ====> 4
[   14.661929] Erorr Code ====> 6
[   14.662424] Erorr Code ====> 6
[   14.662922] Erorr Code ====> 6
[   14.663420] ---------- direct_map called --------
[   14.663841] GPA---level---pointerEPTnext--pte
[   14.665059] 16384 --- 4 --- 2035830784 -- 2060566528
[   14.665579] 16384 --- 3 --- 2060566528 -- 2062008320
[   14.666064] 16384 --- 2 --- 2062008320 -- 2060505088
[   14.666620] 16384 --- 1 --- 2060505088 -- 0
[   14.667033] spte -- map --------- 2060505120
ent
t== Child VM Ended====
[   14.667043] spte --------- 2060505120 --------- gfn ======= 4
[   14.668327] __handle_mm_fault: PID=250, addr=5580f8d641c8
[   14.669846] tfork_one_pte_table: shared pte table counter=2, Covered Range: start=5580f8c00000, end=5580f8e00000
[   14.671384] tfork_one_pte_table: vm_start=5580f8d63000, vm_end=5580f8d64000
[   14.672255] copy_pte_range_tfork: allocated new table. addr=5580f8d63000, prev_table_page=ffffea0001eb6e40, table_page=ffffea0001eb5080
[   14.673493] copy_pte_range_tfork: addr = 5580f8d63000, end = 5580f8d64000, new pte table counter (after)=1
[   14.674552] tfork_one_pte_table: vm_start=5580f8d64000, vm_end=5580f8d65000
[   14.675317] copy_pte_range_tfork: addr = 5580f8d64000, end = 5580f8d65000, new pte table counter (after)=2
[   14.676355] dereference_pte_table_multiple: addr=5580f8d64000, free_table=1, num=2, after count=0, table reached end of life
[   14.677620] zap_pmd_range: addr=7fa7e5951000, end=7fa7e5b51000, table_start=7fa7e5800000, table_end=7fa7e5a00000, copy then zap
[   14.678801] dereference_pte_table: addr=7fa7e5951000, (after) pte_table_count=1
[   14.679624] tfork_one_pte_table: shared pte table counter=1, Covered Range: start=7fa7e5800000, end=7fa7e5a00000
[   14.680653] dereference_pte_table_multiple: addr=7fa7e5951000, num=0, (after) count=1
[   14.681531] zap_pmd_range: no more VMAs in this process are using the table, but there are other processes using it
[   14.682853] zap_pmd_range: addr=7fa7e5a00000, end=7fa7e5b51000, table_start=7fa7e5a00000, table_end=7fa7e5c00000, copy then zap
[   14.684300] dereference_pte_table: addr=7fa7e5a00000, (after) pte_table_count=3
[   14.685166] tfork_one_pte_table: shared pte table counter=3, Covered Range: start=7fa7e5a00000, end=7fa7e5c00000
[   14.686421] tfork_one_pte_table: vm_start=7fa7e5b51000, vm_end=7fa7e5ce6000
[   14.687372] copy_pte_range_tfork: allocated new table. addr=7fa7e5b51000, prev_table_page=ffffea0001eb2580, table_page=ffffea0001eb4340
[   14.688847] copy_pte_range_tfork: addr = 7fa7e5b51000, end = 7fa7e5c00000, new pte table counter (after)=1
[   14.690307] dereference_pte_table_multiple: addr=7fa7e5a00000, num=1, (after) count=2
[   14.691161] free_pte_range: addr=5580f8a00000, counter=1, not freeing table
[   14.691182] free_pte_range: addr=7fa7e5c00000, counter=2, not freeing table
[   14.692372] BUG: Bad rss-counter state mm:00000000c97bb9f9 type:MM_FILEPAGES val:-118
[   14.694596] BUG: Bad rss-counter state mm:00000000c97bb9f9 type:MM_ANONPAGES val:-9
[   14.695809] BUG: non-zero pgtables_bytes on freeing mm: 00000000c97bb9f9 val: -12288
[   14.697159] EXIT Qualification ====> 131
[   14.697714] Guest CR3 ====> 131072
[   14.698150] EPTP ====> 2037080158
[   14.698590] Erorr Code ====> 4
[   14.698590] Erorr Code ====> 6
[   14.699004] Erorr Code ====> 6
[   14.699396] Erorr Code ====> 6
[   14.699815] ---------- direct_map called --------
[   14.700210] GPA---level---pointerEPTnext--pte
[   14.701413] 131072 --- 4 --- 2037080064 -- 2037075968
[   14.702052] 131072 --- 3 --- 2037075968 -- 2037071872
[   14.702694] 131072 --- 2 --- 2037071872 -- 2037067776
[   14.703333] 131072 --- 1 --- 2037067776 -- 0
[   14.703878] spte -- map --------- 2037068032
[   14.703886] spte --------- 2037068032 --------- gfn ======= 32
[   14.705512] EXIT Qualification ====> 131
[   14.706769] Guest CR3 ====> 131072
[   14.707204] EPTP ====> 2037080158
[   14.707626] Erorr Code ====> 4
[   14.707626] Erorr Code ====> 6
[   14.708023] Erorr Code ====> 6
[   14.708415] Erorr Code ====> 6
[   14.708820] ---------- direct_map called --------
[   14.709205] GPA---level---pointerEPTnext--pte
[   14.710394] 12288 --- 4 --- 2037080064 -- 2037075968
[   14.711049] 12288 --- 3 --- 2037075968 -- 2037071872
[   14.711832] 12288 --- 2 --- 2037071872 -- 2037067776
[   14.712538] 12288 --- 1 --- 2037067776 -- 0
[   14.713083] spte -- map --------- 2037067800
[   14.713093] spte --------- 2037067800 --------- gfn ======= 3
[   14.713759] spte --------- 2037067776 --------- gfn ======= 0
[   14.714590] EXIT Qualification ====> 131
[   14.715969] Guest CR3 ====> 131072
[   14.716399] EPTP ====> 2037080158
[   14.716850] Erorr Code ====> 4
[   14.716850] Erorr Code ====> 6
[   14.717336] Erorr Code ====> 6
[   14.717813] Erorr Code ====> 6
[   14.718288] ---------- direct_map called --------
[   14.718770] GPA---level---pointerEPTnext--pte
[   14.720254] 16384 --- 4 --- 2037080064 -- 2037075968
[   14.720873] 16384 --- 3 --- 2037075968 -- 2037071872
[   14.721409] 16384 --- 2 --- 2037071872 -- 2037067776
[   14.721980] 16384 --- 1 --- 2037067776 -- 0
[   14.722902] spte -- map --------- 2037067808
[   14.722909] spte --------- 2037067808 --------- gfn ======= 4
[   14.723432] __handle_mm_fault: PID=247, addr=7fa7e5eec760
[   14.724576] tfork_one_pte_table: shared pte table counter=5, Covered Range: start=7fa7e5e00000, end=7fa7e6000000
[   14.726051] tfork_one_pte_table: vm_start=7fa7e5ce6000, vm_end=7fa7e5ee6000
[   14.727082] copy_pte_range_tfork: allocated new table. addr=7fa7e5e00000, prev_table_page=ffffea0001eb2500, table_page=ffffea0001eb4c40
[   14.728879] copy_pte_range_tfork: addr = 7fa7e5e00000, end = 7fa7e5ee6000, new pte table counter (after)=1
[   14.730301] tfork_one_pte_table: vm_start=7fa7e5ee6000, vm_end=7fa7e5eea000
[   14.731334] copy_pte_range_tfork: addr = 7fa7e5ee6000, end = 7fa7e5eea000, new pte table counter (after)=2
[   14.732743] tfork_one_pte_table: vm_start=7fa7e5eea000, vm_end=7fa7e5eec000
[   14.733604] copy_pte_range_tfork: addr = 7fa7e5eea000, end = 7fa7e5eec000, new pte table counter (after)=3
[   14.734578] tfork_one_pte_table: vm_start=7fa7e5eec000, vm_end=7fa7e5ef0000
[   14.735377] copy_pte_range_tfork: addr = 7fa7e5eec000, end = 7fa7e5ef0000, new pte table counter (after)=4
[   14.736414] tfork_one_pte_table: vm_start=7fa7e5ef0000, vm_end=7fa7e5f13000
[   14.737203] copy_pte_range_tfork: addr = 7fa7e5ef0000, end = 7fa7e5f13000, new pte table counter (after)=5
[   14.738236] dereference_pte_table_multiple: addr=7fa7e5eec000, free_table=1, num=5, after count=0, table reached end of life
[   14.739433] __handle_mm_fault: PID=247, addr=5580f9212032
[   14.740007] tfork_one_pte_table: shared pte table counter=1, Covered Range: start=5580f9200000, end=5580f9400000
[   14.741124] tfork_one_pte_table: vm_start=5580f9212000, vm_end=5580f9234000
[   14.741894] copy_pte_range_tfork: allocated new table. addr=5580f9212000, prev_table_page=ffffea0001e596c0, table_page=ffffea0001eb2500
[   14.743168] copy_pte_range_tfork: addr = 5580f9212000, end = 5580f9234000, new pte table counter (after)=1
[   14.744243] dereference_pte_table_multiple: addr=5580f9212000, free_table=1, num=1, after count=0, table reached end of life
---------->>>> parent CR3 : 131072ent
t---------->>>> p[   14.746110] zap_pmd_range: addr=7fa7e5951000, end=7fa7e5b51000, table_start=7fa7e5800000, table_end=7fa7e5a00000, copy then zap
arent CR3 : 1310[   14.747622] dereference_pte_table: addr=7fa7e5951000, free_table=0, pte table reached end of life
72[   14.748859] zap_pmd_range: the shared table is dead. NOT copying after all.
[   14.749814] zap_pmd_range: addr=7fa7e5a00000, end=7fa7e5b51000, table_start=7fa7e5a00000, table_end=7fa7e5c00000, copy then zap
[   14.751073] dereference_pte_table: addr=7fa7e5a00000, (after) pte_table_count=1
[   14.752034] tfork_one_pte_table: shared pte table counter=1, Covered Range: start=7fa7e5a00000, end=7fa7e5c00000
[   14.753457] tfork_one_pte_table: vm_start=7fa7e5b51000, vm_end=7fa7e5ce6000
[   14.754385] copy_pte_range_tfork: allocated new table. addr=7fa7e5b51000, prev_table_page=ffffea0001eb2580, table_page=ffffea0001e5acc0
[   14.755994] copy_pte_range_tfork: addr = 7fa7e5b51000, end = 7fa7e5c00000, new pte table counter (after)=1
[   14.757050] dereference_pte_table_multiple: addr=7fa7e5a00000, free_table=1, num=1, after count=0, table reached end of life
[   14.758964] BUG: Bad rss-counter state mm:0000000095c79858 type:MM_FILEPAGES val:118
[   14.759965] BUG: Bad rss-counter state mm:0000000095c79858 type:MM_ANONPAGES val:9
[   14.761172] BUG: non-zero pgtables_bytes on freeing mm: 0000000095c79858 val: 12288
root@syzkaller:~/kvm-samples# ./kvm-hello-world -l -1 0
Testing 64-bit mode
[   17.103363] EXIT Qualification ====> 131
[   17.106891] Guest CR3 ====> 131072
[   17.109601] EPTP ====> 2036764766
[   17.112309] Erorr Code ====> 4
[   17.112311] Erorr Code ====> 6
[   17.114880] Erorr Code ====> 6
[   17.116940] Erorr Code ====> 6
[   17.119091] ---------- direct_map called --------
[   17.121347] GPA---level---pointerEPTnext--pte
[   17.127979] 131072 --- 4 --- 2036764672 -- 0
[   17.131272] 131072 --- 3 --- 2036760576 -- 0
[   17.134190] 131072 --- 2 --- 2036756480 -- 0
[   17.136435] 131072 --- 1 --- 2036752384 -- 0
[   17.139687] spte -- map --------- 2036752640
[   17.139696] spte --------- 2036752640 --------- gfn ======= 32
[   17.143061] EXIT Qualification ====> 131
[   17.149604] Guest CR3 ====> 131072
[   17.151089] EPTP ====> 2036764766
[   17.152530] Erorr Code ====> 4
[   17.152531] Erorr Code ====> 6
[   17.154440] Erorr Code ====> 6
[   17.156331] Erorr Code ====> 6
[   17.157880] ---------- direct_map called --------
[   17.159068] GPA---level---pointerEPTnext--pte
[   17.163020] 12288 --- 4 --- 2036764672 -- 2036760576
[   17.165227] 12288 --- 3 --- 2036760576 -- 2036756480
[   17.166949] 12288 --- 2 --- 2036756480 -- 2036752384
[   17.168694] 12288 --- 1 --- 2036752384 -- 0
[   17.169692] spte -- map --------- 2036752408
[   17.169708] spte --------- 2036752408 --------- gfn ======= 3
[   17.170600] spte --------- 2036752384 --------- gfn ======= 0
[   17.172509] EXIT Qualification ====> 131
[   17.175124] Guest CR3 ====> 131072
[   17.175754] EPTP ====> 2036764766
[   17.176437] Erorr Code ====> 4
[   17.176439] Erorr Code ====> 6
[   17.177248] Erorr Code ====> 6
[   17.178074] Erorr Code ====> 6
[   17.178914] ---------- direct_map called --------
[   17.179786] GPA---level---pointerEPTnext--pte
[   17.181808] 16384 --- 4 --- 2036764672 -- 2036760576
[   17.182465] 16384 --- 3 --- 2036760576 -- 2036756480
[   17.183220] 16384 --- 2 --- 2036756480 -- 2036752384
[   17.183887] 16384 --- 1 --- 2036752384 -- 0
[   17.184443] spte -- map --------- 2036752416
Par---------->>>> parent CR3 : 131072== Child VM Started====
[   17.184446] spte --------- 2036752416 --------- gfn ======= 4
[   17.187772] EXIT Qualification ====> 131
[   17.190310] Guest CR3 ====> 131072
[   17.190968] EPTP ====> 2035847262
[   17.191601] Erorr Code ====> 4
[   17.191601] Erorr Code ====> 6
[   17.192185] Erorr Code ====> 6
[   17.192780] Erorr Code ====> 6
[   17.194000] EXIT Qualification ====> 131
[   17.195330] Guest CR3 ====> 131072
[   17.195988] EPTP ====> 2035847262
[   17.196557] Erorr Code ====> 4
[   17.196557] Erorr Code ====> 6
[   17.197036] Erorr Code ====> 6
[   17.197479] Erorr Code ====> 6
[   17.197878] ---------- direct_map called --------
[   17.198370] GPA---level---pointerEPTnext--pte
[   17.199687] 131072 --- 4 --- 2035847168 -- 0
[   17.200159] 131072 --- 3 --- 2088333312 -- 0
[   17.200611] 131072 --- 2 --- 2062938112 -- 0
[   17.201356] 131072 --- 1 --- 2061418496 -- 0
[   17.202076] spte -- map --------- 2061418752
[   17.202079] spte --------- 2061418752 --------- gfn ======= 32
[   17.202866] EXIT Qualification ====> 131
[   17.204014] Guest CR3 ====> 131072
[   17.204410] EPTP ====> 2035847262
[   17.205203] Erorr Code ====> 4
[   17.205204] Erorr Code ====> 6
[   17.205882] Erorr Code ====> 6
[   17.206403] Erorr Code ====> 6
[   17.206952] EXIT Qualification ====> 131
[   17.207694] Guest CR3 ====> 131072
[   17.208049] EPTP ====> 2035847262
[   17.208396] Erorr Code ====> 4
[   17.208396] Erorr Code ====> 6
[   17.208776] Erorr Code ====> 6
[   17.209098] Erorr Code ====> 6
[   17.209421] ---------- direct_map called --------
[   17.209749] GPA---level---pointerEPTnext--pte
[   17.210696] 12288 --- 4 --- 2035847168 -- 2088333312
[   17.211210] 12288 --- 3 --- 2088333312 -- 2062938112
[   17.211728] 12288 --- 2 --- 2062938112 -- 2061418496
[   17.212240] 12288 --- 1 --- 2061418496 -- 0
[   17.212744] spte -- map --------- 2061418520
[   17.212750] spte --------- 2061418520 --------- gfn ======= 3
[   17.213480] EXIT Qualification ====> 131
[   17.215135] Guest CR3 ====> 131072
[   17.215752] EPTP ====> 2035847262
[   17.216330] Erorr Code ====> 4
[   17.216330] Erorr Code ====> 6
[   17.216869] Erorr Code ====> 6
[   17.217395] Erorr Code ====> 6
[   17.217991] EXIT Qualification ====> 131
[   17.219213] Guest CR3 ====> 131072
[   17.219807] EPTP ====> 2035847262
[   17.220379] Erorr Code ====> 4
[   17.220379] Erorr Code ====> 6
[   17.220936] Erorr Code ====> 6
[   17.221445] Erorr Code ====> 6
[   17.222004] ---------- direct_map called --------
[   17.222519] GPA---level---pointerEPTnext--pte
[   17.224019] 16384 --- 4 --- 2035847168 -- 2088333312
[   17.224803] 16384 --- 3 --- 2088333312 -- 2062938112
[   17.225613] 16384 --- 2 --- 2062938112 -- 2061418496
[   17.226481] 16384 --- 1 --- 2061418496 -- 0
[   17.227158] spte -- map --------- 2061418528
[   17.227162] spte --------- 2061418528 --------- gfn ======= 4
[   17.227685] EXIT Qualification ====> 388
[   17.228732] Guest CR3 ====> 131072
[   17.229279] EPTP ====> 2035847262
[   17.229867] Erorr Code ====> 0
[   17.229869] Erorr Code ====> 0
[   17.230417] Erorr Code ====> 16
[   17.231059] Erorr Code ====> 16
[   17.231624] EXIT Qualification ====> 388
[   17.232341] Guest CR3 ====> 131072
[   17.232680] EPTP ====> 2035847262
[   17.233006] Erorr Code ====> 0
[   17.233006] Erorr Code ====> 0
[   17.233299] Erorr Code ====> 16
[   17.233592] Erorr Code ====> 16
[   17.233901] ---------- direct_map called --------
[   17.234204] GPA---level---pointerEPTnext--pte
[   17.235069] 27 --- 4 --- 2035847168 -- 2088333312
[   17.235512] 27 --- 3 --- 2088333312 -- 2062938112
[   17.236160] 27 --- 2 --- 2062938112 -- 2061418496
[   17.236678] 27 --- 1 --- 2061418496 -- 0
[   17.237117] spte -- map --------- 2061418496
ent
t== Child VM Ended====
[   17.237124] spte --------- 2061418496 --------- gfn ======= 0
[   17.239484] EXIT Qualification ====> 131
[   17.240737] Guest CR3 ====> 131072
[   17.241137] EPTP ====> 2036764766
[   17.241675] Erorr Code ====> 4
[   17.241676] Erorr Code ====> 6
[   17.242010] Erorr Code ====> 6
[   17.242492] Erorr Code ====> 6
[   17.243037] ---------- direct_map called --------
[   17.243521] GPA---level---pointerEPTnext--pte
[   17.244678] 131072 --- 4 --- 2036764672 -- 2036760576
[   17.245420] 131072 --- 3 --- 2036760576 -- 2036756480
[   17.246173] 131072 --- 2 --- 2036756480 -- 2036752384
[   17.246923] 131072 --- 1 --- 2036752384 -- 0
[   17.247554] spte -- map --------- 2036752640
[   17.247559] spte --------- 2036752640 --------- gfn ======= 32
[   17.248233] EXIT Qualification ====> 131
[   17.249604] Guest CR3 ====> 131072
[   17.250153] EPTP ====> 2036764766
[   17.250552] Erorr Code ====> 4
[   17.250552] Erorr Code ====> 6
[   17.250860] Erorr Code ====> 6
[   17.251226] Erorr Code ====> 6
[   17.251520] ---------- direct_map called --------
[   17.251829] GPA---level---pointerEPTnext--pte
[   17.252969] 12288 --- 4 --- 2036764672 -- 2036760576
[   17.253694] 12288 --- 3 --- 2036760576 -- 2036756480
[   17.254410] 12288 --- 2 --- 2036756480 -- 2036752384
[   17.255143] 12288 --- 1 --- 2036752384 -- 0
[   17.255752] spte -- map --------- 2036752408
[   17.255765] spte --------- 2036752408 --------- gfn ======= 3
[   17.256204] EXIT Qualification ====> 131
[   17.257399] Guest CR3 ====> 131072
[   17.257787] EPTP ====> 2036764766
[   17.258242] Erorr Code ====> 4
[   17.258243] Erorr Code ====> 6
[   17.258526] Erorr Code ====> 6
[   17.258835] Erorr Code ====> 6
[   17.259249] ---------- direct_map called --------
[   17.259535] GPA---level---pointerEPTnext--pte
[   17.260570] 16384 --- 4 --- 2036764672 -- 2036760576
[   17.261851] 16384 --- 3 --- 2036760576 -- 2036756480
[   17.262566] 16384 --- 2 --- 2036756480 -- 2036752384
[   17.263293] 16384 --- 1 --- 2036752384 -- 0
[   17.263909] spte -- map --------- 2036752416
[   17.263911] spte --------- 2036752416 --------- gfn ======= 4
[   17.264568] EXIT Qualification ====> 388
[   17.265993] Guest CR3 ====> 131072
[   17.266487] EPTP ====> 2036764766
[   17.266981] Erorr Code ====> 0
[   17.266981] Erorr Code ====> 0
[   17.267431] Erorr Code ====> 16
[   17.267886] Erorr Code ====> 16
[   17.268349] ---------- direct_map called --------
[   17.268826] GPA---level---pointerEPTnext--pte
[   17.270144] 27 --- 4 --- 2036764672 -- 2036760576
[   17.270831] 27 --- 3 --- 2036760576 -- 2036756480
[   17.271511] 27 --- 2 --- 2036756480 -- 2036752384
[   17.272244] 27 --- 1 --- 2036752384 -- 0
[   17.272841] spte -- map --------- 2036752384
---------->>>> parent CR3 : 131072ent
t---------->>>> parent CR3 : 131072root@syzkaller:~/kvm-samples# quit
-bash: quit: command not found
root@syzkaller:~/kvm-samples# 