c[?7l[2J[0mSeaBIOS (version 1.13.0-1ubuntu1.1)


iPXE (http://ipxe.org) 00:03.0 CA00 PCI2.10 PnP PMM+7FF8C8A0+7FECC8A0 CA00
Press Ctrl-B to configure iPXE (PCI 00:03.0)...                                                                               


Booting from ROM..c[?7l[2J[0m.Wrong EFI loader signature.
early console in extract_kernel
input_data: 0x0000000002a4440d
input_len: 0x00000000009891e1
output: 0x0000000001000000
output_len: 0x00000000023898cc
kernel_total_size: 0x0000000002030000
needed_size: 0x0000000002400000
trampoline_32bit: 0x000000000009d000
Physical KASLR using RDRAND RDTSC...
Virtual KASLR using RDRAND RDTSC...

Decompressing Linux... Parsing ELF... Performing relocations... done.
Booting the kernel.
[    0.000000] Linux version 5.14.0-rc7-mm1+ (bilal@indy01.cs.purdue.edu) (gcc (Ubuntu 9.3.0-17ubuntu1~20.04) 9.3.0, GNU ld (GNU Binutils for Ubuntu) 2.34) #6 SMP Mon Sep 27 20:05:38 EDT 2021
[    0.000000] Command line: console=ttyS0 root=/dev/sda earlyprintk=serial net.ifnames=0 kernel-modules
[    0.000000] unchecked MSR access error: WRMSR to 0xda0 (tried to write 0x0000000000000000) at rIP: 0xffffffffa6493adb (fpu__init_cpu_xstate.part.0+0x5b/0x80)
[    0.000000] Call Trace:
[    0.000000]  ? fpu__init_system_xstate+0x104/0x91f
[    0.000000]  ? fpu__init_system+0x111/0x14e
[    0.000000]  ? early_cpu_init+0x393/0x3bd
[    0.000000]  ? setup_arch+0x53/0xb71
[    0.000000]  ? start_kernel+0x64/0x698
[    0.000000]  ? copy_bootdata+0xf/0x44
[    0.000000]  ? secondary_startup_64_no_verify+0xc2/0xcb
[    0.000000] x86/fpu: Supporting XSAVE feature 0x001: 'x87 floating point registers'
[    0.000000] x86/fpu: Supporting XSAVE feature 0x002: 'SSE registers'
[    0.000000] x86/fpu: Supporting XSAVE feature 0x004: 'AVX registers'
[    0.000000] x86/fpu: xstate_offset[2]:  576, xstate_sizes[2]:  256
[    0.000000] x86/fpu: Enabled xstate features 0x7, context size is 832 bytes, using 'compacted' format.
[    0.000000] signal: max sigframe size: 1776
[    0.000000] BIOS-provided physical RAM map:
[    0.000000] BIOS-e820: [mem 0x0000000000000000-0x000000000009fbff] usable
[    0.000000] BIOS-e820: [mem 0x000000000009fc00-0x000000000009ffff] reserved
[    0.000000] BIOS-e820: [mem 0x00000000000f0000-0x00000000000fffff] reserved
[    0.000000] BIOS-e820: [mem 0x0000000000100000-0x000000007ffdffff] usable
[    0.000000] BIOS-e820: [mem 0x000000007ffe0000-0x000000007fffffff] reserved
[    0.000000] BIOS-e820: [mem 0x00000000feffc000-0x00000000feffffff] reserved
[    0.000000] BIOS-e820: [mem 0x00000000fffc0000-0x00000000ffffffff] reserved
[    0.000000] printk: bootconsole [earlyser0] enabled
[    0.000000] NX (Execute Disable) protection: active
[    0.000000] SMBIOS 2.8 present.
[    0.000000] DMI: QEMU Standard PC (i440FX + PIIX, 1996), BIOS 1.13.0-1ubuntu1.1 04/01/2014
[    0.000000] Hypervisor detected: KVM
[    0.000000] kvm-clock: Using msrs 4b564d01 and 4b564d00
[    0.000000] kvm-clock: cpu 0, msr 21cfc001, primary cpu clock
[    0.000001] kvm-clock: using sched offset of 257422804 cycles
[    0.000646] clocksource: kvm-clock: mask: 0xffffffffffffffff max_cycles: 0x1cd42e4dffb, max_idle_ns: 881590591483 ns
[    0.002422] tsc: Detected 2794.710 MHz processor
[    0.003554] last_pfn = 0x7ffe0 max_arch_pfn = 0x400000000
[    0.004177] x86/PAT: Configuration [0-7]: WB  WC  UC- UC  WB  WP  UC- WT  
Memory KASLR using RDRAND RDTSC...
[    0.007337] found SMP MP-table at [mem 0x000f5c80-0x000f5c8f]
[    0.007982] Using GB pages for direct mapping
[    0.008510] ACPI: Early table checksum verification disabled
[    0.009134] ACPI: RSDP 0x00000000000F5A70 000014 (v00 BOCHS )
[    0.009789] ACPI: RSDT 0x000000007FFE15C9 000030 (v01 BOCHS  BXPCRSDT 00000001 BXPC 00000001)
[    0.010728] ACPI: FACP 0x000000007FFE149D 000074 (v01 BOCHS  BXPCFACP 00000001 BXPC 00000001)
[    0.011673] ACPI: DSDT 0x000000007FFE0040 00145D (v01 BOCHS  BXPCDSDT 00000001 BXPC 00000001)
[    0.012618] ACPI: FACS 0x000000007FFE0000 000040
[    0.013125] ACPI: APIC 0x000000007FFE1511 000080 (v01 BOCHS  BXPCAPIC 00000001 BXPC 00000001)
[    0.014033] ACPI: HPET 0x000000007FFE1591 000038 (v01 BOCHS  BXPCHPET 00000001 BXPC 00000001)
[    0.014980] ACPI: Reserving FACP table memory at [mem 0x7ffe149d-0x7ffe1510]
[    0.015744] ACPI: Reserving DSDT table memory at [mem 0x7ffe0040-0x7ffe149c]
[    0.016526] ACPI: Reserving FACS table memory at [mem 0x7ffe0000-0x7ffe003f]
[    0.017282] ACPI: Reserving APIC table memory at [mem 0x7ffe1511-0x7ffe1590]
[    0.018055] ACPI: Reserving HPET table memory at [mem 0x7ffe1591-0x7ffe15c8]
[    0.019104] No NUMA configuration found
[    0.019538] Faking a node at [mem 0x0000000000000000-0x000000007ffdffff]
[    0.020268] NODE_DATA(0) allocated [mem 0x7ffdc000-0x7ffdffff]
[    0.020906] Zone ranges:
[    0.021187]   DMA      [mem 0x0000000000001000-0x0000000000ffffff]
[    0.021872]   DMA32    [mem 0x0000000001000000-0x000000007ffdffff]
[    0.022560]   Normal   empty
[    0.022874] Movable zone start for each node
[    0.023356] Early memory node ranges
[    0.023753]   node   0: [mem 0x0000000000001000-0x000000000009efff]
[    0.024447]   node   0: [mem 0x0000000000100000-0x000000007ffdffff]
[    0.025130] Initmem setup node 0 [mem 0x0000000000001000-0x000000007ffdffff]
[    0.026868] On node 0, zone DMA: 1 pages in unavailable ranges
[    0.026886] On node 0, zone DMA: 97 pages in unavailable ranges
[    0.051326] On node 0, zone DMA32: 32 pages in unavailable ranges
[    0.052336] ACPI: PM-Timer IO Port: 0x608
[    0.053476] ACPI: LAPIC_NMI (acpi_id[0xff] dfl dfl lint[0x1])
[    0.054134] IOAPIC[0]: apic_id 0, version 17, address 0xfec00000, GSI 0-23
[    0.054916] ACPI: INT_SRC_OVR (bus 0 bus_irq 0 global_irq 2 dfl dfl)
[    0.055626] ACPI: INT_SRC_OVR (bus 0 bus_irq 5 global_irq 5 high level)
[    0.056353] ACPI: INT_SRC_OVR (bus 0 bus_irq 9 global_irq 9 high level)
[    0.057080] ACPI: INT_SRC_OVR (bus 0 bus_irq 10 global_irq 10 high level)
[    0.057826] ACPI: INT_SRC_OVR (bus 0 bus_irq 11 global_irq 11 high level)
[    0.058571] ACPI: Using ACPI (MADT) for SMP configuration information
[    0.059281] ACPI: HPET id: 0x8086a201 base: 0xfed00000
[    0.059853] TSC deadline timer available
[    0.060297] smpboot: Allowing 2 CPUs, 0 hotplug CPUs
[    0.060843] kvm-guest: KVM setup pv remote TLB flush
[    0.061379] kvm-guest: setup PV sched yield
[    0.061845] [mem 0x80000000-0xfeffbfff] available for PCI devices
[    0.062520] Booting paravirtualized kernel on KVM
[    0.063025] clocksource: refined-jiffies: mask: 0xffffffff max_cycles: 0xffffffff, max_idle_ns: 1910969940391419 ns
[    0.068986] setup_percpu: NR_CPUS:64 nr_cpumask_bits:64 nr_cpu_ids:2 nr_node_ids:1
[    0.071069] percpu: Embedded 48 pages/cpu s158168 r8192 d30248 u1048576
[    0.071837] kvm-guest: stealtime: cpu 0, msr 7dc17140
[    0.072418] Built 1 zonelists, mobility grouping on.  Total pages: 515808
[    0.073195] Policy zone: DMA32
[    0.073545] Kernel command line: console=ttyS0 root=/dev/sda earlyprintk=serial net.ifnames=0 kernel-modules
[    0.074721] Unknown command line parameters: kernel-modules
[    0.076631] Dentry cache hash table entries: 262144 (order: 9, 2097152 bytes, linear)
[    0.077720] Inode-cache hash table entries: 131072 (order: 8, 1048576 bytes, linear)
[    0.078578] Call Trace:
[    0.078861]  cpu_init+0x1be/0x250
[    0.079225]  start_kernel+0x37b/0x698
[    0.079624]  ? copy_bootdata+0xf/0x44
[    0.080032]  secondary_startup_64_no_verify+0xc2/0xcb
[    0.080601] mem auto-init: stack:off, heap alloc:off, heap free:off
[    0.085874] Memory: 2026616K/2096632K available (16400K kernel code, 2691K rwdata, 3808K rodata, 1376K init, 1148K bss, 69756K reserved, 0K cma-reserved)
[    0.087461] SLUB: HWalign=64, Order=0-3, MinObjects=0, CPUs=2, Nodes=1
[    0.090299] rcu: Hierarchical RCU implementation.
[    0.090829] rcu: 	RCU event tracing is enabled.
[    0.091327] rcu: 	RCU restricting CPUs from NR_CPUS=64 to nr_cpu_ids=2.
[    0.092055] rcu: RCU calculated value of scheduler-enlistment delay is 100 jiffies.
[    0.092916] rcu: Adjusting geometry for rcu_fanout_leaf=16, nr_cpu_ids=2
[    0.094510] NR_IRQS: 4352, nr_irqs: 440, preallocated irqs: 16
[    0.095450] random: get_random_bytes called from start_kernel+0x4cf/0x698 with crng_init=0
[    0.099706] Console: colour VGA+ 80x25
[    0.101070] printk: console [ttyS0] enabled
[    0.101070] printk: console [ttyS0] enabled
[    0.102000] printk: bootconsole [earlyser0] disabled
[    0.102000] printk: bootconsole [earlyser0] disabled
[    0.103120] ACPI: Core revision 20210730
[    0.103677] clocksource: hpet: mask: 0xffffffff max_cycles: 0xffffffff, max_idle_ns: 19112604467 ns
[    0.104806] APIC: Switch to symmetric I/O mode setup
[    0.105409] kvm-guest: setup PV IPIs
[    0.106593] ..TIMER: vector=0x30 apic1=0 pin1=2 apic2=-1 pin2=-1
[    0.107291] tsc: Marking TSC unstable due to TSCs unsynchronized
[    0.107995] Calibrating delay loop (skipped) preset value.. 5589.42 BogoMIPS (lpj=2794710)
[    0.108992] pid_max: default: 32768 minimum: 301
[    0.109519] LSM: Security Framework initializing
[    0.109997] SELinux:  Initializing.
[    0.110408] Mount-cache hash table entries: 4096 (order: 3, 32768 bytes, linear)
[    0.110994] Mountpoint-cache hash table entries: 4096 (order: 3, 32768 bytes, linear)
Poking KASLR using RDRAND RDTSC...
[    0.112520] x86/cpu: User Mode Instruction Prevention (UMIP) activated
[    0.113058] Last level iTLB entries: 4KB 512, 2MB 255, 4MB 127
[    0.113992] Last level dTLB entries: 4KB 512, 2MB 255, 4MB 127, 1GB 0
[    0.114996] Spectre V1 : Mitigation: usercopy/swapgs barriers and __user pointer sanitization
[    0.115929] Spectre V2 : Mitigation: Full AMD retpoline
[    0.115992] Spectre V2 : Spectre v2 / SpectreRSB mitigation: Filling RSB on context switch
[    0.116992] Spectre V2 : Enabling Restricted Speculation for firmware calls
[    0.117993] Spectre V2 : mitigation: Enabling conditional Indirect Branch Prediction Barrier
[    0.118992] Speculative Store Bypass: Mitigation: Speculative Store Bypass disabled via prctl and seccomp
[    0.122133] Freeing SMP alternatives memory: 44K
[    0.122738] smpboot: CPU0: AMD EPYC 7402P 24-Core Processor (family: 0x17, model: 0x31, stepping: 0x0)
[    0.123045] Performance Events: Fam17h+ core perfctr, AMD PMU driver.
[    0.123769] ... version:                0
[    0.123994] ... bit width:              48
[    0.124449] ... generic registers:      6
[    0.124890] ... value mask:             0000ffffffffffff
[    0.124993] ... max period:             00007fffffffffff
[    0.125571] ... fixed-purpose events:   0
[    0.125993] ... event mask:             000000000000003f
[    0.126651] rcu: Hierarchical SRCU implementation.
[    0.127334] smp: Bringing up secondary CPUs ...
[    0.128007] x86: Booting SMP configuration:
[    0.128501] .... node  #0, CPUs:      #1
[    0.009659] Call Trace:
[    0.009659]  cpu_init+0x1be/0x250
[    0.009659]  start_secondary+0xb/0xf0
[    0.009659]  secondary_startup_64_no_verify+0xc2/0xcb
[    0.010659] kvm-clock: cpu 1, msr 21cfc041, secondary cpu clock
[    0.131333] kvm-guest: stealtime: cpu 1, msr 7dd17140
[    0.132018] smp: Brought up 1 node, 2 CPUs
[    0.132995] smpboot: Max logical packages: 2
[    0.133499] smpboot: Total of 2 processors activated (11178.84 BogoMIPS)
[    0.134184] devtmpfs: initialized
[    0.134511] clocksource: jiffies: mask: 0xffffffff max_cycles: 0xffffffff, max_idle_ns: 1911260446275000 ns
[    0.134998] futex hash table entries: 512 (order: 3, 32768 bytes, linear)
[    0.135882] PM: RTC time: 00:39:54, date: 2021-09-28
[    0.136082] NET: Registered PF_NETLINK/PF_ROUTE protocol family
[    0.136846] audit: initializing netlink subsys (disabled)
[    0.137010] audit: type=2000 audit(1632789595.295:1): state=initialized audit_enabled=0 res=1
[    0.137049] thermal_sys: Registered thermal governor 'step_wise'
[    0.137994] thermal_sys: Registered thermal governor 'user_space'
[    0.138720] cpuidle: using governor menu
[    0.140045] ACPI: bus type PCI registered
[    0.140595] PCI: Using configuration type 1 for base access
[    0.140993] PCI: Using configuration type 1 for extended access
[    0.143122] Kprobes globally optimized
[    0.143587] HugeTLB registered 2.00 MiB page size, pre-allocated 0 pages
[    0.144018] cryptomgr_test (26) used greatest stack depth: 15160 bytes left
[    0.145016] ACPI: PRMT not present
[    0.145432] ACPI: Added _OSI(Module Device)
[    0.146003] ACPI: Added _OSI(Processor Device)
[    0.146529] ACPI: Added _OSI(3.0 _SCP Extensions)
[    0.146993] ACPI: Added _OSI(Processor Aggregator Device)
[    0.147638] ACPI: Added _OSI(Linux-Dell-Video)
[    0.147996] ACPI: Added _OSI(Linux-Lenovo-NV-HDMI-Audio)
[    0.148627] ACPI: Added _OSI(Linux-HPI-Hybrid-Graphics)
[    0.149365] ACPI: 1 ACPI AML tables successfully acquired and loaded
[    0.150455] ACPI: Interpreter enabled
[    0.151007] ACPI: PM: (supports S0 S3 S5)
[    0.151482] ACPI: Using IOAPIC for interrupt routing
[    0.152000] PCI: Using host bridge windows from ACPI; if necessary, use "pci=nocrs" and report a bug
[    0.153050] ACPI: Enabled 2 GPEs in block 00 to 0F
[    0.155474] ACPI: PCI Root Bridge [PCI0] (domain 0000 [bus 00-ff])
[    0.155997] acpi PNP0A03:00: _OSC: OS supports [ExtendedConfig ASPM ClockPM Segments MSI HPX-Type3]
[    0.157022] PCI host bridge to bus 0000:00
[    0.157512] pci_bus 0000:00: root bus resource [io  0x0000-0x0cf7 window]
[    0.157994] pci_bus 0000:00: root bus resource [io  0x0d00-0xffff window]
[    0.158790] pci_bus 0000:00: root bus resource [mem 0x000a0000-0x000bffff window]
[    0.158994] pci_bus 0000:00: root bus resource [mem 0x80000000-0xfebfffff window]
[    0.159889] pci_bus 0000:00: root bus resource [mem 0x100000000-0x17fffffff window]
[    0.159993] pci_bus 0000:00: root bus resource [bus 00-ff]
[    0.160786] pci 0000:00:00.0: [8086:1237] type 00 class 0x060000
[    0.161366] pci 0000:00:01.0: [8086:7000] type 00 class 0x060100
[    0.162486] pci 0000:00:01.1: [8086:7010] type 00 class 0x010180
[    0.164268] pci 0000:00:01.1: reg 0x20: [io  0xc040-0xc04f]
[    0.165418] pci 0000:00:01.1: legacy IDE quirk: reg 0x10: [io  0x01f0-0x01f7]
[    0.165994] pci 0000:00:01.1: legacy IDE quirk: reg 0x14: [io  0x03f6]
[    0.166994] pci 0000:00:01.1: legacy IDE quirk: reg 0x18: [io  0x0170-0x0177]
[    0.167831] pci 0000:00:01.1: legacy IDE quirk: reg 0x1c: [io  0x0376]
[    0.168128] pci 0000:00:01.3: [8086:7113] type 00 class 0x068000
[    0.169232] pci 0000:00:01.3: quirk: [io  0x0600-0x063f] claimed by PIIX4 ACPI
[    0.170000] pci 0000:00:01.3: quirk: [io  0x0700-0x070f] claimed by PIIX4 SMB
[    0.171034] pci 0000:00:02.0: [1234:1111] type 00 class 0x030000
[    0.172285] pci 0000:00:02.0: reg 0x10: [mem 0xfd000000-0xfdffffff pref]
[    0.173994] pci 0000:00:02.0: reg 0x18: [mem 0xfebb0000-0xfebb0fff]
[    0.176994] pci 0000:00:02.0: reg 0x30: [mem 0xfeba0000-0xfebaffff pref]
[    0.177983] pci 0000:00:03.0: [8086:100e] type 00 class 0x020000
[    0.178500] pci 0000:00:03.0: reg 0x10: [mem 0xfeb80000-0xfeb9ffff]
[    0.179516] pci 0000:00:03.0: reg 0x14: [io  0xc000-0xc03f]
[    0.182541] pci 0000:00:03.0: reg 0x30: [mem 0xfeb00000-0xfeb7ffff pref]
[    0.183508] ACPI: PCI: Interrupt link LNKA configured for IRQ 10
[    0.184060] ACPI: PCI: Interrupt link LNKB configured for IRQ 10
[    0.184851] ACPI: PCI: Interrupt link LNKC configured for IRQ 11
[    0.185052] ACPI: PCI: Interrupt link LNKD configured for IRQ 11
[    0.185805] ACPI: PCI: Interrupt link LNKS configured for IRQ 9
[    0.186108] iommu: Default domain type: Translated 
[    0.186704] iommu: DMA domain TLB invalidation policy: lazy mode 
[    0.187026] pci 0000:00:02.0: vgaarb: setting as boot VGA device
[    0.187731] pci 0000:00:02.0: vgaarb: VGA device added: decodes=io+mem,owns=io+mem,locks=none
[    0.188002] pci 0000:00:02.0: vgaarb: bridge control possible
[    0.188689] vgaarb: loaded
[    0.189039] SCSI subsystem initialized
[    0.189518] ACPI: bus type USB registered
[    0.190010] usbcore: registered new interface driver usbfs
[    0.190673] usbcore: registered new interface driver hub
[    0.190997] usbcore: registered new device driver usb
[    0.191681] pps_core: LinuxPPS API ver. 1 registered
[    0.191994] pps_core: Software ver. 5.3.6 - Copyright 2005-2007 Rodolfo Giometti <giometti@linux.it>
[    0.192995] PTP clock support registered
[    0.193502] Advanced Linux Sound Architecture Driver Initialized.
[    0.194071] NetLabel: Initializing
[    0.194486] NetLabel:  domain hash size = 128
[    0.194993] NetLabel:  protocols = UNLABELED CIPSOv4 CALIPSO
[    0.195722] NetLabel:  unlabeled traffic allowed by default
[    0.196008] PCI: Using ACPI for IRQ routing
[    0.196669] hpet0: at MMIO 0xfed00000, IRQs 2, 8, 0
[    0.196994] hpet0: 3 comparators, 64-bit 100.000000 MHz counter
[    0.200028] clocksource: Switched to clocksource kvm-clock
[    0.209267] VFS: Disk quotas dquot_6.6.0
[    0.296494] VFS: Dquot-cache hash table entries: 512 (order 0, 4096 bytes)
[    0.297353] pnp: PnP ACPI init
[    0.298014] pnp: PnP ACPI: found 6 devices
[    0.305799] clocksource: acpi_pm: mask: 0xffffff max_cycles: 0xffffff, max_idle_ns: 2085701024 ns
[    0.306921] NET: Registered PF_INET protocol family
[    0.307558] IP idents hash table entries: 32768 (order: 6, 262144 bytes, linear)
[    0.308661] tcp_listen_portaddr_hash hash table entries: 1024 (order: 2, 16384 bytes, linear)
[    0.309707] TCP established hash table entries: 16384 (order: 5, 131072 bytes, linear)
[    0.310716] TCP bind hash table entries: 16384 (order: 6, 262144 bytes, linear)
[    0.312838] TCP: Hash tables configured (established 16384 bind 16384)
[    0.313636] UDP hash table entries: 1024 (order: 3, 32768 bytes, linear)
[    0.314434] UDP-Lite hash table entries: 1024 (order: 3, 32768 bytes, linear)
[    0.315332] NET: Registered PF_UNIX/PF_LOCAL protocol family
[    0.316160] RPC: Registered named UNIX socket transport module.
[    0.316870] RPC: Registered udp transport module.
[    0.317442] RPC: Registered tcp transport module.
[    0.318018] RPC: Registered tcp NFSv4.1 backchannel transport module.
[    0.318944] pci_bus 0000:00: resource 4 [io  0x0000-0x0cf7 window]
[    0.319682] pci_bus 0000:00: resource 5 [io  0x0d00-0xffff window]
[    0.320459] pci_bus 0000:00: resource 6 [mem 0x000a0000-0x000bffff window]
[    0.321288] pci_bus 0000:00: resource 7 [mem 0x80000000-0xfebfffff window]
[    0.322146] pci_bus 0000:00: resource 8 [mem 0x100000000-0x17fffffff window]
[    0.323013] pci 0000:00:01.0: PIIX3: Enabling Passive Release
[    0.323718] pci 0000:00:00.0: Limiting direct PCI/PCI transfers
[    0.324468] pci 0000:00:01.0: Activating ISA DMA hang workarounds
[    0.325272] pci 0000:00:02.0: Video device with shadowed ROM at [mem 0x000c0000-0x000dffff]
[    0.326301] PCI: CLS 0 bytes, default 64
[    0.328349] unchecked MSR access error: RDMSR from 0xda0 at rIP: 0xffffffffa644859f (kvm_arch_hardware_setup+0xfcf/0x1000)
[    0.329712] Call Trace:
[    0.330020]  ? tsc_khz_changed+0x40/0x40
[    0.330494]  ? raw_notifier_call_chain+0x3f/0x50
[    0.331059]  kvm_init+0x76/0x2f0
[    0.331464]  ? perf_pmu_register+0x15f/0x450
[    0.331985]  ? svm_check_processor_compat+0x3/0x3
[    0.332555]  do_one_initcall+0x3f/0x1b0
[    0.333031]  kernel_init_freeable+0x1bf/0x207
[    0.333550]  ? rest_init+0xb0/0xb0
[    0.333985]  kernel_init+0x11/0x110
[    0.334433]  ret_from_fork+0x22/0x30
[    0.334872] kvm: Nested Virtualization enabled
[    0.335419] SVM: kvm: Nested Paging enabled
[    0.340901] Initialise system trusted keyrings
[    0.341496] workingset: timestamp_bits=56 max_order=19 bucket_order=0
[    0.343095] NFS: Registering the id_resolver key type
[    0.343699] Key type id_resolver registered
[    0.344235] Key type id_legacy registered
[    0.344773] 9p: Installing v9fs 9p2000 file system support
[    0.348639] Key type asymmetric registered
[    0.348647] cryptomgr_test (59) used greatest stack depth: 15096 bytes left
[    0.349138] Asymmetric key parser 'x509' registered
[    0.349144] Block layer SCSI generic (bsg) driver version 0.4 loaded (major 251)
[    0.351817] io scheduler mq-deadline registered
[    0.352397] io scheduler kyber registered
[    0.352982] input: Power Button as /devices/LNXSYSTM:00/LNXPWRBN:00/input/input0
[    0.353931] ACPI: button: Power Button [PWRF]
[    0.354676] Serial: 8250/16550 driver, 4 ports, IRQ sharing enabled
[    0.355584] 00:05: ttyS0 at I/O 0x3f8 (irq = 4, base_baud = 115200) is a 16550A
[    0.356872] Non-volatile memory driver v1.3
[    0.357420] Linux agpgart interface v0.103
[    0.360014] loop: module loaded
[    0.360930] scsi host0: ata_piix
[    0.361442] scsi host1: ata_piix
[    0.361847] ata1: PATA max MWDMA2 cmd 0x1f0 ctl 0x3f6 bmdma 0xc040 irq 14
[    0.362680] ata2: PATA max MWDMA2 cmd 0x170 ctl 0x376 bmdma 0xc048 irq 15
[    0.363614] libphy: Fixed MDIO Bus: probed
[    0.364384] e100: Intel(R) PRO/100 Network Driver
[    0.365068] e100: Copyright(c) 1999-2006 Intel Corporation
[    0.365728] e1000: Intel(R) PRO/1000 Network Driver
[    0.366337] e1000: Copyright (c) 1999-2006 Intel Corporation.
[    0.376883] ACPI: \_SB_.LNKC: Enabled at IRQ 11
[    0.520737] ata1.00: ATA-7: QEMU HARDDISK, 2.5+, max UDMA/100
[    0.521838] ata1.00: 4194304 sectors, multi 16: LBA48 
[    0.523665] ata2.00: ATAPI: QEMU DVD-ROM, 2.5+, max UDMA/100
[    0.525709] scsi 0:0:0:0: Direct-Access     ATA      QEMU HARDDISK    2.5+ PQ: 0 ANSI: 5
[    0.527290] scsi 0:0:0:0: Attached scsi generic sg0 type 0
[    0.528577] scsi 1:0:0:0: CD-ROM            QEMU     QEMU DVD-ROM     2.5+ PQ: 0 ANSI: 5
[    0.530931] sd 0:0:0:0: [sda] 4194304 512-byte logical blocks: (2.15 GB/2.00 GiB)
[    0.532341] sd 0:0:0:0: [sda] Write Protect is off
[    0.533259] sd 0:0:0:0: [sda] Write cache: enabled, read cache: enabled, doesn't support DPO or FUA
[    0.537694] sd 0:0:0:0: [sda] Attached SCSI disk
[    0.652525] sr 1:0:0:0: [sr0] scsi3-mmc drive: 4x/4x cd/rw xa/form2 tray
[    0.653636] cdrom: Uniform CD-ROM driver Revision: 3.20
[    0.676995] e1000 0000:00:03.0 eth0: (PCI:33MHz:32-bit) 52:54:00:12:34:56
[    0.677825] e1000 0000:00:03.0 eth0: Intel(R) PRO/1000 Network Connection
[    0.678656] e1000e: Intel(R) PRO/1000 Network Driver
[    0.679261] e1000e: Copyright(c) 1999 - 2015 Intel Corporation.
[    0.679998] sky2: driver version 1.30
[    0.680758] ehci_hcd: USB 2.0 'Enhanced' Host Controller (EHCI) Driver
[    0.681563] ehci-pci: EHCI PCI platform driver
[    0.681570] ohci_hcd: USB 1.1 'Open' Host Controller (OHCI) Driver
[    0.682539] sr 1:0:0:0: Attached scsi generic sg1 type 5
[    0.683137] ohci-pci: OHCI PCI platform driver
[    0.684669] uhci_hcd: USB Universal Host Controller Interface driver
[    0.685471] usbcore: registered new interface driver usblp
[    0.686166] usbcore: registered new interface driver usb-storage
[    0.686919] i8042: PNP: PS/2 Controller [PNP0303:KBD,PNP0f13:MOU] at 0x60,0x64 irq 1,12
[    0.688402] serio: i8042 KBD port at 0x60,0x64 irq 1
[    0.688988] serio: i8042 AUX port at 0x60,0x64 irq 12
[    0.689803] rtc_cmos 00:00: RTC can wake from S4
[    0.690799] input: AT Translated Set 2 keyboard as /devices/platform/i8042/serio0/input/input1
[    0.693154] rtc_cmos 00:00: registered as rtc0
[    0.693701] rtc_cmos 00:00: alarms up to one day, y3k, 114 bytes nvram, hpet irqs
[    0.694753] device-mapper: ioctl: 4.45.0-ioctl (2021-03-22) initialised: dm-devel@redhat.com
[    0.695824] hid: raw HID events driver (C) Jiri Kosina
[    0.696533] usbcore: registered new interface driver usbhid
[    0.697230] usbhid: USB HID core driver
[    0.697930] Initializing XFRM netlink socket
[    0.698504] NET: Registered PF_INET6 protocol family
[    0.699280] Segment Routing with IPv6
[    0.699735] In-situ OAM (IOAM) with IPv6
[    0.700254] sit: IPv6, IPv4 and MPLS over IPv4 tunneling driver
[    0.701041] NET: Registered PF_PACKET protocol family
[    0.701663] 9pnet: Installing 9P2000 support
[    0.702207] Key type dns_resolver registered
[    0.702884] IPI shorthand broadcast: enabled
[    0.703471] sched_clock: Marking stable (693800775, 9659388)->(724044857, -20584694)
[    0.704522] registered taskstats version 1
[    0.705025] Loading compiled-in X.509 certificates
[    0.705816] PM:   Magic number: 5:253:659
[    0.706401] printk: console [netcon0] enabled
[    0.706924] netconsole: network logging started
[    0.707556] cfg80211: Loading compiled-in X.509 certificates for regulatory database
[    0.708639] kworker/u4:1 (71) used greatest stack depth: 14776 bytes left
[    0.709757] cfg80211: Loaded X.509 cert 'sforshee: 00b28ddf47aef9cea7'
[    0.710578] ALSA device list:
[    0.710936]   No soundcards found.
[    0.711602] platform regulatory.0: Direct firmware load for regulatory.db failed with error -2
[    0.712671] cfg80211: failed to load regulatory.db
[    1.312722] input: ImExPS/2 Generic Explorer Mouse as /devices/platform/i8042/serio1/input/input3
[    1.313937] md: Waiting for all devices to be available before autodetect
[    1.314760] md: If you don't use raid, use raid=noautodetect
[    1.315442] md: Autodetecting RAID arrays.
[    1.315942] md: autorun ...
[    1.316294] md: ... autorun DONE.
[    1.318836] EXT4-fs (sda): INFO: recovery required on readonly filesystem
[    1.319692] EXT4-fs (sda): write access will be enabled during recovery
[    1.342842] random: fast init done
[    1.452337] EXT4-fs (sda): recovery complete
[    1.453637] EXT4-fs (sda): mounted filesystem with ordered data mode. Opts: (null). Quota mode: none.
[    1.454686] VFS: Mounted root (ext4 filesystem) readonly on device 8:0.
[    1.455619] devtmpfs: mounted
[    1.456165] Freeing unused kernel image (initmem) memory: 1376K
[    1.456843] Write protecting the kernel read-only data: 22528k
[    1.457825] Freeing unused kernel image (text/rodata gap) memory: 2028K
[    1.458635] Freeing unused kernel image (rodata/data gap) memory: 288K
[    1.459383] Run /sbin/init as init process
[    1.511432] SELinux:  Permission getrlimit in class process not defined in policy.
[    1.512348] SELinux:  Class process2 not defined in policy.
[    1.512975] SELinux:  Permission watch in class filesystem not defined in policy.
[    1.513813] SELinux:  Permission map in class file not defined in policy.
[    1.514577] SELinux:  Permission watch in class file not defined in policy.
[    1.515356] SELinux:  Permission watch_mount in class file not defined in policy.
[    1.516179] SELinux:  Permission watch_sb in class file not defined in policy.
[    1.516965] SELinux:  Permission watch_with_perm in class file not defined in policy.
[    1.517839] SELinux:  Permission watch_reads in class file not defined in policy.
[    1.518681] SELinux:  Permission map in class dir not defined in policy.
[    1.519453] SELinux:  Permission watch in class dir not defined in policy.
[    1.520243] SELinux:  Permission watch_mount in class dir not defined in policy.
[    1.521055] SELinux:  Permission watch_sb in class dir not defined in policy.
[    1.521844] SELinux:  Permission watch_with_perm in class dir not defined in policy.
[    1.522703] SELinux:  Permission watch_reads in class dir not defined in policy.
[    1.523524] SELinux:  Permission map in class lnk_file not defined in policy.
[    1.524327] SELinux:  Permission watch in class lnk_file not defined in policy.
[    1.525156] SELinux:  Permission watch_mount in class lnk_file not defined in policy.
[    1.526038] SELinux:  Permission watch_sb in class lnk_file not defined in policy.
[    1.526877] SELinux:  Permission watch_with_perm in class lnk_file not defined in policy.
[    1.527783] SELinux:  Permission watch_reads in class lnk_file not defined in policy.
[    1.528660] SELinux:  Permission map in class chr_file not defined in policy.
[    1.529450] SELinux:  Permission watch in class chr_file not defined in policy.
[    1.530262] SELinux:  Permission watch_mount in class chr_file not defined in policy.
[    1.531149] SELinux:  Permission watch_sb in class chr_file not defined in policy.
[    1.531996] SELinux:  Permission watch_with_perm in class chr_file not defined in policy.
[    1.532891] SELinux:  Permission watch_reads in class chr_file not defined in policy.
[    1.533775] SELinux:  Permission map in class blk_file not defined in policy.
[    1.534586] SELinux:  Permission watch in class blk_file not defined in policy.
[    1.535403] SELinux:  Permission watch_mount in class blk_file not defined in policy.
[    1.536283] SELinux:  Permission watch_sb in class blk_file not defined in policy.
[    1.537154] SELinux:  Permission watch_with_perm in class blk_file not defined in policy.
[    1.538068] SELinux:  Permission watch_reads in class blk_file not defined in policy.
[    1.538943] SELinux:  Permission map in class sock_file not defined in policy.
[    1.539762] SELinux:  Permission watch in class sock_file not defined in policy.
[    1.540596] SELinux:  Permission watch_mount in class sock_file not defined in policy.
[    1.541470] SELinux:  Permission watch_sb in class sock_file not defined in policy.
[    1.542319] SELinux:  Permission watch_with_perm in class sock_file not defined in policy.
[    1.543241] SELinux:  Permission watch_reads in class sock_file not defined in policy.
[    1.544133] SELinux:  Permission map in class fifo_file not defined in policy.
[    1.544930] SELinux:  Permission watch in class fifo_file not defined in policy.
[    1.545753] SELinux:  Permission watch_mount in class fifo_file not defined in policy.
[    1.546645] SELinux:  Permission watch_sb in class fifo_file not defined in policy.
[    1.547507] SELinux:  Permission watch_with_perm in class fifo_file not defined in policy.
[    1.548441] SELinux:  Permission watch_reads in class fifo_file not defined in policy.
[    1.549327] SELinux:  Permission map in class socket not defined in policy.
[    1.550122] SELinux:  Permission map in class tcp_socket not defined in policy.
[    1.550917] SELinux:  Permission map in class udp_socket not defined in policy.
[    1.551718] SELinux:  Permission map in class rawip_socket not defined in policy.
[    1.552540] SELinux:  Permission map in class netlink_socket not defined in policy.
[    1.553377] SELinux:  Permission map in class packet_socket not defined in policy.
[    1.554231] SELinux:  Permission map in class key_socket not defined in policy.
[    1.555051] SELinux:  Permission map in class unix_stream_socket not defined in policy.
[    1.555941] SELinux:  Permission map in class unix_dgram_socket not defined in policy.
[    1.556828] SELinux:  Permission map in class netlink_route_socket not defined in policy.
[    1.557742] SELinux:  Permission map in class netlink_tcpdiag_socket not defined in policy.
[    1.558656] SELinux:  Permission map in class netlink_nflog_socket not defined in policy.
[    1.559572] SELinux:  Permission map in class netlink_xfrm_socket not defined in policy.
[    1.560468] SELinux:  Permission map in class netlink_selinux_socket not defined in policy.
[    1.561408] SELinux:  Permission map in class netlink_iscsi_socket not defined in policy.
[    1.562303] SELinux:  Permission map in class netlink_audit_socket not defined in policy.
[    1.563226] SELinux:  Permission map in class netlink_fib_lookup_socket not defined in policy.
[    1.564177] SELinux:  Permission map in class netlink_connector_socket not defined in policy.
[    1.565114] SELinux:  Permission map in class netlink_netfilter_socket not defined in policy.
[    1.566070] SELinux:  Permission map in class netlink_dnrt_socket not defined in policy.
[    1.566958] SELinux:  Permission map in class netlink_kobject_uevent_socket not defined in policy.
[    1.567953] SELinux:  Permission map in class netlink_generic_socket not defined in policy.
[    1.568889] SELinux:  Permission map in class netlink_scsitransport_socket not defined in policy.
[    1.569870] SELinux:  Permission map in class netlink_rdma_socket not defined in policy.
[    1.570786] SELinux:  Permission map in class netlink_crypto_socket not defined in policy.
[    1.571709] SELinux:  Permission map in class appletalk_socket not defined in policy.
[    1.572600] SELinux:  Permission map in class dccp_socket not defined in policy.
[    1.573437] SELinux:  Permission perfmon in class capability2 not defined in policy.
[    1.574291] SELinux:  Permission bpf in class capability2 not defined in policy.
[    1.575101] SELinux:  Permission checkpoint_restore in class capability2 not defined in policy.
[    1.576076] SELinux:  Permission map in class tun_socket not defined in policy.
[    1.576878] SELinux:  Permission perfmon in class cap2_userns not defined in policy.
[    1.577732] SELinux:  Permission bpf in class cap2_userns not defined in policy.
[    1.578553] SELinux:  Permission checkpoint_restore in class cap2_userns not defined in policy.
[    1.579514] SELinux:  Class sctp_socket not defined in policy.
[    1.580199] SELinux:  Class icmp_socket not defined in policy.
[    1.580846] SELinux:  Class ax25_socket not defined in policy.
[    1.581518] SELinux:  Class ipx_socket not defined in policy.
[    1.582169] SELinux:  Class netrom_socket not defined in policy.
[    1.582849] SELinux:  Class atmpvc_socket not defined in policy.
[    1.583525] SELinux:  Class x25_socket not defined in policy.
[    1.584180] SELinux:  Class rose_socket not defined in policy.
[    1.584834] SELinux:  Class decnet_socket not defined in policy.
[    1.585520] SELinux:  Class atmsvc_socket not defined in policy.
[    1.586188] SELinux:  Class rds_socket not defined in policy.
[    1.586820] SELinux:  Class irda_socket not defined in policy.
[    1.587471] SELinux:  Class pppox_socket not defined in policy.
[    1.588141] SELinux:  Class llc_socket not defined in policy.
[    1.588783] SELinux:  Class can_socket not defined in policy.
[    1.589427] SELinux:  Class tipc_socket not defined in policy.
[    1.590096] SELinux:  Class bluetooth_socket not defined in policy.
[    1.590774] SELinux:  Class iucv_socket not defined in policy.
[    1.591435] SELinux:  Class rxrpc_socket not defined in policy.
[    1.592115] SELinux:  Class isdn_socket not defined in policy.
[    1.592786] SELinux:  Class phonet_socket not defined in policy.
[    1.593467] SELinux:  Class ieee802154_socket not defined in policy.
[    1.594174] SELinux:  Class caif_socket not defined in policy.
[    1.594814] SELinux:  Class alg_socket not defined in policy.
[    1.595455] SELinux:  Class nfc_socket not defined in policy.
[    1.596102] SELinux:  Class vsock_socket not defined in policy.
[    1.596761] SELinux:  Class kcm_socket not defined in policy.
[    1.597402] SELinux:  Class qipcrtr_socket not defined in policy.
[    1.598091] SELinux:  Class smc_socket not defined in policy.
[    1.598732] SELinux:  Class infiniband_pkey not defined in policy.
[    1.599432] SELinux:  Class infiniband_endport not defined in policy.
[    1.600157] SELinux:  Class bpf not defined in policy.
[    1.600719] SELinux:  Class xdp_socket not defined in policy.
[    1.601367] SELinux:  Class mctp_socket not defined in policy.
[    1.602048] SELinux:  Class perf_event not defined in policy.
[    1.602675] SELinux:  Class lockdown not defined in policy.
[    1.603297] SELinux:  Class anon_inode not defined in policy.
[    1.603960] SELinux: the above unknown classes and permissions will be allowed
[    1.606733] SELinux:  policy capability network_peer_controls=1
[    1.607436] SELinux:  policy capability open_perms=1
[    1.608010] SELinux:  policy capability extended_socket_class=0
[    1.608659] SELinux:  policy capability always_check_network=0
[    1.609326] SELinux:  policy capability cgroup_seclabel=0
[    1.609927] SELinux:  policy capability nnp_nosuid_transition=0
[    1.610579] SELinux:  policy capability genfs_seclabel_symlinks=0
[    1.627032] audit: type=1403 audit(1632789596.785:2): auid=4294967295 ses=4294967295 lsm=selinux res=1
[    1.627912] systemd[1]: Successfully loaded SELinux policy in 137.938ms.
[    1.634961] audit: type=1400 audit(1632789596.792:3): avc:  denied  { associate } for  pid=1 comm="systemd" name="pts" scontext=system_u:object_r:devpts_t:s0 tcontext=system_u:object_r:device_t:s0 tclass=filesystem permissive=1
[    1.637862] systemd[1]: Relabelled /dev and /run in 2.442ms.
[    1.640007] random: systemd: uninitialized urandom read (16 bytes read)
[    1.650103] systemd[1]: systemd 232 running in system mode. (+PAM +AUDIT +SELINUX +IMA +APPARMOR +SMACK +SYSVINIT +UTMP +LIBCRYPTSETUP +GCRYPT +GNUTLS +ACL +XZ +LZ4 +SECCOMP +BLKID +ELFUTILS +KMOD +IDN)
[    1.652169] systemd[1]: Detected virtualization qemu.
[    1.652734] systemd[1]: Detected architecture x86-64.

Welcome to [1mDebian GNU/Linux 9 (stretch)[0m!

[    1.654231] systemd[1]: Set hostname to <syzkaller>.
[    1.658094] random: systemd: uninitialized urandom read (16 bytes read)
[    1.659448] random: systemd: uninitialized urandom read (16 bytes read)
[    1.660323] systemd-gpt-aut (79) used greatest stack depth: 14160 bytes left
[    1.663706] systemd-system- (82) used greatest stack depth: 14152 bytes left
[    1.666524] systemd-rc-loca (88) used greatest stack depth: 14032 bytes left
[    1.670398] selinuxenabled (89) used greatest stack depth: 13568 bytes left
[    1.701246] systemd[1]: Reached target Remote File Systems.
[[0;32m  OK  [0m] Reached target Remote File Systems.
[    1.702809] systemd[1]: Set up automount Arbitrary Executable File Formats File System Automount Point.
[[0;32m  OK  [0m] Set up automount Arbitrary Executabâ€¦rmats File System Automount Point.
[    1.705107] systemd[1]: Listening on Journal Socket.
[[0;32m  OK  [0m] Listening on Journal Socket.
[    1.706311] systemd[1]: Listening on Journal Audit Socket.
[    1.706326] audit: type=1400 audit(1632789596.864:4): avc:  denied  { audit_read } for  pid=1 comm="systemd" capability=37  scontext=system_u:system_r:kernel_t:s0 tcontext=system_u:system_r:kernel_t:s0 tclass=capability2 permissive=1
[[0;32m  OK  [0m] Listening on Journal Audit Socket.
[    1.710058] systemd[1]: Started Forward Password Requests to Wall Directory Watch.
[[0;32m  OK  [0m] Started Forward Password Requests to Wall Directory Watch.
[    1.711652] systemd[1]: Listening on Syslog Socket.
[[0;32m  OK  [0m] Listening on Syslog Socket.
[[0;32m  OK  [0m] Reached target Swap.
[[0;32m  OK  [0m] Created slice System Slice.
         Mounting /proc/sys/fs/binfmt_misc...
         Mounting /sys/kernel/config...
         Starting Create Static Device Nodes in /dev...
[[0;32m  OK  [0m] Created slice system-getty.slice.
         Starting Load Kernel Modules...
[[0;32m  OK  [0m] Listening on /dev/initctl Compatibility Named Pipe.
[[0;32m  OK  [0m] Started Dispatch Password Requests to Console Directory Watch.
[[0;32m  OK  [0m] Reached target Paths.
[[0;32m  OK  [0m] Reached target Encrypted Volumes.
         Mounting POSIX Message Queue File System...
[[0;32m  OK  [0m] Listening on udev Kernel Socket.
[[0;32m  OK  [0m] Created slice system-serial\x2dgetty.slice.
[[0;32m  OK  [0m] Listening on Journal Socket (/dev/log).
         Starting Journal Service...
         Mounting /sys/kernel/debug...
[[0;32m  OK  [0m] Listening on udev Control Socket.
[[0;32m  OK  [0m] Reached target Sockets.
[[0;32m  OK  [0m] Reached target Slices.
         Starting Remount Root and Kernel File Systems...
[[0;32m  OK  [0m] Mounted POSIX Message Queue File System.
[[0;32m  OK  [0m] Mounted /sys/kernel/config.
[[0;32m  OK  [0m] Mounted /proc/sys/fs/binfmt_misc.
[[0;32m  OK  [0m] Started Load Kernel Modules.
         Starting Apply Kernel Variables...
[[0;32m  OK  [0m] Mounted /sys/kernel/debug.
[[0;32m  OK  [0m] Started Apply Kernel Variables.
[    1.741821] EXT4-fs (sda): re-mounted. Opts: (null). Quota mode: none.
[    1.745208] systemd-remount[101]: segfault at 222e0 ip 00000000000222e0 sp 00007ffef1290e08 error 14 in systemd-remount-fs[562f6d098000+3000]
[    1.746702] Code: Unable to access opcode bytes at RIP 0x222b6.
[[0;1;31mFAILED[0m] Failed to start Remount Root and Kernel File Systems.
See 'systemctl status systemd-remount-fs.service' for details.
         Starting Load/Save Random Seed...
         Starting udev Coldplug all Devices...
[[0;32m  OK  [0m] Started Create Static Device Nodes in /dev.
[[0;32m  OK  [0m] Started Load/Save Random Seed.
         Starting udev Kernel Device Manager...
[[0;32m  OK  [0m] Reached target Local File Systems (Pre).
[[0;32m  OK  [0m] Reached target Local File Systems.
         Starting Raise network interfaces...
[[0;32m  OK  [0m] Started Journal Service.
         Startin[    1.771096] udevadm (111) used greatest stack depth: 13472 bytes left
g Flush Journal to Persistent Storage...
[[0;32m  OK  [0m] Started udev Coldplug all Devices.
[    1.804623] ifquery (116) used greatest stack depth: 13360 bytes left
[    1.809773] audit: type=1107 audit(1632789596.967:5): pid=1 uid=0 auid=4294967295 ses=4294967295 subj=system_u:system_r:kernel_t:s0 msg='avc:  denied  { stop } for auid=n/a uid=0 gid=0 path="/lib/systemd/system/systemd-journald.service" cmdline="/bin/journalctl --flush" scontext=system_u:system_r:kernel_t:s0 tcontext=system_u:object_r:unlabeled_t:s0 tclass=service
[    1.809773]  exe="/lib/systemd/systemd" sauid=0 hostname=? addr=? terminal=?'
[    1.810105] systemd-journald[98]: Received request to flush runtime journal from PID 1
[[0;32m  OK  [0m] Started udev Kernel Device Manager.
[[0;32m  OK  [0m] Started Flush Journal to Persistent Storage.
         Starting Create Volatile Files and Directories...
[[0;32m  OK  [0m] Found device /dev/ttyS0.
[[0;32m  OK  [0m] Started Create Volatile Files and Directories.
         Starting Network Time Synchronization...
         Starting Update UTMP about System Boot/Shutdown...
[[0;32m  OK  [0m] Listening on Load/Save RF Kill Switch Status /dev/rfkill Watch.
[[0;32m  OK  [0m] Started Update UTMP about System Boot/Shutdown.
[[0;32m  OK  [0m] Started Network Time Synchronization.
[[0;32m  OK  [0m] Reached target System Time Synchronized.
[[0;32m  OK  [0m] Reached target System Initialization.
[[0;32m  OK  [0m] Reached target Basic System.
         Starting System Logging Service...
[[0;32m  OK  [0m] Started Regular background program processing daemon.
         Starting getty on tty2-tty6 if dbus and logind are not available...
[[0;32m  OK  [0m] Started Daily apt download activities.
[[0;32m  OK  [0m] Started Daily apt upgrade and clean activities.
[[0;32m  OK  [0m] Started Daily Cleanup of Temporary Directories.
[[0;32m  OK  [0m] Reached target Timers.
[    1.941379] audit: type=1107 audit(1632789597.099:6): pid=1 uid=0 auid=4294967295 ses=4294967295 subj=system_u:system_r:kernel_t:s0 msg='avc:  denied  { start } for auid=n/a uid=0 gid=0 path="/lib/systemd/system/getty@.service" cmdline="/bin/systemctl --no-block start getty@tty2.service getty@tty3.service getty@tty4.service getty@tty5.service getty@tty6.service" scontext=system_u:system_r:kernel_t:s0 tcontext=system_u:object_r:unlabeled_t:s0 tclass=service
[    1.941379]  exe="/lib/systemd/systemd" sauid=0 hostname=? addr=? terminal=?'
[    1.948594] audit: type=1107 audit(1632789597.106:7): pid=1 uid=0 auid=4294967295 ses=4294967295 subj=system_u:system_r:kernel_t:s0 msg='avc:  denied  { status } for auid=n/a uid=0 gid=0 path="/lib/systemd/system/getty@.service" cmdline="/bin/systemctl --no-block start getty@tty2.service getty@tty3.service getty@tty4.service getty@tty5.service getty@tty6.service" scontext=system_u:system_r:kernel_t:s0 tcontext=system_u:object_r:unlabeled_t:s0 tclass=service
[    1.948594]  exe="/lib/systemd/systemd" sauid=0 hostname=? addr=? terminal=?'
[    1.957765] systemctl (167) used greatest stack depth: 13264 bytes left
[[0;32m  OK  [0m] Started System Logging Service.
[[0;32m  OK  [0m] Started getty on tty2-tty6 if dbus and logind are not available.
[    2.036727] ip (201) used greatest stack depth: 12440 bytes left
[    2.038146] e1000: eth0 NIC Link is Up 1000 Mbps Full Duplex, Flow Control: RX
[    2.039511] IPv6: ADDRCONF(NETDEV_CHANGE): eth0: link becomes ready
[    3.041692] dhclient-script[203]: segfault at 74b60 ip 0000000000074b60 sp 00007ffc6057b4c8 error 14 in dash[55f98f400000+1b000]
[    3.043407] Code: Unable to access opcode bytes at RIP 0x74b36.
[[0;32m  OK  [0m] Started Raise network interfaces.
[[0;32m  OK  [0m] Reached target Network.
         Starting OpenBSD Secure Shell server...
         Starting Permit User Sessions...
[[0;32m  OK  [0m] Started Permit User Sessions.
[[0;32m  OK  [0m] Started Getty on tty2.
[[0;32m  OK  [0m] Started Getty on tty3.
[[0;32m  OK  [0m] Started Serial Getty on ttyS0.
[[0;32m  OK  [0m] Started Getty on tty4.
[[0;32m  OK  [0m] Started Getty on tty1.
[[0;32m  OK  [0m] Started Getty on tty5.
[[0;32m  OK  [0m] Started Getty on tty6.
[[0;32m  OK  [0m] Reached target Login Prompts.
[[0;32m  OK  [0m] Started OpenBSD Secure Shell server.
[[0;32m  OK  [0m] Reached target Multi-User System.
[[0;32m  OK  [0m] Reached target Graphical Interface.
         Starting Update UTMP about System Runlevel Changes...
[[0;32m  OK  [0m] Started Update UTMP about System Runlevel Changes.

Debian GNU/Linux 9 syzkaller ttyS0

syzkaller login: root
Unable to get valid context for root
Last login: Tue Sep 28 00:07:48 UTC 2021 on ttyS0
Linux syzkaller 5.14.0-rc7-mm1+ #6 SMP Mon Sep 27 20:05:38 EDT 2021 x86_64

The programs included with the Debian GNU/Linux system are free software;
the exact distribution terms for each program are described in the
individual files in /usr/share/doc/*/copyright.

Debian GNU/Linux comes with ABSOLUTELY NO WARRANTY, to the extent
permitted by applicable law.
root@syzkaller:~# cd kvm-samples/
root@syzkaller:~/kvm-samples# sl  cd ../kvm-hello-world/
root@syzkaller:~/kvm-hello-world# [   14.280638] random: crng init done
[   14.281214] random: 7 urandom warning(s) missed due to ratelimiting
ls
CONTRIBUTORS  guest.c	 guest32.img	guest64.img.o	   kvm-hello-world.o
LICENSE-MIT   guest.ld	 guest32.img.o	guest64.o	   payload.ld
Makefile      guest16.o  guest32.o	kvm-hello-world    payload.o
README.md     guest16.s  guest64.img	kvm-hello-world.c
root@syzkaller:~/kvm-hello-world# make
./kvm-hello-world
Testing real mode
./kvm-hello-world -s
Testing protected mode
Hello, world!
./kvm-hello-world -p
Testing 32-bit paging
Hello, world!
./kvm-hello-world -l
Testing 64-bit mode
Hello, world!
root@syzkaller:~/kvm-hello-world# cd    